Archive member included to satisfy reference by file (symbol)

C:/Program Files (x86)/Arm GNU Toolchain arm-none-eabi/13.2 Rel1/bin/../lib/gcc/arm-none-eabi/13.2.1/thumb/v7-m/nofp\libc_nano.a(libc_a-exit.o)
                              C:/Program Files (x86)/Arm GNU Toolchain arm-none-eabi/13.2 Rel1/bin/../lib/gcc/arm-none-eabi/13.2.1/thumb/v7-m/nofp/crt0.o (exit)
C:/Program Files (x86)/Arm GNU Toolchain arm-none-eabi/13.2 Rel1/bin/../lib/gcc/arm-none-eabi/13.2.1/thumb/v7-m/nofp\libc_nano.a(libc_a-findfp.o)
                              C:/Program Files (x86)/Arm GNU Toolchain arm-none-eabi/13.2 Rel1/bin/../lib/gcc/arm-none-eabi/13.2.1/thumb/v7-m/nofp\libc_nano.a(libc_a-exit.o) (__stdio_exit_handler)
C:/Program Files (x86)/Arm GNU Toolchain arm-none-eabi/13.2 Rel1/bin/../lib/gcc/arm-none-eabi/13.2.1/thumb/v7-m/nofp\libc_nano.a(libc_a-fwalk.o)
                              C:/Program Files (x86)/Arm GNU Toolchain arm-none-eabi/13.2 Rel1/bin/../lib/gcc/arm-none-eabi/13.2.1/thumb/v7-m/nofp\libc_nano.a(libc_a-findfp.o) (_fwalk_sglue)
C:/Program Files (x86)/Arm GNU Toolchain arm-none-eabi/13.2 Rel1/bin/../lib/gcc/arm-none-eabi/13.2.1/thumb/v7-m/nofp\libc_nano.a(libc_a-puts.o)
                              build/main.o (puts)
C:/Program Files (x86)/Arm GNU Toolchain arm-none-eabi/13.2 Rel1/bin/../lib/gcc/arm-none-eabi/13.2.1/thumb/v7-m/nofp\libc_nano.a(libc_a-stdio.o)
                              C:/Program Files (x86)/Arm GNU Toolchain arm-none-eabi/13.2 Rel1/bin/../lib/gcc/arm-none-eabi/13.2.1/thumb/v7-m/nofp\libc_nano.a(libc_a-findfp.o) (__sread)
C:/Program Files (x86)/Arm GNU Toolchain arm-none-eabi/13.2 Rel1/bin/../lib/gcc/arm-none-eabi/13.2.1/thumb/v7-m/nofp\libc_nano.a(libc_a-wbuf.o)
                              C:/Program Files (x86)/Arm GNU Toolchain arm-none-eabi/13.2 Rel1/bin/../lib/gcc/arm-none-eabi/13.2.1/thumb/v7-m/nofp\libc_nano.a(libc_a-puts.o) (__swbuf_r)
C:/Program Files (x86)/Arm GNU Toolchain arm-none-eabi/13.2 Rel1/bin/../lib/gcc/arm-none-eabi/13.2.1/thumb/v7-m/nofp\libc_nano.a(libc_a-wsetup.o)
                              C:/Program Files (x86)/Arm GNU Toolchain arm-none-eabi/13.2 Rel1/bin/../lib/gcc/arm-none-eabi/13.2.1/thumb/v7-m/nofp\libc_nano.a(libc_a-puts.o) (__swsetup_r)
C:/Program Files (x86)/Arm GNU Toolchain arm-none-eabi/13.2 Rel1/bin/../lib/gcc/arm-none-eabi/13.2.1/thumb/v7-m/nofp\libc_nano.a(libc_a-memset.o)
                              C:/Program Files (x86)/Arm GNU Toolchain arm-none-eabi/13.2 Rel1/bin/../lib/gcc/arm-none-eabi/13.2.1/thumb/v7-m/nofp/crt0.o (memset)
C:/Program Files (x86)/Arm GNU Toolchain arm-none-eabi/13.2 Rel1/bin/../lib/gcc/arm-none-eabi/13.2.1/thumb/v7-m/nofp\libc_nano.a(libc_a-closer.o)
                              C:/Program Files (x86)/Arm GNU Toolchain arm-none-eabi/13.2 Rel1/bin/../lib/gcc/arm-none-eabi/13.2.1/thumb/v7-m/nofp\libc_nano.a(libc_a-stdio.o) (_close_r)
C:/Program Files (x86)/Arm GNU Toolchain arm-none-eabi/13.2 Rel1/bin/../lib/gcc/arm-none-eabi/13.2.1/thumb/v7-m/nofp\libc_nano.a(libc_a-reent.o)
                              C:/Program Files (x86)/Arm GNU Toolchain arm-none-eabi/13.2 Rel1/bin/../lib/gcc/arm-none-eabi/13.2.1/thumb/v7-m/nofp\libc_nano.a(libc_a-closer.o) (errno)
C:/Program Files (x86)/Arm GNU Toolchain arm-none-eabi/13.2 Rel1/bin/../lib/gcc/arm-none-eabi/13.2.1/thumb/v7-m/nofp\libc_nano.a(libc_a-impure.o)
                              C:/Program Files (x86)/Arm GNU Toolchain arm-none-eabi/13.2 Rel1/bin/../lib/gcc/arm-none-eabi/13.2.1/thumb/v7-m/nofp\libc_nano.a(libc_a-puts.o) (_impure_ptr)
C:/Program Files (x86)/Arm GNU Toolchain arm-none-eabi/13.2 Rel1/bin/../lib/gcc/arm-none-eabi/13.2.1/thumb/v7-m/nofp\libc_nano.a(libc_a-lseekr.o)
                              C:/Program Files (x86)/Arm GNU Toolchain arm-none-eabi/13.2 Rel1/bin/../lib/gcc/arm-none-eabi/13.2.1/thumb/v7-m/nofp\libc_nano.a(libc_a-stdio.o) (_lseek_r)
C:/Program Files (x86)/Arm GNU Toolchain arm-none-eabi/13.2 Rel1/bin/../lib/gcc/arm-none-eabi/13.2.1/thumb/v7-m/nofp\libc_nano.a(libc_a-readr.o)
                              C:/Program Files (x86)/Arm GNU Toolchain arm-none-eabi/13.2 Rel1/bin/../lib/gcc/arm-none-eabi/13.2.1/thumb/v7-m/nofp\libc_nano.a(libc_a-stdio.o) (_read_r)
C:/Program Files (x86)/Arm GNU Toolchain arm-none-eabi/13.2 Rel1/bin/../lib/gcc/arm-none-eabi/13.2.1/thumb/v7-m/nofp\libc_nano.a(libc_a-writer.o)
                              C:/Program Files (x86)/Arm GNU Toolchain arm-none-eabi/13.2 Rel1/bin/../lib/gcc/arm-none-eabi/13.2.1/thumb/v7-m/nofp\libc_nano.a(libc_a-stdio.o) (_write_r)
C:/Program Files (x86)/Arm GNU Toolchain arm-none-eabi/13.2 Rel1/bin/../lib/gcc/arm-none-eabi/13.2.1/thumb/v7-m/nofp\libc_nano.a(libc_a-init.o)
                              C:/Program Files (x86)/Arm GNU Toolchain arm-none-eabi/13.2 Rel1/bin/../lib/gcc/arm-none-eabi/13.2.1/thumb/v7-m/nofp/crt0.o (__libc_init_array)
C:/Program Files (x86)/Arm GNU Toolchain arm-none-eabi/13.2 Rel1/bin/../lib/gcc/arm-none-eabi/13.2.1/thumb/v7-m/nofp\libc_nano.a(libc_a-lock.o)
[...]
Memory Configuration

Name             Origin             Length             Attributes
RAM              0x20000000         0x00014000         xrw
FLASH            0x08000000         0x00080000         xr
*default*        0x00000000         0xffffffff

Linker script and memory map

LOAD C:/Program Files (x86)/Arm GNU Toolchain arm-none-eabi/13.2 Rel1/bin/../lib/gcc/arm-none-eabi/13.2.1/thumb/v7-m/nofp/crti.o
LOAD C:/Program Files (x86)/Arm GNU Toolchain arm-none-eabi/13.2 Rel1/bin/../lib/gcc/arm-none-eabi/13.2.1/thumb/v7-m/nofp/crtbegin.o
LOAD C:/Program Files (x86)/Arm GNU Toolchain arm-none-eabi/13.2 Rel1/bin/../lib/gcc/arm-none-eabi/13.2.1/thumb/v7-m/nofp/crt0.o
LOAD build/main.o
LOAD build/stm32l1xx_it.o
LOAD build/stm32l1xx_hal_msp.o
LOAD build/stm32l1xx_hal_adc.o
LOAD build/stm32l1xx_hal_adc_ex.o
LOAD build/stm32l1xx_hal.o
LOAD build/stm32l1xx_hal_rcc.o
LOAD build/stm32l1xx_hal_rcc_ex.o
LOAD build/stm32l1xx_hal_flash.o
LOAD build/stm32l1xx_hal_flash_ex.o
LOAD build/stm32l1xx_hal_flash_ramfunc.o
LOAD build/stm32l1xx_hal_gpio.o
LOAD build/stm32l1xx_hal_dma.o
LOAD build/stm32l1xx_hal_pwr.o
LOAD build/stm32l1xx_hal_pwr_ex.o
LOAD build/stm32l1xx_hal_cortex.o
LOAD build/stm32l1xx_hal_exti.o
LOAD build/stm32l1xx_hal_spi.o
LOAD build/stm32l1xx_hal_tim.o
LOAD build/stm32l1xx_hal_tim_ex.o
LOAD build/stm32l1xx_hal_uart.o
LOAD build/system_stm32l1xx.o
LOAD build/startup_stm32l152xe.o
LOAD C:/Program Files (x86)/Arm GNU Toolchain arm-none-eabi/13.2 Rel1/bin/../lib/gcc/arm-none-eabi/13.2.1/thumb/v7-m/nofp\libc_nano.a
LOAD C:/Program Files (x86)/Arm GNU Toolchain arm-none-eabi/13.2 Rel1/bin/../lib/gcc/arm-none-eabi/13.2.1/thumb/v7-m/nofp\libm.a
LOAD C:/Program Files (x86)/Arm GNU Toolchain arm-none-eabi/13.2 Rel1/bin/../lib/gcc/arm-none-eabi/13.2.1/thumb/v7-m/nofp\libnosys.a
START GROUP
LOAD C:/Program Files (x86)/Arm GNU Toolchain arm-none-eabi/13.2 Rel1/bin/../lib/gcc/arm-none-eabi/13.2.1/thumb/v7-m/nofp\libgcc.a
LOAD C:/Program Files (x86)/Arm GNU Toolchain arm-none-eabi/13.2 Rel1/bin/../lib/gcc/arm-none-eabi/13.2.1/thumb/v7-m/nofp\libc_nano.a
END GROUP
START GROUP
LOAD C:/Program Files (x86)/Arm GNU Toolchain arm-none-eabi/13.2 Rel1/bin/../lib/gcc/arm-none-eabi/13.2.1/thumb/v7-m/nofp\libgcc.a
LOAD C:/Program Files (x86)/Arm GNU Toolchain arm-none-eabi/13.2 Rel1/bin/../lib/gcc/arm-none-eabi/13.2.1/thumb/v7-m/nofp\libc_nano.a
END GROUP
LOAD C:/Program Files (x86)/Arm GNU Toolchain arm-none-eabi/13.2 Rel1/bin/../lib/gcc/arm-none-eabi/13.2.1/thumb/v7-m/nofp/crtend.o
LOAD C:/Program Files (x86)/Arm GNU Toolchain arm-none-eabi/13.2 Rel1/bin/../lib/gcc/arm-none-eabi/13.2.1/thumb/v7-m/nofp/crtn.o
                0x20014000                        _estack = (ORIGIN (RAM) + LENGTH (RAM))
                0x00000200                        _Min_Heap_Size = 0x200
                0x00000400                        _Min_Stack_Size = 0x400

.isr_vector     0x08000000      0x13c
                0x08000000                        . = ALIGN (0x4)
 *(.isr_vector)
 .isr_vector    0x08000000      0x13c build/startup_stm32l152xe.o
                0x08000000                g_pfnVectors
                0x0800013c                        . = ALIGN (0x4)

.text           0x0800013c     0x3e6c
                0x0800013c                        . = ALIGN (0x4)
 *(.text)
 .text          0x0800013c       0x30 C:/Program Files (x86)/Arm GNU Toolchain arm-none-eabi/13.2 Rel1/bin/../lib/gcc/arm-none-eabi/13.2.1/thumb/v7-m/nofp\libgcc.a(_aeabi_uldivmod.o)
                0x0800013c                __aeabi_uldivmod
 .text          0x0800016c        0x4 C:/Program Files (x86)/Arm GNU Toolchain arm-none-eabi/13.2 Rel1/bin/../lib/gcc/arm-none-eabi/13.2.1/thumb/v7-m/nofp\libgcc.a(_dvmd_tls.o)
                0x0800016c                __aeabi_idiv0
                0x0800016c                __aeabi_ldiv0
 *(.text*)
 .text.deregister_tm_clones
                0x08000170       0x1c C:/Program Files (x86)/Arm GNU Toolchain arm-none-eabi/13.2 Rel1/bin/../lib/gcc/arm-none-eabi/13.2.1/thumb/v7-m/nofp/crtbegin.o
 .text.register_tm_clones
                0x0800018c       0x24 C:/Program Files (x86)/Arm GNU Toolchain arm-none-eabi/13.2 Rel1/bin/../lib/gcc/arm-none-eabi/13.2.1/thumb/v7-m/nofp/crtbegin.o
 .text.__do_global_dtors_aux
                0x080001b0       0x28 C:/Program Files (x86)/Arm GNU Toolchain arm-none-eabi/13.2 Rel1/bin/../lib/gcc/arm-none-eabi/13.2.1/thumb/v7-m/nofp/crtbegin.o
 .text.frame_dummy
                0x080001d8       0x24 C:/Program Files (x86)/Arm GNU Toolchain arm-none-eabi/13.2 Rel1/bin/../lib/gcc/arm-none-eabi/13.2.1/thumb/v7-m/nofp/crtbegin.o
 .text.MX_GPIO_Init
                0x080001fc       0xd8 build/main.o
 .text.MX_DMA_Init
                0x080002d4       0x34 build/main.o
 .text.randomGLC
                0x08000308       0x30 build/main.o
                0x08000308                randomGLC
 .text.ledUpdate
                0x08000338       0x40 build/main.o
                0x08000338                ledUpdate
 .text.organise_Button_Order
                0x08000378       0x1c build/main.o
                0x08000378                organise_Button_Order
 .text.BCD_SendCommand
                0x08000394       0x40 build/main.o
                0x08000394                BCD_SendCommand
 .text.BCD_Init
                0x080003d4       0xc0 build/main.o
                0x080003d4                BCD_Init
 .text.BCD_updateClock
                0x08000494       0x88 build/main.o
                0x08000494                BCD_updateClock
 .text.play_track
                0x0800051c       0x40 build/main.o
                0x0800051c                play_track
 .text.HAL_GPIO_EXTI_Callback
                0x0800055c       0xe0 build/main.o
                0x0800055c                HAL_GPIO_EXTI_Callback
 .text.HAL_TIM_PeriodElapsedCallback
                0x0800063c       0x6c build/main.o
                0x0800063c                HAL_TIM_PeriodElapsedCallback
 .text.Error_Handler
                0x080006a8        0x4 build/main.o
                0x080006a8                Error_Handler
 .text.MX_USART2_UART_Init
                0x080006ac       0x34 build/main.o
 .text.MX_ADC_Init
                0x080006e0       0x84 build/main.o
 .text.MX_SPI1_Init
                0x08000764       0x44 build/main.o
 .text.MX_TIM10_Init
                0x080007a8       0x54 build/main.o
 .text.MX_UART4_Init
                0x080007fc       0x34 build/main.o
 .text.MX_TIM2_Init
                0x08000830       0x68 build/main.o
 .text.MX_TIM9_Init
                0x08000898       0x74 build/main.o
 .text.MX_TIM11_Init
                0x0800090c       0x5c build/main.o
 .text.MX_TIM3_Init
                0x08000968       0x6c build/main.o
 .text.SystemClock_Config
                0x080009d4       0x78 build/main.o
                0x080009d4                SystemClock_Config
 .text.main     0x08000a4c      0x1f4 build/main.o
                0x08000a4c                main
 .text.NMI_Handler
                0x08000c40        0x2 build/stm32l1xx_it.o
                0x08000c40                NMI_Handler
 .text.HardFault_Handler
                0x08000c42        0x2 build/stm32l1xx_it.o
                0x08000c42                HardFault_Handler
 .text.MemManage_Handler
                0x08000c44        0x2 build/stm32l1xx_it.o
                0x08000c44                MemManage_Handler
 .text.BusFault_Handler
                0x08000c46        0x2 build/stm32l1xx_it.o
                0x08000c46                BusFault_Handler
 .text.UsageFault_Handler
                0x08000c48        0x2 build/stm32l1xx_it.o
                0x08000c48                UsageFault_Handler
 .text.SVC_Handler
                0x08000c4a        0x2 build/stm32l1xx_it.o
                0x08000c4a                SVC_Handler
 .text.DebugMon_Handler
                0x08000c4c        0x2 build/stm32l1xx_it.o
                0x08000c4c                DebugMon_Handler
 .text.PendSV_Handler
                0x08000c4e        0x2 build/stm32l1xx_it.o
                0x08000c4e                PendSV_Handler
 .text.SysTick_Handler
                0x08000c50        0x8 build/stm32l1xx_it.o
                0x08000c50                SysTick_Handler
 .text.DMA1_Channel1_IRQHandler
                0x08000c58       0x10 build/stm32l1xx_it.o
                0x08000c58                DMA1_Channel1_IRQHandler
 .text.ADC1_IRQHandler
                0x08000c68       0x10 build/stm32l1xx_it.o
                0x08000c68                ADC1_IRQHandler
 .text.EXTI9_5_IRQHandler
                0x08000c78       0x10 build/stm32l1xx_it.o
                0x08000c78                EXTI9_5_IRQHandler
 .text.TIM9_IRQHandler
                0x08000c88       0x10 build/stm32l1xx_it.o
                0x08000c88                TIM9_IRQHandler
 .text.TIM10_IRQHandler
                0x08000c98       0x10 build/stm32l1xx_it.o
                0x08000c98                TIM10_IRQHandler
 .text.TIM11_IRQHandler
                0x08000ca8       0x10 build/stm32l1xx_it.o
                0x08000ca8                TIM11_IRQHandler
 .text.TIM2_IRQHandler
                0x08000cb8       0x10 build/stm32l1xx_it.o
                0x08000cb8                TIM2_IRQHandler
 .text.TIM3_IRQHandler
                0x08000cc8       0x10 build/stm32l1xx_it.o
                0x08000cc8                TIM3_IRQHandler
 .text.EXTI15_10_IRQHandler
                0x08000cd8       0x1c build/stm32l1xx_it.o
                0x08000cd8                EXTI15_10_IRQHandler
 .text.HAL_MspInit
                0x08000cf4       0x4c build/stm32l1xx_hal_msp.o
                0x08000cf4                HAL_MspInit
 .text.HAL_ADC_MspInit
                0x08000d40       0xb0 build/stm32l1xx_hal_msp.o
                0x08000d40                HAL_ADC_MspInit
 .text.HAL_SPI_MspInit
                0x08000df0       0x68 build/stm32l1xx_hal_msp.o
                0x08000df0                HAL_SPI_MspInit
 .text.HAL_TIM_Base_MspInit
                0x08000e58       0xa0 build/stm32l1xx_hal_msp.o
                0x08000e58                HAL_TIM_Base_MspInit
 .text.HAL_TIM_PWM_MspInit
                0x08000ef8       0x70 build/stm32l1xx_hal_msp.o
                0x08000ef8                HAL_TIM_PWM_MspInit
 .text.HAL_TIM_MspPostInit
                0x08000f68       0x8c build/stm32l1xx_hal_msp.o
                0x08000f68                HAL_TIM_MspPostInit
 .text.HAL_UART_MspInit
                0x08000ff4       0xc0 build/stm32l1xx_hal_msp.o
                0x08000ff4                HAL_UART_MspInit
 .text.HAL_ADC_Init
                0x080010b4      0x19c build/stm32l1xx_hal_adc.o
                0x080010b4                HAL_ADC_Init
 .text.HAL_ADC_ConvCpltCallback
                0x08001250        0x2 build/stm32l1xx_hal_adc.o
                0x08001250                HAL_ADC_ConvCpltCallback
 .text.ADC_DMAConvCplt
                0x08001252       0x64 build/stm32l1xx_hal_adc.o
 .text.HAL_ADC_ConvHalfCpltCallback
                0x080012b6        0x2 build/stm32l1xx_hal_adc.o
                0x080012b6                HAL_ADC_ConvHalfCpltCallback
 .text.ADC_DMAHalfConvCplt
                0x080012b8        0xa build/stm32l1xx_hal_adc.o
 .text.HAL_ADC_LevelOutOfWindowCallback
                0x080012c2        0x2 build/stm32l1xx_hal_adc.o
                0x080012c2                HAL_ADC_LevelOutOfWindowCallback
 .text.HAL_ADC_ErrorCallback
                0x080012c4        0x2 build/stm32l1xx_hal_adc.o
                0x080012c4                HAL_ADC_ErrorCallback
 .text.ADC_DMAError
                0x080012c6       0x1a build/stm32l1xx_hal_adc.o
 .text.HAL_ADC_IRQHandler
                0x080012e0      0x13a build/stm32l1xx_hal_adc.o
                0x080012e0                HAL_ADC_IRQHandler
 *fill*         0x0800141a        0x2 
 .text.HAL_ADC_ConfigChannel
                0x0800141c      0x1a0 build/stm32l1xx_hal_adc.o
                0x0800141c                HAL_ADC_ConfigChannel
 .text.ADC_Enable
                0x080015bc       0x8c build/stm32l1xx_hal_adc.o
                0x080015bc                ADC_Enable
 .text.HAL_ADC_Start_DMA
                0x08001648       0xc4 build/stm32l1xx_hal_adc.o
                0x08001648                HAL_ADC_Start_DMA
 .text.HAL_ADCEx_InjectedConvCpltCallback
                0x0800170c        0x2 build/stm32l1xx_hal_adc_ex.o
                0x0800170c                HAL_ADCEx_InjectedConvCpltCallback
 *fill*         0x0800170e        0x2 
 .text.HAL_InitTick
                0x08001710       0x50 build/stm32l1xx_hal.o
                0x08001710                HAL_InitTick
 .text.HAL_Init
                0x08001760       0x1e build/stm32l1xx_hal.o
                0x08001760                HAL_Init
 *fill*         0x0800177e        0x2 
 .text.HAL_IncTick
                0x08001780       0x18 build/stm32l1xx_hal.o
                0x08001780                HAL_IncTick
 .text.HAL_GetTick
                0x08001798        0xc build/stm32l1xx_hal.o
                0x08001798                HAL_GetTick
 .text.HAL_Delay
                0x080017a4       0x28 build/stm32l1xx_hal.o
                0x080017a4                HAL_Delay
 .text.RCC_SetFlashLatencyFromMSIRange
                0x080017cc       0x90 build/stm32l1xx_hal_rcc.o
 .text.HAL_RCC_OscConfig
                0x0800185c      0x4f8 build/stm32l1xx_hal_rcc.o
                0x0800185c                HAL_RCC_OscConfig
 .text.HAL_RCC_GetSysClockFreq
                0x08001d54       0xdc build/stm32l1xx_hal_rcc.o
                0x08001d54                HAL_RCC_GetSysClockFreq
 .text.HAL_RCC_ClockConfig
                0x08001e30      0x1cc build/stm32l1xx_hal_rcc.o
                0x08001e30                HAL_RCC_ClockConfig
 .text.HAL_RCC_GetHCLKFreq
                0x08001ffc        0xc build/stm32l1xx_hal_rcc.o
                0x08001ffc                HAL_RCC_GetHCLKFreq
 .text.HAL_RCC_GetPCLK1Freq
                0x08002008       0x20 build/stm32l1xx_hal_rcc.o
                0x08002008                HAL_RCC_GetPCLK1Freq
 .text.HAL_RCC_GetPCLK2Freq
                0x08002028       0x20 build/stm32l1xx_hal_rcc.o
                0x08002028                HAL_RCC_GetPCLK2Freq
 .text.HAL_GPIO_Init
                0x08002048      0x1e8 build/stm32l1xx_hal_gpio.o
                0x08002048                HAL_GPIO_Init
 .text.HAL_GPIO_WritePin
                0x08002230        0xc build/stm32l1xx_hal_gpio.o
                0x08002230                HAL_GPIO_WritePin
 .text.HAL_GPIO_EXTI_IRQHandler
                0x0800223c       0x1c build/stm32l1xx_hal_gpio.o
                0x0800223c                HAL_GPIO_EXTI_IRQHandler
 .text.DMA_SetConfig
                0x08002258       0x36 build/stm32l1xx_hal_dma.o
 *fill*         0x0800228e        0x2 
 .text.HAL_DMA_Init
                0x08002290       0x94 build/stm32l1xx_hal_dma.o
                0x08002290                HAL_DMA_Init
 .text.HAL_DMA_Start_IT
                0x08002324       0x76 build/stm32l1xx_hal_dma.o
                0x08002324                HAL_DMA_Start_IT
 .text.HAL_DMA_IRQHandler
                0x0800239a       0xc4 build/stm32l1xx_hal_dma.o
                0x0800239a                HAL_DMA_IRQHandler
 *fill*         0x0800245e        0x2 
 .text.__NVIC_SetPriority
                0x08002460       0x28 build/stm32l1xx_hal_cortex.o
 .text.NVIC_EncodePriority
                0x08002488       0x3e build/stm32l1xx_hal_cortex.o
 *fill*         0x080024c6        0x2 
 .text.HAL_NVIC_SetPriorityGrouping
                0x080024c8       0x24 build/stm32l1xx_hal_cortex.o
                0x080024c8                HAL_NVIC_SetPriorityGrouping
 .text.HAL_NVIC_SetPriority
                0x080024ec       0x20 build/stm32l1xx_hal_cortex.o
                0x080024ec                HAL_NVIC_SetPriority
 .text.HAL_NVIC_EnableIRQ
                0x0800250c       0x1c build/stm32l1xx_hal_cortex.o
                0x0800250c                HAL_NVIC_EnableIRQ
 .text.HAL_SYSTICK_Config
                0x08002528       0x28 build/stm32l1xx_hal_cortex.o
                0x08002528                HAL_SYSTICK_Config
 .text.SPI_WaitFlagStateUntilTimeout
                0x08002550       0xc8 build/stm32l1xx_hal_spi.o
 .text.SPI_EndRxTxTransaction
                0x08002618       0x68 build/stm32l1xx_hal_spi.o
 .text.HAL_SPI_Init
                0x08002680       0xbe build/stm32l1xx_hal_spi.o
                0x08002680                HAL_SPI_Init
 .text.HAL_SPI_Transmit
                0x0800273e      0x1b8 build/stm32l1xx_hal_spi.o
                0x0800273e                HAL_SPI_Transmit
 *fill*         0x080028f6        0x2 
 .text.TIM_Base_SetConfig
                0x080028f8       0x88 build/stm32l1xx_hal_tim.o
 .text.TIM_OC1_SetConfig
                0x08002980       0x30 build/stm32l1xx_hal_tim.o
 .text.TIM_OC2_SetConfig
                0x080029b0       0x36 build/stm32l1xx_hal_tim.o
 .text.TIM_OC3_SetConfig
                0x080029e6       0x34 build/stm32l1xx_hal_tim.o
 .text.TIM_OC4_SetConfig
                0x08002a1a       0x36 build/stm32l1xx_hal_tim.o
 .text.TIM_TI1_ConfigInputStage
                0x08002a50       0x24 build/stm32l1xx_hal_tim.o
 .text.TIM_TI2_ConfigInputStage
                0x08002a74       0x26 build/stm32l1xx_hal_tim.o
 .text.TIM_ITRx_SetConfig
                0x08002a9a       0x10 build/stm32l1xx_hal_tim.o
 .text.TIM_ETR_SetConfig
                0x08002aaa       0x18 build/stm32l1xx_hal_tim.o
 .text.TIM_CCxChannelCmd
                0x08002ac2       0x1e build/stm32l1xx_hal_tim.o
 .text.HAL_TIM_Base_Init
                0x08002ae0       0x48 build/stm32l1xx_hal_tim.o
                0x08002ae0                HAL_TIM_Base_Init
 .text.HAL_TIM_Base_Start_IT
                0x08002b28       0x68 build/stm32l1xx_hal_tim.o
                0x08002b28                HAL_TIM_Base_Start_IT
 .text.HAL_TIM_Base_Stop_IT
                0x08002b90       0x28 build/stm32l1xx_hal_tim.o
                0x08002b90                HAL_TIM_Base_Stop_IT
 .text.HAL_TIM_PWM_Init
                0x08002bb8       0x48 build/stm32l1xx_hal_tim.o
                0x08002bb8                HAL_TIM_PWM_Init
 .text.HAL_TIM_PWM_Start
                0x08002c00       0xcc build/stm32l1xx_hal_tim.o
                0x08002c00                HAL_TIM_PWM_Start
 .text.HAL_TIM_PWM_ConfigChannel
                0x08002ccc       0xdc build/stm32l1xx_hal_tim.o
                0x08002ccc                HAL_TIM_PWM_ConfigChannel
 .text.HAL_TIM_ConfigClockSource
                0x08002da8       0xfe build/stm32l1xx_hal_tim.o
                0x08002da8                HAL_TIM_ConfigClockSource
 .text.HAL_TIM_OC_DelayElapsedCallback
                0x08002ea6        0x2 build/stm32l1xx_hal_tim.o
                0x08002ea6                HAL_TIM_OC_DelayElapsedCallback
 .text.HAL_TIM_IC_CaptureCallback
                0x08002ea8        0x2 build/stm32l1xx_hal_tim.o
                0x08002ea8                HAL_TIM_IC_CaptureCallback
 .text.HAL_TIM_PWM_PulseFinishedCallback
                0x08002eaa        0x2 build/stm32l1xx_hal_tim.o
                0x08002eaa                HAL_TIM_PWM_PulseFinishedCallback
 .text.HAL_TIM_TriggerCallback
                0x08002eac        0x2 build/stm32l1xx_hal_tim.o
                0x08002eac                HAL_TIM_TriggerCallback
 .text.HAL_TIM_IRQHandler
                0x08002eae      0x13a build/stm32l1xx_hal_tim.o
                0x08002eae                HAL_TIM_IRQHandler
 .text.HAL_TIMEx_MasterConfigSynchronization
                0x08002fe8       0x6c build/stm32l1xx_hal_tim_ex.o
                0x08002fe8                HAL_TIMEx_MasterConfigSynchronization
 .text.UART_SetConfig
                0x08003054       0xdc build/stm32l1xx_hal_uart.o
 .text.UART_WaitOnFlagUntilTimeout
                0x08003130       0x84 build/stm32l1xx_hal_uart.o
 .text.HAL_UART_Init
                0x080031b4       0x60 build/stm32l1xx_hal_uart.o
                0x080031b4                HAL_UART_Init
 .text.HAL_UART_Transmit
                0x08003214       0xbe build/stm32l1xx_hal_uart.o
                0x08003214                HAL_UART_Transmit
 .text.SystemInit
                0x080032d2        0x2 build/system_stm32l1xx.o
                0x080032d2                SystemInit
 .text.Reset_Handler
                0x080032d4       0x48 build/startup_stm32l152xe.o
                0x080032d4                Reset_Handler
 .text.Default_Handler
                0x0800331c        0x2 build/startup_stm32l152xe.o
                0x0800331c                RTC_Alarm_IRQHandler
                0x0800331c                EXTI2_IRQHandler
                0x0800331c                COMP_ACQ_IRQHandler
                0x0800331c                USB_HP_IRQHandler
                0x0800331c                TIM6_IRQHandler
                0x0800331c                PVD_IRQHandler
                0x0800331c                EXTI3_IRQHandler
                0x0800331c                EXTI0_IRQHandler
                0x0800331c                I2C2_EV_IRQHandler
                0x0800331c                SPI1_IRQHandler
                0x0800331c                USB_FS_WKUP_IRQHandler
                0x0800331c                DMA2_Channel2_IRQHandler
                0x0800331c                DMA1_Channel4_IRQHandler
                0x0800331c                USART3_IRQHandler
                0x0800331c                DMA1_Channel7_IRQHandler
                0x0800331c                LCD_IRQHandler
                0x0800331c                UART5_IRQHandler
                0x0800331c                TIM4_IRQHandler
                0x0800331c                DMA2_Channel1_IRQHandler
                0x0800331c                I2C1_EV_IRQHandler
                0x0800331c                DMA1_Channel6_IRQHandler
                0x0800331c                UART4_IRQHandler
                0x0800331c                DMA2_Channel4_IRQHandler
                0x0800331c                RCC_IRQHandler
                0x0800331c                Default_Handler
                0x0800331c                TIM7_IRQHandler
                0x0800331c                TIM5_IRQHandler
                0x0800331c                TAMPER_STAMP_IRQHandler
                0x0800331c                RTC_WKUP_IRQHandler
                0x0800331c                SPI2_IRQHandler
                0x0800331c                DMA2_Channel5_IRQHandler
                0x0800331c                DMA1_Channel5_IRQHandler
                0x0800331c                USB_LP_IRQHandler
                0x0800331c                EXTI4_IRQHandler
                0x0800331c                DMA1_Channel3_IRQHandler
                0x0800331c                COMP_IRQHandler
                0x0800331c                WWDG_IRQHandler
                0x0800331c                DAC_IRQHandler
                0x0800331c                EXTI1_IRQHandler
                0x0800331c                USART2_IRQHandler
                0x0800331c                I2C2_ER_IRQHandler
                0x0800331c                DMA1_Channel2_IRQHandler
                0x0800331c                FLASH_IRQHandler
                0x0800331c                USART1_IRQHandler
                0x0800331c                SPI3_IRQHandler
                0x0800331c                I2C1_ER_IRQHandler
                0x0800331c                DMA2_Channel3_IRQHandler
 *fill*         0x0800331e        0x2 
 .text.std      0x08003320       0x6c C:/Program Files (x86)/Arm GNU Toolchain arm-none-eabi/13.2 Rel1/bin/../lib/gcc/arm-none-eabi/13.2.1/thumb/v7-m/nofp\libc_nano.a(libc_a-findfp.o)
 .text.stdio_exit_handler
                0x0800338c       0x18 C:/Program Files (x86)/Arm GNU Toolchain arm-none-eabi/13.2 Rel1/bin/../lib/gcc/arm-none-eabi/13.2.1/thumb/v7-m/nofp\libc_nano.a(libc_a-findfp.o)
 .text.cleanup_stdio
                0x080033a4       0x40 C:/Program Files (x86)/Arm GNU Toolchain arm-none-eabi/13.2 Rel1/bin/../lib/gcc/arm-none-eabi/13.2.1/thumb/v7-m/nofp\libc_nano.a(libc_a-findfp.o)
 .text.global_stdio_init.part.0
                0x080033e4       0x3c C:/Program Files (x86)/Arm GNU Toolchain arm-none-eabi/13.2 Rel1/bin/../lib/gcc/arm-none-eabi/13.2.1/thumb/v7-m/nofp\libc_nano.a(libc_a-findfp.o)
 .text.__sfp_lock_acquire
                0x08003420        0xc C:/Program Files (x86)/Arm GNU Toolchain arm-none-eabi/13.2 Rel1/bin/../lib/gcc/arm-none-eabi/13.2.1/thumb/v7-m/nofp\libc_nano.a(libc_a-findfp.o)
                0x08003420                __sfp_lock_acquire
 .text.__sfp_lock_release
                0x0800342c        0xc C:/Program Files (x86)/Arm GNU Toolchain arm-none-eabi/13.2 Rel1/bin/../lib/gcc/arm-none-eabi/13.2.1/thumb/v7-m/nofp\libc_nano.a(libc_a-findfp.o)
                0x0800342c                __sfp_lock_release
 .text.__sinit  0x08003438       0x30 C:/Program Files (x86)/Arm GNU Toolchain arm-none-eabi/13.2 Rel1/bin/../lib/gcc/arm-none-eabi/13.2.1/thumb/v7-m/nofp\libc_nano.a(libc_a-findfp.o)
                0x08003438                __sinit
 .text._fwalk_sglue
                0x08003468       0x3c C:/Program Files (x86)/Arm GNU Toolchain arm-none-eabi/13.2 Rel1/bin/../lib/gcc/arm-none-eabi/13.2.1/thumb/v7-m/nofp\libc_nano.a(libc_a-fwalk.o)
                0x08003468                _fwalk_sglue
 .text._puts_r  0x080034a4       0xaa C:/Program Files (x86)/Arm GNU Toolchain arm-none-eabi/13.2 Rel1/bin/../lib/gcc/arm-none-eabi/13.2.1/thumb/v7-m/nofp\libc_nano.a(libc_a-puts.o)
                0x080034a4                _puts_r
 *fill*         0x0800354e        0x2 
 .text.puts     0x08003550       0x10 C:/Program Files (x86)/Arm GNU Toolchain arm-none-eabi/13.2 Rel1/bin/../lib/gcc/arm-none-eabi/13.2.1/thumb/v7-m/nofp\libc_nano.a(libc_a-puts.o)
                0x08003550                puts
 .text.__sread  0x08003560       0x22 C:/Program Files (x86)/Arm GNU Toolchain arm-none-eabi/13.2 Rel1/bin/../lib/gcc/arm-none-eabi/13.2.1/thumb/v7-m/nofp\libc_nano.a(libc_a-stdio.o)
                0x08003560                __sread
 .text.__swrite
                0x08003582       0x38 C:/Program Files (x86)/Arm GNU Toolchain arm-none-eabi/13.2 Rel1/bin/../lib/gcc/arm-none-eabi/13.2.1/thumb/v7-m/nofp\libc_nano.a(libc_a-stdio.o)
                0x08003582                __swrite
 .text.__sseek  0x080035ba       0x24 C:/Program Files (x86)/Arm GNU Toolchain arm-none-eabi/13.2 Rel1/bin/../lib/gcc/arm-none-eabi/13.2.1/thumb/v7-m/nofp\libc_nano.a(libc_a-stdio.o)
                0x080035ba                __sseek
 .text.__sclose
                0x080035de        0x8 C:/Program Files (x86)/Arm GNU Toolchain arm-none-eabi/13.2 Rel1/bin/../lib/gcc/arm-none-eabi/13.2.1/thumb/v7-m/nofp\libc_nano.a(libc_a-stdio.o)
                0x080035de                __sclose
 .text.__swbuf_r
                0x080035e6       0x7c C:/Program Files (x86)/Arm GNU Toolchain arm-none-eabi/13.2 Rel1/bin/../lib/gcc/arm-none-eabi/13.2.1/thumb/v7-m/nofp\libc_nano.a(libc_a-wbuf.o)
                0x080035e6                __swbuf_r
 *fill*         0x08003662        0x2 
 .text.__swsetup_r
                0x08003664       0xac C:/Program Files (x86)/Arm GNU Toolchain arm-none-eabi/13.2 Rel1/bin/../lib/gcc/arm-none-eabi/13.2.1/thumb/v7-m/nofp\libc_nano.a(libc_a-wsetup.o)
                0x08003664                __swsetup_r
 .text.memset   0x08003710       0x10 C:/Program Files (x86)/Arm GNU Toolchain arm-none-eabi/13.2 Rel1/bin/../lib/gcc/arm-none-eabi/13.2.1/thumb/v7-m/nofp\libc_nano.a(libc_a-memset.o)
                0x08003710                memset
 .text._close_r
                0x08003720       0x20 C:/Program Files (x86)/Arm GNU Toolchain arm-none-eabi/13.2 Rel1/bin/../lib/gcc/arm-none-eabi/13.2.1/thumb/v7-m/nofp\libc_nano.a(libc_a-closer.o)
                0x08003720                _close_r
 .text._lseek_r
                0x08003740       0x24 C:/Program Files (x86)/Arm GNU Toolchain arm-none-eabi/13.2 Rel1/bin/../lib/gcc/arm-none-eabi/13.2.1/thumb/v7-m/nofp\libc_nano.a(libc_a-lseekr.o)
                0x08003740                _lseek_r
 .text._read_r  0x08003764       0x24 C:/Program Files (x86)/Arm GNU Toolchain arm-none-eabi/13.2 Rel1/bin/../lib/gcc/arm-none-eabi/13.2.1/thumb/v7-m/nofp\libc_nano.a(libc_a-readr.o)
                0x08003764                _read_r
 .text._write_r
                0x08003788       0x24 C:/Program Files (x86)/Arm GNU Toolchain arm-none-eabi/13.2 Rel1/bin/../lib/gcc/arm-none-eabi/13.2.1/thumb/v7-m/nofp\libc_nano.a(libc_a-writer.o)
                0x08003788                _write_r
 .text.__libc_init_array
                0x080037ac       0x48 C:/Program Files (x86)/Arm GNU Toolchain arm-none-eabi/13.2 Rel1/bin/../lib/gcc/arm-none-eabi/13.2.1/thumb/v7-m/nofp\libc_nano.a(libc_a-init.o)
                0x080037ac                __libc_init_array
 .text.__retarget_lock_init_recursive
                0x080037f4        0x2 C:/Program Files (x86)/Arm GNU Toolchain arm-none-eabi/13.2 Rel1/bin/../lib/gcc/arm-none-eabi/13.2.1/thumb/v7-m/nofp\libc_nano.a(libc_a-lock.o)
                0x080037f4                __retarget_lock_init_recursive
 .text.__retarget_lock_acquire_recursive
                0x080037f6        0x2 C:/Program Files (x86)/Arm GNU Toolchain arm-none-eabi/13.2 Rel1/bin/../lib/gcc/arm-none-eabi/13.2.1/thumb/v7-m/nofp\libc_nano.a(libc_a-lock.o)
                0x080037f6                __retarget_lock_acquire_recursive
 .text.__retarget_lock_release_recursive
                0x080037f8        0x2 C:/Program Files (x86)/Arm GNU Toolchain arm-none-eabi/13.2 Rel1/bin/../lib/gcc/arm-none-eabi/13.2.1/thumb/v7-m/nofp\libc_nano.a(libc_a-lock.o)
                0x080037f8                __retarget_lock_release_recursive
 *fill*         0x080037fa        0x2 
 .text._free_r  0x080037fc       0x90 C:/Program Files (x86)/Arm GNU Toolchain arm-none-eabi/13.2 Rel1/bin/../lib/gcc/arm-none-eabi/13.2.1/thumb/v7-m/nofp\libc_nano.a(libc_a-freer.o)
                0x080037fc                _free_r
 .text.sbrk_aligned
                0x0800388c       0x44 C:/Program Files (x86)/Arm GNU Toolchain arm-none-eabi/13.2 Rel1/bin/../lib/gcc/arm-none-eabi/13.2.1/thumb/v7-m/nofp\libc_nano.a(libc_a-mallocr.o)
 .text._malloc_r
                0x080038d0      0x100 C:/Program Files (x86)/Arm GNU Toolchain arm-none-eabi/13.2 Rel1/bin/../lib/gcc/arm-none-eabi/13.2.1/thumb/v7-m/nofp\libc_nano.a(libc_a-mallocr.o)
                0x080038d0                _malloc_r
 .text.__malloc_lock
                0x080039d0        0xc C:/Program Files (x86)/Arm GNU Toolchain arm-none-eabi/13.2 Rel1/bin/../lib/gcc/arm-none-eabi/13.2.1/thumb/v7-m/nofp\libc_nano.a(libc_a-mlock.o)
                0x080039d0                __malloc_lock
 .text.__malloc_unlock
                0x080039dc        0xc C:/Program Files (x86)/Arm GNU Toolchain arm-none-eabi/13.2 Rel1/bin/../lib/gcc/arm-none-eabi/13.2.1/thumb/v7-m/nofp\libc_nano.a(libc_a-mlock.o)
                0x080039dc                __malloc_unlock
 .text.__sflush_r
                0x080039e8      0x100 C:/Program Files (x86)/Arm GNU Toolchain arm-none-eabi/13.2 Rel1/bin/../lib/gcc/arm-none-eabi/13.2.1/thumb/v7-m/nofp\libc_nano.a(libc_a-fflush.o)
                0x080039e8                __sflush_r
 .text._fflush_r
                0x08003ae8       0x50 C:/Program Files (x86)/Arm GNU Toolchain arm-none-eabi/13.2 Rel1/bin/../lib/gcc/arm-none-eabi/13.2.1/thumb/v7-m/nofp\libc_nano.a(libc_a-fflush.o)
                0x08003ae8                _fflush_r
 .text.__swhatbuf_r
                0x08003b38       0x4a C:/Program Files (x86)/Arm GNU Toolchain arm-none-eabi/13.2 Rel1/bin/../lib/gcc/arm-none-eabi/13.2.1/thumb/v7-m/nofp\libc_nano.a(libc_a-makebuf.o)
                0x08003b38                __swhatbuf_r
 .text.__smakebuf_r
                0x08003b82       0x78 C:/Program Files (x86)/Arm GNU Toolchain arm-none-eabi/13.2 Rel1/bin/../lib/gcc/arm-none-eabi/13.2.1/thumb/v7-m/nofp\libc_nano.a(libc_a-makebuf.o)
                0x08003b82                __smakebuf_r
 *fill*         0x08003bfa        0x2 
 .text._fstat_r
                0x08003bfc       0x24 C:/Program Files (x86)/Arm GNU Toolchain arm-none-eabi/13.2 Rel1/bin/../lib/gcc/arm-none-eabi/13.2.1/thumb/v7-m/nofp\libc_nano.a(libc_a-fstatr.o)
                0x08003bfc                _fstat_r
 .text._isatty_r
                0x08003c20       0x20 C:/Program Files (x86)/Arm GNU Toolchain arm-none-eabi/13.2 Rel1/bin/../lib/gcc/arm-none-eabi/13.2.1/thumb/v7-m/nofp\libc_nano.a(libc_a-isattyr.o)
                0x08003c20                _isatty_r
 .text._sbrk_r  0x08003c40       0x20 C:/Program Files (x86)/Arm GNU Toolchain arm-none-eabi/13.2 Rel1/bin/../lib/gcc/arm-none-eabi/13.2.1/thumb/v7-m/nofp\libc_nano.a(libc_a-sbrkr.o)
                0x08003c40                _sbrk_r
 .text._close   0x08003c60       0x10 C:/Program Files (x86)/Arm GNU Toolchain arm-none-eabi/13.2 Rel1/bin/../lib/gcc/arm-none-eabi/13.2.1/thumb/v7-m/nofp\libnosys.a(close.o)
                0x08003c60                _close
 .text._fstat   0x08003c70       0x10 C:/Program Files (x86)/Arm GNU Toolchain arm-none-eabi/13.2 Rel1/bin/../lib/gcc/arm-none-eabi/13.2.1/thumb/v7-m/nofp\libnosys.a(fstat.o)
                0x08003c70                _fstat
 .text._isatty  0x08003c80       0x10 C:/Program Files (x86)/Arm GNU Toolchain arm-none-eabi/13.2 Rel1/bin/../lib/gcc/arm-none-eabi/13.2.1/thumb/v7-m/nofp\libnosys.a(isatty.o)
                0x08003c80                _isatty
 .text._lseek   0x08003c90       0x10 C:/Program Files (x86)/Arm GNU Toolchain arm-none-eabi/13.2 Rel1/bin/../lib/gcc/arm-none-eabi/13.2.1/thumb/v7-m/nofp\libnosys.a(lseek.o)
                0x08003c90                _lseek
 .text._read    0x08003ca0       0x10 C:/Program Files (x86)/Arm GNU Toolchain arm-none-eabi/13.2 Rel1/bin/../lib/gcc/arm-none-eabi/13.2.1/thumb/v7-m/nofp\libnosys.a(read.o)
                0x08003ca0                _read
 .text._sbrk    0x08003cb0       0x1c C:/Program Files (x86)/Arm GNU Toolchain arm-none-eabi/13.2 Rel1/bin/../lib/gcc/arm-none-eabi/13.2.1/thumb/v7-m/nofp\libnosys.a(sbrk.o)
                0x08003cb0                _sbrk
 .text._write   0x08003ccc       0x10 C:/Program Files (x86)/Arm GNU Toolchain arm-none-eabi/13.2 Rel1/bin/../lib/gcc/arm-none-eabi/13.2.1/thumb/v7-m/nofp\libnosys.a(write.o)
                0x08003ccc                _write
 .text.__udivmoddi4
                0x08003cdc      0x2b4 C:/Program Files (x86)/Arm GNU Toolchain arm-none-eabi/13.2 Rel1/bin/../lib/gcc/arm-none-eabi/13.2.1/thumb/v7-m/nofp\libgcc.a(_udivmoddi4.o)
                0x08003cdc                __udivmoddi4
 *(.glue_7)
 .glue_7        0x08003f90        0x0 linker stubs
 *(.glue_7t)
 .glue_7t       0x08003f90        0x0 linker stubs
 *(.eh_frame)
 .eh_frame      0x08003f90        0x0 C:/Program Files (x86)/Arm GNU Toolchain arm-none-eabi/13.2 Rel1/bin/../lib/gcc/arm-none-eabi/13.2.1/thumb/v7-m/nofp/crtbegin.o
 *(.init)
 .init          0x08003f90        0x4 C:/Program Files (x86)/Arm GNU Toolchain arm-none-eabi/13.2 Rel1/bin/../lib/gcc/arm-none-eabi/13.2.1/thumb/v7-m/nofp/crti.o
                0x08003f90                _init
 .init          0x08003f94        0x8 C:/Program Files (x86)/Arm GNU Toolchain arm-none-eabi/13.2 Rel1/bin/../lib/gcc/arm-none-eabi/13.2.1/thumb/v7-m/nofp/crtn.o
 *(.fini)
 .fini          0x08003f9c        0x4 C:/Program Files (x86)/Arm GNU Toolchain arm-none-eabi/13.2 Rel1/bin/../lib/gcc/arm-none-eabi/13.2.1/thumb/v7-m/nofp/crti.o
                0x08003f9c                _fini
 .fini          0x08003fa0        0x8 C:/Program Files (x86)/Arm GNU Toolchain arm-none-eabi/13.2 Rel1/bin/../lib/gcc/arm-none-eabi/13.2.1/thumb/v7-m/nofp/crtn.o
                0x08003fa8                        . = ALIGN (0x4)
                0x08003fa8                        _etext = .

.vfp11_veneer   0x08003fa8        0x0
 .vfp11_veneer  0x08003fa8        0x0 linker stubs

.v4_bx          0x08003fa8        0x0
 .v4_bx         0x08003fa8        0x0 linker stubs

.iplt           0x08003fa8        0x0
 .iplt          0x08003fa8        0x0 C:/Program Files (x86)/Arm GNU Toolchain arm-none-eabi/13.2 Rel1/bin/../lib/gcc/arm-none-eabi/13.2.1/thumb/v7-m/nofp/crtbegin.o

.rodata         0x08003fa8       0x64
                0x08003fa8                        . = ALIGN (0x4)
 *(.rodata)
 *(.rodata*)
 .rodata.HAL_GPIO_EXTI_Callback.str1.4
                0x08003fa8       0x3e build/main.o
                                 0x1f (size before relaxing)
 .rodata.main.str1.4
                0x08003fe6       0x1e build/main.o
 *fill*         0x08003fe6        0x2 
 .rodata.APBPrescTable
                0x08003fe8        0x8 build/system_stm32l1xx.o
                0x08003fe8                APBPrescTable
 .rodata.AHBPrescTable
                0x08003ff0       0x10 build/system_stm32l1xx.o
                0x08003ff0                AHBPrescTable
 .rodata.PLLMulTable
                0x08004000        0x9 build/system_stm32l1xx.o
                0x08004000                PLLMulTable
                0x0800400c                        . = ALIGN (0x4)
 *fill*         0x08004009        0x3 

.ARM.extab
 *(.ARM.extab* .gnu.linkonce.armextab.*)

.ARM            0x0800400c        0x8
                0x0800400c                        __exidx_start = .
 *(.ARM.exidx*)
 .ARM.exidx.text.__udivmoddi4
                0x0800400c        0x8 C:/Program Files (x86)/Arm GNU Toolchain arm-none-eabi/13.2 Rel1/bin/../lib/gcc/arm-none-eabi/13.2.1/thumb/v7-m/nofp\libgcc.a(_udivmoddi4.o)
                0x08004014                        __exidx_end = .

.rel.dyn        0x08004014        0x0
 .rel.iplt      0x08004014        0x0 C:/Program Files (x86)/Arm GNU Toolchain arm-none-eabi/13.2 Rel1/bin/../lib/gcc/arm-none-eabi/13.2.1/thumb/v7-m/nofp/crtbegin.o

.preinit_array  0x08004014        0x0
                0x08004014                        PROVIDE (__preinit_array_start = .)
 *(.preinit_array*)
                0x08004014                        PROVIDE (__preinit_array_end = .)

.init_array     0x08004014        0x4
                0x08004014                        PROVIDE (__init_array_start = .)
 *(SORT_BY_NAME(.init_array.*))
 *(.init_array*)
 .init_array    0x08004014        0x4 C:/Program Files (x86)/Arm GNU Toolchain arm-none-eabi/13.2 Rel1/bin/../lib/gcc/arm-none-eabi/13.2.1/thumb/v7-m/nofp/crtbegin.o
                0x08004018                        PROVIDE (__init_array_end = .)

.fini_array     0x08004018        0x4
                [!provide]                        PROVIDE (__fini_array_start = .)
 *(SORT_BY_NAME(.fini_array.*))
 *(.fini_array*)
 .fini_array    0x08004018        0x4 C:/Program Files (x86)/Arm GNU Toolchain arm-none-eabi/13.2 Rel1/bin/../lib/gcc/arm-none-eabi/13.2.1/thumb/v7-m/nofp/crtbegin.o
                [!provide]                        PROVIDE (__fini_array_end = .)
                0x0800401c                        _sidata = LOADADDR (.data)

.data           0x20000000       0x70 load address 0x0800401c
                0x20000000                        . = ALIGN (0x4)
                0x20000000                        _sdata = .
 *(.data)
 *(.data*)
 .data.buttonOrderDefuse
                0x20000000        0x4 build/main.o
                0x20000000                buttonOrderDefuse
 .data.buttonNotAllPushed
                0x20000004        0x1 build/main.o
                0x20000004                buttonNotAllPushed
 .data.time_in_second
                0x20000005        0x1 build/main.o
                0x20000005                time_in_second
 *fill*         0x20000006        0x2 
 .data.uwTickFreq
                0x20000008        0x4 build/stm32l1xx_hal.o
                0x20000008                uwTickFreq
 .data.uwTickPrio
                0x2000000c        0x4 build/stm32l1xx_hal.o
                0x2000000c                uwTickPrio
 .data.SystemCoreClock
                0x20000010        0x4 build/system_stm32l1xx.o
                0x20000010                SystemCoreClock
 .data.__sglue  0x20000014        0xc C:/Program Files (x86)/Arm GNU Toolchain arm-none-eabi/13.2 Rel1/bin/../lib/gcc/arm-none-eabi/13.2.1/thumb/v7-m/nofp\libc_nano.a(libc_a-findfp.o)
                0x20000014                __sglue
 .data._impure_ptr
                0x20000020        0x4 C:/Program Files (x86)/Arm GNU Toolchain arm-none-eabi/13.2 Rel1/bin/../lib/gcc/arm-none-eabi/13.2.1/thumb/v7-m/nofp\libc_nano.a(libc_a-impure.o)
                0x20000020                _impure_ptr
 .data._impure_data
                0x20000024       0x4c C:/Program Files (x86)/Arm GNU Toolchain arm-none-eabi/13.2 Rel1/bin/../lib/gcc/arm-none-eabi/13.2.1/thumb/v7-m/nofp\libc_nano.a(libc_a-impure.o)
                0x20000024                _impure_data
                0x20000070                        . = ALIGN (0x4)
                0x20000070                        _edata = .

.tm_clone_table
                0x20000070        0x0 load address 0x0800408c
 .tm_clone_table
                0x20000070        0x0 C:/Program Files (x86)/Arm GNU Toolchain arm-none-eabi/13.2 Rel1/bin/../lib/gcc/arm-none-eabi/13.2.1/thumb/v7-m/nofp/crtbegin.o
 .tm_clone_table
                0x20000070        0x0 C:/Program Files (x86)/Arm GNU Toolchain arm-none-eabi/13.2 Rel1/bin/../lib/gcc/arm-none-eabi/13.2.1/thumb/v7-m/nofp/crtend.o

.igot.plt       0x20000070        0x0 load address 0x0800408c
 .igot.plt      0x20000070        0x0 C:/Program Files (x86)/Arm GNU Toolchain arm-none-eabi/13.2 Rel1/bin/../lib/gcc/arm-none-eabi/13.2.1/thumb/v7-m/nofp/crtbegin.o
                0x20000070                        . = ALIGN (0x4)

.bss            0x20000070      0x454 load address 0x0800408c
                0x20000070                        _sbss = .
                0x20000070                        __bss_start__ = _sbss
 *(.bss)
 *(.bss*)
 .bss.completed.1
                0x20000070        0x1 C:/Program Files (x86)/Arm GNU Toolchain arm-none-eabi/13.2 Rel1/bin/../lib/gcc/arm-none-eabi/13.2.1/thumb/v7-m/nofp/crtbegin.o
 *fill*         0x20000071        0x3 
 .bss.object.0  0x20000074       0x18 C:/Program Files (x86)/Arm GNU Toolchain arm-none-eabi/13.2 Rel1/bin/../lib/gcc/arm-none-eabi/13.2.1/thumb/v7-m/nofp/crtbegin.o
 .bss.buttonOk  0x2000008c        0x1 build/main.o
                0x2000008c                buttonOk
 .bss.adcOk     0x2000008d        0x1 build/main.o
                0x2000008d                adcOk
 .bss.win       0x2000008e        0x1 build/main.o
                0x2000008e                win
 .bss.flagButtonOk
                0x2000008f        0x1 build/main.o
                0x2000008f                flagButtonOk
 .bss.buttonOrderPlant
                0x20000090        0x4 build/main.o
                0x20000090                buttonOrderPlant
 .bss.freqence_bipbip
                0x20000094        0x1 build/main.o
                0x20000094                freqence_bipbip
 .bss.flag_bipbip
                0x20000095        0x1 build/main.o
                0x20000095                flag_bipbip
 *fill*         0x20000096        0x2 
 .bss.seed      0x20000098        0x4 build/main.o
                0x20000098                seed
 .bss.buttonElapsed
                0x2000009c       0x10 build/main.o
                0x2000009c                buttonElapsed
 .bss.adcData   0x200000ac        0x4 build/main.o
                0x200000ac                adcData
 .bss.huart2    0x200000b0       0x48 build/main.o
                0x200000b0                huart2
 .bss.huart4    0x200000f8       0x48 build/main.o
                0x200000f8                huart4
 .bss.htim11    0x20000140       0x40 build/main.o
                0x20000140                htim11
 .bss.htim10    0x20000180       0x40 build/main.o
                0x20000180                htim10
 .bss.htim9     0x200001c0       0x40 build/main.o
                0x200001c0                htim9
 .bss.htim3     0x20000200       0x40 build/main.o
                0x20000200                htim3
 .bss.htim2     0x20000240       0x40 build/main.o
                0x20000240                htim2
 .bss.hspi1     0x20000280       0x58 build/main.o
                0x20000280                hspi1
 .bss.hdma_adc  0x200002d8       0x44 build/main.o
                0x200002d8                hdma_adc
 .bss.hadc      0x2000031c       0x54 build/main.o
                0x2000031c                hadc
 .bss.uwTick    0x20000370        0x4 build/stm32l1xx_hal.o
                0x20000370                uwTick
 .bss.__sf      0x20000374      0x138 C:/Program Files (x86)/Arm GNU Toolchain arm-none-eabi/13.2 Rel1/bin/../lib/gcc/arm-none-eabi/13.2.1/thumb/v7-m/nofp\libc_nano.a(libc_a-findfp.o)
                0x20000374                __sf
 .bss.__stdio_exit_handler
                0x200004ac        0x4 C:/Program Files (x86)/Arm GNU Toolchain arm-none-eabi/13.2 Rel1/bin/../lib/gcc/arm-none-eabi/13.2.1/thumb/v7-m/nofp\libc_nano.a(libc_a-findfp.o)
                0x200004ac                __stdio_exit_handler
 .bss.errno     0x200004b0        0x4 C:/Program Files (x86)/Arm GNU Toolchain arm-none-eabi/13.2 Rel1/bin/../lib/gcc/arm-none-eabi/13.2.1/thumb/v7-m/nofp\libc_nano.a(libc_a-reent.o)
                0x200004b0                errno
 .bss.__lock___malloc_recursive_mutex
                0x200004b4        0x1 C:/Program Files (x86)/Arm GNU Toolchain arm-none-eabi/13.2 Rel1/bin/../lib/gcc/arm-none-eabi/13.2.1/thumb/v7-m/nofp\libc_nano.a(libc_a-lock.o)
                0x200004b4                __lock___malloc_recursive_mutex
 .bss.__lock___sfp_recursive_mutex
                0x200004b5        0x1 C:/Program Files (x86)/Arm GNU Toolchain arm-none-eabi/13.2 Rel1/bin/../lib/gcc/arm-none-eabi/13.2.1/thumb/v7-m/nofp\libc_nano.a(libc_a-lock.o)
                0x200004b5                __lock___sfp_recursive_mutex
 *fill*         0x200004b6        0x2 
 .bss.__malloc_sbrk_start
                0x200004b8        0x4 C:/Program Files (x86)/Arm GNU Toolchain arm-none-eabi/13.2 Rel1/bin/../lib/gcc/arm-none-eabi/13.2.1/thumb/v7-m/nofp\libc_nano.a(libc_a-mallocr.o)
                0x200004b8                __malloc_sbrk_start
 .bss.__malloc_free_list
                0x200004bc        0x4 C:/Program Files (x86)/Arm GNU Toolchain arm-none-eabi/13.2 Rel1/bin/../lib/gcc/arm-none-eabi/13.2.1/thumb/v7-m/nofp\libc_nano.a(libc_a-mallocr.o)
                0x200004bc                __malloc_free_list
 .bss.heap_end.0
                0x200004c0        0x4 C:/Program Files (x86)/Arm GNU Toolchain arm-none-eabi/13.2 Rel1/bin/../lib/gcc/arm-none-eabi/13.2.1/thumb/v7-m/nofp\libnosys.a(sbrk.o)
 *(COMMON)
                0x200004c4                        . = ALIGN (0x4)
                0x200004c4                        _ebss = .
                0x200004c4                        __bss_end__ = _ebss

._user_heap_stack
                0x200004c4      0x604 load address 0x0800408c
                0x200004c8                        . = ALIGN (0x8)
 *fill*         0x200004c4        0x4 
                0x200004c8                        PROVIDE (end = .)
                [!provide]                        PROVIDE (_end = .)
                0x200006c8                        . = (. + _Min_Heap_Size)
 *fill*         0x200004c8      0x200 
                0x20000ac8                        . = (. + _Min_Stack_Size)
 *fill*         0x200006c8      0x400 
                0x20000ac8                        . = ALIGN (0x8)

/DISCARD/
 libc.a(*)
 libm.a(*)
 libgcc.a(*)

.ARM.attributes
                0x00000000       0x29
 *(.ARM.attributes)
 .ARM.attributes
                0x00000000       0x1d C:/Program Files (x86)/Arm GNU Toolchain arm-none-eabi/13.2 Rel1/bin/../lib/gcc/arm-none-eabi/13.2.1/thumb/v7-m/nofp/crti.o
 .ARM.attributes
                0x0000001d       0x2d C:/Program Files (x86)/Arm GNU Toolchain arm-none-eabi/13.2 Rel1/bin/../lib/gcc/arm-none-eabi/13.2.1/thumb/v7-m/nofp/crtbegin.o
 .ARM.attributes
                0x0000004a       0x2d build/main.o
 .ARM.attributes
                0x00000077       0x2d build/stm32l1xx_it.o
 .ARM.attributes
                0x000000a4       0x2d build/stm32l1xx_hal_msp.o
 .ARM.attributes
                0x000000d1       0x2d build/stm32l1xx_hal_adc.o
 .ARM.attributes
                0x000000fe       0x2d build/stm32l1xx_hal_adc_ex.o
 .ARM.attributes
                0x0000012b       0x2d build/stm32l1xx_hal.o
 .ARM.attributes
                0x00000158       0x2d build/stm32l1xx_hal_rcc.o
 .ARM.attributes
                0x00000185       0x2d build/stm32l1xx_hal_gpio.o
 .ARM.attributes
                0x000001b2       0x2d build/stm32l1xx_hal_dma.o
 .ARM.attributes
                0x000001df       0x2d build/stm32l1xx_hal_cortex.o
 .ARM.attributes
                0x0000020c       0x2d build/stm32l1xx_hal_spi.o
 .ARM.attributes
                0x00000239       0x2d build/stm32l1xx_hal_tim.o
 .ARM.attributes
                0x00000266       0x2d build/stm32l1xx_hal_tim_ex.o
 .ARM.attributes
                0x00000293       0x2d build/stm32l1xx_hal_uart.o
 .ARM.attributes
                0x000002c0       0x2d build/system_stm32l1xx.o
 .ARM.attributes
                0x000002ed       0x21 build/startup_stm32l152xe.o
 .ARM.attributes
                0x0000030e       0x2d C:/Program Files (x86)/Arm GNU Toolchain arm-none-eabi/13.2 Rel1/bin/../lib/gcc/arm-none-eabi/13.2.1/thumb/v7-m/nofp\libc_nano.a(libc_a-findfp.o)
 .ARM.attributes
                0x0000033b       0x2d C:/Program Files (x86)/Arm GNU Toolchain arm-none-eabi/13.2 Rel1/bin/../lib/gcc/arm-none-eabi/13.2.1/thumb/v7-m/nofp\libc_nano.a(libc_a-fwalk.o)
 .ARM.attributes
                0x00000368       0x2d C:/Program Files (x86)/Arm GNU Toolchain arm-none-eabi/13.2 Rel1/bin/../lib/gcc/arm-none-eabi/13.2.1/thumb/v7-m/nofp\libc_nano.a(libc_a-puts.o)
 .ARM.attributes
                0x00000395       0x2d C:/Program Files (x86)/Arm GNU Toolchain arm-none-eabi/13.2 Rel1/bin/../lib/gcc/arm-none-eabi/13.2.1/thumb/v7-m/nofp\libc_nano.a(libc_a-stdio.o)
 .ARM.attributes
                0x000003c2       0x2d C:/Program Files (x86)/Arm GNU Toolchain arm-none-eabi/13.2 Rel1/bin/../lib/gcc/arm-none-eabi/13.2.1/thumb/v7-m/nofp\libc_nano.a(libc_a-wbuf.o)
 .ARM.attributes
                0x000003ef       0x2d C:/Program Files (x86)/Arm GNU Toolchain arm-none-eabi/13.2 Rel1/bin/../lib/gcc/arm-none-eabi/13.2.1/thumb/v7-m/nofp\libc_nano.a(libc_a-wsetup.o)
 .ARM.attributes
                0x0000041c       0x2d C:/Program Files (x86)/Arm GNU Toolchain arm-none-eabi/13.2 Rel1/bin/../lib/gcc/arm-none-eabi/13.2.1/thumb/v7-m/nofp\libc_nano.a(libc_a-memset.o)
 .ARM.attributes
                0x00000449       0x2d C:/Program Files (x86)/Arm GNU Toolchain arm-none-eabi/13.2 Rel1/bin/../lib/gcc/arm-none-eabi/13.2.1/thumb/v7-m/nofp\libc_nano.a(libc_a-closer.o)
 .ARM.attributes
                0x00000476       0x2d C:/Program Files (x86)/Arm GNU Toolchain arm-none-eabi/13.2 Rel1/bin/../lib/gcc/arm-none-eabi/13.2.1/thumb/v7-m/nofp\libc_nano.a(libc_a-reent.o)
 .ARM.attributes
                0x000004a3       0x2d C:/Program Files (x86)/Arm GNU Toolchain arm-none-eabi/13.2 Rel1/bin/../lib/gcc/arm-none-eabi/13.2.1/thumb/v7-m/nofp\libc_nano.a(libc_a-impure.o)
 .ARM.attributes
                0x000004d0       0x2d C:/Program Files (x86)/Arm GNU Toolchain arm-none-eabi/13.2 Rel1/bin/../lib/gcc/arm-none-eabi/13.2.1/thumb/v7-m/nofp\libc_nano.a(libc_a-lseekr.o)
 .ARM.attributes
                0x000004fd       0x2d C:/Program Files (x86)/Arm GNU Toolchain arm-none-eabi/13.2 Rel1/bin/../lib/gcc/arm-none-eabi/13.2.1/thumb/v7-m/nofp\libc_nano.a(libc_a-readr.o)
 .ARM.attributes
                0x0000052a       0x2d C:/Program Files (x86)/Arm GNU Toolchain arm-none-eabi/13.2 Rel1/bin/../lib/gcc/arm-none-eabi/13.2.1/thumb/v7-m/nofp\libc_nano.a(libc_a-writer.o)
 .ARM.attributes
                0x00000557       0x2d C:/Program Files (x86)/Arm GNU Toolchain arm-none-eabi/13.2 Rel1/bin/../lib/gcc/arm-none-eabi/13.2.1/thumb/v7-m/nofp\libc_nano.a(libc_a-init.o)
 .ARM.attributes
                0x00000584       0x2d C:/Program Files (x86)/Arm GNU Toolchain arm-none-eabi/13.2 Rel1/bin/../lib/gcc/arm-none-eabi/13.2.1/thumb/v7-m/nofp\libc_nano.a(libc_a-lock.o)
 .ARM.attributes
                0x000005b1       0x2d C:/Program Files (x86)/Arm GNU Toolchain arm-none-eabi/13.2 Rel1/bin/../lib/gcc/arm-none-eabi/13.2.1/thumb/v7-m/nofp\libc_nano.a(libc_a-freer.o)
 .ARM.attributes
                0x000005de       0x2d C:/Program Files (x86)/Arm GNU Toolchain arm-none-eabi/13.2 Rel1/bin/../lib/gcc/arm-none-eabi/13.2.1/thumb/v7-m/nofp\libc_nano.a(libc_a-mallocr.o)
 .ARM.attributes
                0x0000060b       0x2d C:/Program Files (x86)/Arm GNU Toolchain arm-none-eabi/13.2 Rel1/bin/../lib/gcc/arm-none-eabi/13.2.1/thumb/v7-m/nofp\libc_nano.a(libc_a-mlock.o)
 .ARM.attributes
                0x00000638       0x2d C:/Program Files (x86)/Arm GNU Toolchain arm-none-eabi/13.2 Rel1/bin/../lib/gcc/arm-none-eabi/13.2.1/thumb/v7-m/nofp\libc_nano.a(libc_a-fflush.o)
 .ARM.attributes
                0x00000665       0x2d C:/Program Files (x86)/Arm GNU Toolchain arm-none-eabi/13.2 Rel1/bin/../lib/gcc/arm-none-eabi/13.2.1/thumb/v7-m/nofp\libc_nano.a(libc_a-makebuf.o)
 .ARM.attributes
                0x00000692       0x2d C:/Program Files (x86)/Arm GNU Toolchain arm-none-eabi/13.2 Rel1/bin/../lib/gcc/arm-none-eabi/13.2.1/thumb/v7-m/nofp\libc_nano.a(libc_a-fstatr.o)
 .ARM.attributes
                0x000006bf       0x2d C:/Program Files (x86)/Arm GNU Toolchain arm-none-eabi/13.2 Rel1/bin/../lib/gcc/arm-none-eabi/13.2.1/thumb/v7-m/nofp\libc_nano.a(libc_a-isattyr.o)
 .ARM.attributes
                0x000006ec       0x2d C:/Program Files (x86)/Arm GNU Toolchain arm-none-eabi/13.2 Rel1/bin/../lib/gcc/arm-none-eabi/13.2.1/thumb/v7-m/nofp\libc_nano.a(libc_a-sbrkr.o)
 .ARM.attributes
                0x00000719       0x2d C:/Program Files (x86)/Arm GNU Toolchain arm-none-eabi/13.2 Rel1/bin/../lib/gcc/arm-none-eabi/13.2.1/thumb/v7-m/nofp\libnosys.a(close.o)
 .ARM.attributes
                0x00000746       0x2d C:/Program Files (x86)/Arm GNU Toolchain arm-none-eabi/13.2 Rel1/bin/../lib/gcc/arm-none-eabi/13.2.1/thumb/v7-m/nofp\libnosys.a(fstat.o)
 .ARM.attributes
                0x00000773       0x2d C:/Program Files (x86)/Arm GNU Toolchain arm-none-eabi/13.2 Rel1/bin/../lib/gcc/arm-none-eabi/13.2.1/thumb/v7-m/nofp\libnosys.a(isatty.o)
 .ARM.attributes
                0x000007a0       0x2d C:/Program Files (x86)/Arm GNU Toolchain arm-none-eabi/13.2 Rel1/bin/../lib/gcc/arm-none-eabi/13.2.1/thumb/v7-m/nofp\libnosys.a(lseek.o)
 .ARM.attributes
                0x000007cd       0x2d C:/Program Files (x86)/Arm GNU Toolchain arm-none-eabi/13.2 Rel1/bin/../lib/gcc/arm-none-eabi/13.2.1/thumb/v7-m/nofp\libnosys.a(read.o)
 .ARM.attributes
                0x000007fa       0x2d C:/Program Files (x86)/Arm GNU Toolchain arm-none-eabi/13.2 Rel1/bin/../lib/gcc/arm-none-eabi/13.2.1/thumb/v7-m/nofp\libnosys.a(sbrk.o)
 .ARM.attributes
                0x00000827       0x2d C:/Program Files (x86)/Arm GNU Toolchain arm-none-eabi/13.2 Rel1/bin/../lib/gcc/arm-none-eabi/13.2.1/thumb/v7-m/nofp\libnosys.a(write.o)
 .ARM.attributes
                0x00000854       0x1d C:/Program Files (x86)/Arm GNU Toolchain arm-none-eabi/13.2 Rel1/bin/../lib/gcc/arm-none-eabi/13.2.1/thumb/v7-m/nofp\libgcc.a(_aeabi_uldivmod.o)
 .ARM.attributes
                0x00000871       0x2d C:/Program Files (x86)/Arm GNU Toolchain arm-none-eabi/13.2 Rel1/bin/../lib/gcc/arm-none-eabi/13.2.1/thumb/v7-m/nofp\libgcc.a(_udivmoddi4.o)
 .ARM.attributes
                0x0000089e       0x1d C:/Program Files (x86)/Arm GNU Toolchain arm-none-eabi/13.2 Rel1/bin/../lib/gcc/arm-none-eabi/13.2.1/thumb/v7-m/nofp\libgcc.a(_dvmd_tls.o)
 .ARM.attributes
                0x000008bb       0x2d C:/Program Files (x86)/Arm GNU Toolchain arm-none-eabi/13.2 Rel1/bin/../lib/gcc/arm-none-eabi/13.2.1/thumb/v7-m/nofp/crtend.o
 .ARM.attributes
                0x000008e8       0x1d C:/Program Files (x86)/Arm GNU Toolchain arm-none-eabi/13.2 Rel1/bin/../lib/gcc/arm-none-eabi/13.2.1/thumb/v7-m/nofp/crtn.o
OUTPUT(build/bomb_has_been_defused.elf elf32-littlearm)
LOAD linker stubs
LOAD C:/Program Files (x86)/Arm GNU Toolchain arm-none-eabi/13.2 Rel1/bin/../lib/gcc/arm-none-eabi/13.2.1/thumb/v7-m/nofp\libc.a
LOAD C:/Program Files (x86)/Arm GNU Toolchain arm-none-eabi/13.2 Rel1/bin/../lib/gcc/arm-none-eabi/13.2.1/thumb/v7-m/nofp\libm.a
LOAD C:/Program Files (x86)/Arm GNU Toolchain arm-none-eabi/13.2 Rel1/bin/../lib/gcc/arm-none-eabi/13.2.1/thumb/v7-m/nofp\libgcc.a

.debug_info     0x00000000    0x1594d
 .debug_info    0x00000000     0x2f26 build/main.o
 .debug_info    0x00002f26      0xce4 build/stm32l1xx_it.o
 .debug_info    0x00003c0a     0x1b54 build/stm32l1xx_hal_msp.o
 .debug_info    0x0000575e     0x1321 build/stm32l1xx_hal_adc.o
 .debug_info    0x00006a7f      0xafd build/stm32l1xx_hal_adc_ex.o
 .debug_info    0x0000757c      0x875 build/stm32l1xx_hal.o
 .debug_info    0x00007df1      0xd23 build/stm32l1xx_hal_rcc.o
 .debug_info    0x00008b14      0x6e5 build/stm32l1xx_hal_gpio.o
 .debug_info    0x000091f9      0x8c4 build/stm32l1xx_hal_dma.o
 .debug_info    0x00009abd     0x10f1 build/stm32l1xx_hal_cortex.o
 .debug_info    0x0000abae     0x2022 build/stm32l1xx_hal_spi.o
 .debug_info    0x0000cbd0     0x3eca build/stm32l1xx_hal_tim.o
 .debug_info    0x00010a9a      0x78c build/stm32l1xx_hal_tim_ex.o
 .debug_info    0x00011226     0x440b build/stm32l1xx_hal_uart.o
 .debug_info    0x00015631      0x2ec build/system_stm32l1xx.o
 .debug_info    0x0001591d       0x30 build/startup_stm32l152xe.o

.debug_abbrev   0x00000000     0x276e
 .debug_abbrev  0x00000000      0x411 build/main.o
 .debug_abbrev  0x00000411      0x1e1 build/stm32l1xx_it.o
 .debug_abbrev  0x000005f2      0x25d build/stm32l1xx_hal_msp.o
 .debug_abbrev  0x0000084f      0x2fb build/stm32l1xx_hal_adc.o
 .debug_abbrev  0x00000b4a      0x2b3 build/stm32l1xx_hal_adc_ex.o
 .debug_abbrev  0x00000dfd      0x28a build/stm32l1xx_hal.o
 .debug_abbrev  0x00001087      0x2fc build/stm32l1xx_hal_rcc.o
 .debug_abbrev  0x00001383      0x22b build/stm32l1xx_hal_gpio.o
 .debug_abbrev  0x000015ae      0x258 build/stm32l1xx_hal_dma.o
 .debug_abbrev  0x00001806      0x3d3 build/stm32l1xx_hal_cortex.o
 .debug_abbrev  0x00001bd9      0x2c6 build/stm32l1xx_hal_spi.o
 .debug_abbrev  0x00001e9f      0x2a8 build/stm32l1xx_hal_tim.o
 .debug_abbrev  0x00002147      0x190 build/stm32l1xx_hal_tim_ex.o
 .debug_abbrev  0x000022d7      0x35f build/stm32l1xx_hal_uart.o
 .debug_abbrev  0x00002636      0x11b build/system_stm32l1xx.o
 .debug_abbrev  0x00002751       0x1d build/startup_stm32l152xe.o

.debug_loc      0x00000000    0x121a3
 .debug_loc     0x00000000      0x92a build/main.o
 .debug_loc     0x0000092a      0x140 build/stm32l1xx_it.o
 .debug_loc     0x00000a6a      0x6e6 build/stm32l1xx_hal_msp.o
 .debug_loc     0x00001150      0xf58 build/stm32l1xx_hal_adc.o
 .debug_loc     0x000020a8      0x727 build/stm32l1xx_hal_adc_ex.o
 .debug_loc     0x000027cf      0x28b build/stm32l1xx_hal.o
 .debug_loc     0x00002a5a      0x917 build/stm32l1xx_hal_rcc.o
 .debug_loc     0x00003371      0x506 build/stm32l1xx_hal_gpio.o
 .debug_loc     0x00003877      0x9ac build/stm32l1xx_hal_dma.o
 .debug_loc     0x00004223      0x8df build/stm32l1xx_hal_cortex.o
 .debug_loc     0x00004b02     0x28cb build/stm32l1xx_hal_spi.o
 .debug_loc     0x000073cd     0x5926 build/stm32l1xx_hal_tim.o
 .debug_loc     0x0000ccf3      0x148 build/stm32l1xx_hal_tim_ex.o
 .debug_loc     0x0000ce3b     0x5192 build/stm32l1xx_hal_uart.o
 .debug_loc     0x00011fcd      0x1d6 build/system_stm32l1xx.o

.debug_aranges  0x00000000      0xe98
 .debug_aranges
                0x00000000       0xf0 build/main.o
 .debug_aranges
                0x000000f0       0xa8 build/stm32l1xx_it.o
 .debug_aranges
                0x00000198       0x78 build/stm32l1xx_hal_msp.o
 .debug_aranges
                0x00000210       0xf0 build/stm32l1xx_hal_adc.o
 .debug_aranges
                0x00000300       0x58 build/stm32l1xx_hal_adc_ex.o
 .debug_aranges
                0x00000358       0xe0 build/stm32l1xx_hal.o
 .debug_aranges
                0x00000438       0x90 build/stm32l1xx_hal_rcc.o
 .debug_aranges
                0x000004c8       0x58 build/stm32l1xx_hal_gpio.o
 .debug_aranges
                0x00000520       0x80 build/stm32l1xx_hal_dma.o
 .debug_aranges
                0x000005a0       0xd8 build/stm32l1xx_hal_cortex.o
 .debug_aranges
                0x00000678      0x1d0 build/stm32l1xx_hal_spi.o
 .debug_aranges
                0x00000848      0x3d0 build/stm32l1xx_hal_tim.o
 .debug_aranges
                0x00000c18       0x28 build/stm32l1xx_hal_tim_ex.o
 .debug_aranges
                0x00000c40      0x208 build/stm32l1xx_hal_uart.o
 .debug_aranges
                0x00000e48       0x28 build/system_stm32l1xx.o
 .debug_aranges
                0x00000e70       0x28 build/startup_stm32l152xe.o

.debug_ranges   0x00000000      0xe18
 .debug_ranges  0x00000000      0x128 build/main.o
 .debug_ranges  0x00000128       0x98 build/stm32l1xx_it.o
 .debug_ranges  0x000001c0       0x68 build/stm32l1xx_hal_msp.o
 .debug_ranges  0x00000228       0xe0 build/stm32l1xx_hal_adc.o
 .debug_ranges  0x00000308       0x48 build/stm32l1xx_hal_adc_ex.o
 .debug_ranges  0x00000350       0xd0 build/stm32l1xx_hal.o
 .debug_ranges  0x00000420       0x98 build/stm32l1xx_hal_rcc.o
 .debug_ranges  0x000004b8       0x48 build/stm32l1xx_hal_gpio.o
 .debug_ranges  0x00000500       0x70 build/stm32l1xx_hal_dma.o
 .debug_ranges  0x00000570       0xc8 build/stm32l1xx_hal_cortex.o
 .debug_ranges  0x00000638      0x1c0 build/stm32l1xx_hal_spi.o
 .debug_ranges  0x000007f8      0x3c0 build/stm32l1xx_hal_tim.o
 .debug_ranges  0x00000bb8       0x18 build/stm32l1xx_hal_tim_ex.o
 .debug_ranges  0x00000bd0      0x210 build/stm32l1xx_hal_uart.o
 .debug_ranges  0x00000de0       0x18 build/system_stm32l1xx.o
 .debug_ranges  0x00000df8       0x20 build/startup_stm32l152xe.o

.debug_line     0x00000000     0xf945
 .debug_line    0x00000000      0xf89 build/main.o
 .debug_line    0x00000f89      0x3b8 build/stm32l1xx_it.o
 .debug_line    0x00001341      0x6aa build/stm32l1xx_hal_msp.o
 .debug_line    0x000019eb      0xe27 build/stm32l1xx_hal_adc.o
 .debug_line    0x00002812      0x7dd build/stm32l1xx_hal_adc_ex.o
 .debug_line    0x00002fef      0x560 build/stm32l1xx_hal.o
 .debug_line    0x0000354f      0xe7b build/stm32l1xx_hal_rcc.o
 .debug_line    0x000043ca      0x5ae build/stm32l1xx_hal_gpio.o
 .debug_line    0x00004978      0x96e build/stm32l1xx_hal_dma.o
 .debug_line    0x000052e6      0x7ee build/stm32l1xx_hal_cortex.o
 .debug_line    0x00005ad4     0x24e3 build/stm32l1xx_hal_spi.o
 .debug_line    0x00007fb7     0x3eb3 build/stm32l1xx_hal_tim.o
 .debug_line    0x0000be6a      0x2cb build/stm32l1xx_hal_tim_ex.o
 .debug_line    0x0000c135     0x353f build/stm32l1xx_hal_uart.o
 .debug_line    0x0000f674      0x25f build/system_stm32l1xx.o
 .debug_line    0x0000f8d3       0x72 build/startup_stm32l152xe.o

.debug_str      0x00000000     0x4360
 .debug_str     0x00000000     0x4360 build/main.o
                               0x181f (size before relaxing)
 .debug_str     0x00004360      0x9e2 build/stm32l1xx_it.o
 .debug_str     0x00004360     0x11e4 build/stm32l1xx_hal_msp.o
 .debug_str     0x00004360      0x9ac build/stm32l1xx_hal_adc.o
 .debug_str     0x00004360      0x85f build/stm32l1xx_hal_adc_ex.o
 .debug_str     0x00004360      0x851 build/stm32l1xx_hal.o
 .debug_str     0x00004360      0x6f8 build/stm32l1xx_hal_rcc.o
 .debug_str     0x00004360      0x404 build/stm32l1xx_hal_gpio.o
 .debug_str     0x00004360      0x608 build/stm32l1xx_hal_dma.o
 .debug_str     0x00004360      0xa82 build/stm32l1xx_hal_cortex.o
 .debug_str     0x00004360      0xb6c build/stm32l1xx_hal_spi.o
 .debug_str     0x00004360     0x1576 build/stm32l1xx_hal_tim.o
 .debug_str     0x00004360      0x72b build/stm32l1xx_hal_tim_ex.o
 .debug_str     0x00004360      0xce8 build/stm32l1xx_hal_uart.o
 .debug_str     0x00004360      0x283 build/system_stm32l1xx.o
 .debug_str     0x00004360       0x7f build/startup_stm32l152xe.o

.comment        0x00000000       0x44
 .comment       0x00000000       0x44 build/main.o
                                 0x45 (size before relaxing)
 .comment       0x00000044       0x45 build/stm32l1xx_it.o
 .comment       0x00000044       0x45 build/stm32l1xx_hal_msp.o
 .comment       0x00000044       0x45 build/stm32l1xx_hal_adc.o
 .comment       0x00000044       0x45 build/stm32l1xx_hal_adc_ex.o
 .comment       0x00000044       0x45 build/stm32l1xx_hal.o
 .comment       0x00000044       0x45 build/stm32l1xx_hal_rcc.o
 .comment       0x00000044       0x45 build/stm32l1xx_hal_gpio.o
 .comment       0x00000044       0x45 build/stm32l1xx_hal_dma.o
 .comment       0x00000044       0x45 build/stm32l1xx_hal_cortex.o
 .comment       0x00000044       0x45 build/stm32l1xx_hal_spi.o
 .comment       0x00000044       0x45 build/stm32l1xx_hal_tim.o
 .comment       0x00000044       0x45 build/stm32l1xx_hal_tim_ex.o
 .comment       0x00000044       0x45 build/stm32l1xx_hal_uart.o
 .comment       0x00000044       0x45 build/system_stm32l1xx.o

.debug_frame    0x00000000     0x2f58
 .debug_frame   0x00000000      0x2dc build/main.o
 .debug_frame   0x000002dc      0x180 build/stm32l1xx_it.o
 .debug_frame   0x0000045c      0x164 build/stm32l1xx_hal_msp.o
 .debug_frame   0x000005c0      0x2c4 build/stm32l1xx_hal_adc.o
 .debug_frame   0x00000884       0xec build/stm32l1xx_hal_adc_ex.o
 .debug_frame   0x00000970      0x1cc build/stm32l1xx_hal.o
 .debug_frame   0x00000b3c      0x1a4 build/stm32l1xx_hal_rcc.o
 .debug_frame   0x00000ce0       0xd0 build/stm32l1xx_hal_gpio.o
 .debug_frame   0x00000db0      0x138 build/stm32l1xx_hal_dma.o
 .debug_frame   0x00000ee8      0x1cc build/stm32l1xx_hal_cortex.o
 .debug_frame   0x000010b4      0x5ac build/stm32l1xx_hal_spi.o
 .debug_frame   0x00001660      0xafc build/stm32l1xx_hal_tim.o
 .debug_frame   0x0000215c       0x3c build/stm32l1xx_hal_tim_ex.o
 .debug_frame   0x00002198      0x5d4 build/stm32l1xx_hal_uart.o
 .debug_frame   0x0000276c       0x30 build/system_stm32l1xx.o
 .debug_frame   0x0000279c      0x144 C:/Program Files (x86)/Arm GNU Toolchain arm-none-eabi/13.2 Rel1/bin/../lib/gcc/arm-none-eabi/13.2.1/thumb/v7-m/nofp\libc_nano.a(libc_a-findfp.o)
 .debug_frame   0x000028e0       0x34 C:/Program Files (x86)/Arm GNU Toolchain arm-none-eabi/13.2 Rel1/bin/../lib/gcc/arm-none-eabi/13.2.1/thumb/v7-m/nofp\libc_nano.a(libc_a-fwalk.o)
 .debug_frame   0x00002914       0x3c C:/Program Files (x86)/Arm GNU Toolchain arm-none-eabi/13.2 Rel1/bin/../lib/gcc/arm-none-eabi/13.2.1/thumb/v7-m/nofp\libc_nano.a(libc_a-puts.o)
 .debug_frame   0x00002950       0x88 C:/Program Files (x86)/Arm GNU Toolchain arm-none-eabi/13.2 Rel1/bin/../lib/gcc/arm-none-eabi/13.2.1/thumb/v7-m/nofp\libc_nano.a(libc_a-stdio.o)
 .debug_frame   0x000029d8       0x40 C:/Program Files (x86)/Arm GNU Toolchain arm-none-eabi/13.2 Rel1/bin/../lib/gcc/arm-none-eabi/13.2.1/thumb/v7-m/nofp\libc_nano.a(libc_a-wbuf.o)
 .debug_frame   0x00002a18       0x2c C:/Program Files (x86)/Arm GNU Toolchain arm-none-eabi/13.2 Rel1/bin/../lib/gcc/arm-none-eabi/13.2.1/thumb/v7-m/nofp\libc_nano.a(libc_a-wsetup.o)
 .debug_frame   0x00002a44       0x20 C:/Program Files (x86)/Arm GNU Toolchain arm-none-eabi/13.2 Rel1/bin/../lib/gcc/arm-none-eabi/13.2.1/thumb/v7-m/nofp\libc_nano.a(libc_a-memset.o)
 .debug_frame   0x00002a64       0x2c C:/Program Files (x86)/Arm GNU Toolchain arm-none-eabi/13.2 Rel1/bin/../lib/gcc/arm-none-eabi/13.2.1/thumb/v7-m/nofp\libc_nano.a(libc_a-closer.o)
 .debug_frame   0x00002a90       0x38 C:/Program Files (x86)/Arm GNU Toolchain arm-none-eabi/13.2 Rel1/bin/../lib/gcc/arm-none-eabi/13.2.1/thumb/v7-m/nofp\libc_nano.a(libc_a-reent.o)
 .debug_frame   0x00002ac8       0x2c C:/Program Files (x86)/Arm GNU Toolchain arm-none-eabi/13.2 Rel1/bin/../lib/gcc/arm-none-eabi/13.2.1/thumb/v7-m/nofp\libc_nano.a(libc_a-lseekr.o)
 .debug_frame   0x00002af4       0x2c C:/Program Files (x86)/Arm GNU Toolchain arm-none-eabi/13.2 Rel1/bin/../lib/gcc/arm-none-eabi/13.2.1/thumb/v7-m/nofp\libc_nano.a(libc_a-readr.o)
 .debug_frame   0x00002b20       0x2c C:/Program Files (x86)/Arm GNU Toolchain arm-none-eabi/13.2 Rel1/bin/../lib/gcc/arm-none-eabi/13.2.1/thumb/v7-m/nofp\libc_nano.a(libc_a-writer.o)
 .debug_frame   0x00002b4c       0x2c C:/Program Files (x86)/Arm GNU Toolchain arm-none-eabi/13.2 Rel1/bin/../lib/gcc/arm-none-eabi/13.2.1/thumb/v7-m/nofp\libc_nano.a(libc_a-init.o)
 .debug_frame   0x00002b78       0xb0 C:/Program Files (x86)/Arm GNU Toolchain arm-none-eabi/13.2 Rel1/bin/../lib/gcc/arm-none-eabi/13.2.1/thumb/v7-m/nofp\libc_nano.a(libc_a-lock.o)
 .debug_frame   0x00002c28       0x38 C:/Program Files (x86)/Arm GNU Toolchain arm-none-eabi/13.2 Rel1/bin/../lib/gcc/arm-none-eabi/13.2.1/thumb/v7-m/nofp\libc_nano.a(libc_a-freer.o)
 .debug_frame   0x00002c60       0x50 C:/Program Files (x86)/Arm GNU Toolchain arm-none-eabi/13.2 Rel1/bin/../lib/gcc/arm-none-eabi/13.2.1/thumb/v7-m/nofp\libc_nano.a(libc_a-mallocr.o)
 .debug_frame   0x00002cb0       0x30 C:/Program Files (x86)/Arm GNU Toolchain arm-none-eabi/13.2 Rel1/bin/../lib/gcc/arm-none-eabi/13.2.1/thumb/v7-m/nofp\libc_nano.a(libc_a-mlock.o)
 .debug_frame   0x00002ce0       0x5c C:/Program Files (x86)/Arm GNU Toolchain arm-none-eabi/13.2 Rel1/bin/../lib/gcc/arm-none-eabi/13.2.1/thumb/v7-m/nofp\libc_nano.a(libc_a-fflush.o)
 .debug_frame   0x00002d3c       0x58 C:/Program Files (x86)/Arm GNU Toolchain arm-none-eabi/13.2 Rel1/bin/../lib/gcc/arm-none-eabi/13.2.1/thumb/v7-m/nofp\libc_nano.a(libc_a-makebuf.o)
 .debug_frame   0x00002d94       0x2c C:/Program Files (x86)/Arm GNU Toolchain arm-none-eabi/13.2 Rel1/bin/../lib/gcc/arm-none-eabi/13.2.1/thumb/v7-m/nofp\libc_nano.a(libc_a-fstatr.o)
 .debug_frame   0x00002dc0       0x2c C:/Program Files (x86)/Arm GNU Toolchain arm-none-eabi/13.2 Rel1/bin/../lib/gcc/arm-none-eabi/13.2.1/thumb/v7-m/nofp\libc_nano.a(libc_a-isattyr.o)
 .debug_frame   0x00002dec       0x2c C:/Program Files (x86)/Arm GNU Toolchain arm-none-eabi/13.2 Rel1/bin/../lib/gcc/arm-none-eabi/13.2.1/thumb/v7-m/nofp\libc_nano.a(libc_a-sbrkr.o)
 .debug_frame   0x00002e18       0x20 C:/Program Files (x86)/Arm GNU Toolchain arm-none-eabi/13.2 Rel1/bin/../lib/gcc/arm-none-eabi/13.2.1/thumb/v7-m/nofp\libnosys.a(close.o)
 .debug_frame   0x00002e38       0x20 C:/Program Files (x86)/Arm GNU Toolchain arm-none-eabi/13.2 Rel1/bin/../lib/gcc/arm-none-eabi/13.2.1/thumb/v7-m/nofp\libnosys.a(fstat.o)
 .debug_frame   0x00002e58       0x20 C:/Program Files (x86)/Arm GNU Toolchain arm-none-eabi/13.2 Rel1/bin/../lib/gcc/arm-none-eabi/13.2.1/thumb/v7-m/nofp\libnosys.a(isatty.o)
 .debug_frame   0x00002e78       0x20 C:/Program Files (x86)/Arm GNU Toolchain arm-none-eabi/13.2 Rel1/bin/../lib/gcc/arm-none-eabi/13.2.1/thumb/v7-m/nofp\libnosys.a(lseek.o)
 .debug_frame   0x00002e98       0x20 C:/Program Files (x86)/Arm GNU Toolchain arm-none-eabi/13.2 Rel1/bin/../lib/gcc/arm-none-eabi/13.2.1/thumb/v7-m/nofp\libnosys.a(read.o)
 .debug_frame   0x00002eb8       0x20 C:/Program Files (x86)/Arm GNU Toolchain arm-none-eabi/13.2 Rel1/bin/../lib/gcc/arm-none-eabi/13.2.1/thumb/v7-m/nofp\libnosys.a(sbrk.o)
 .debug_frame   0x00002ed8       0x20 C:/Program Files (x86)/Arm GNU Toolchain arm-none-eabi/13.2 Rel1/bin/../lib/gcc/arm-none-eabi/13.2.1/thumb/v7-m/nofp\libnosys.a(write.o)
 .debug_frame   0x00002ef8       0x2c C:/Program Files (x86)/Arm GNU Toolchain arm-none-eabi/13.2 Rel1/bin/../lib/gcc/arm-none-eabi/13.2.1/thumb/v7-m/nofp\libgcc.a(_aeabi_uldivmod.o)
 .debug_frame   0x00002f24       0x34 C:/Program Files (x86)/Arm GNU Toolchain arm-none-eabi/13.2 Rel1/bin/../lib/gcc/arm-none-eabi/13.2.1/thumb/v7-m/nofp\libgcc.a(_udivmoddi4.o)

.debug_line_str
                0x00000000       0xd1
 .debug_line_str
                0x00000000       0xd1 C:/Program Files (x86)/Arm GNU Toolchain arm-none-eabi/13.2 Rel1/bin/../lib/gcc/arm-none-eabi/13.2.1/thumb/v7-m/nofp\libgcc.a(_aeabi_uldivmod.o)
                                 0xc5 (size before relaxing)
 .debug_line_str
                0x000000d1       0xc9 C:/Program Files (x86)/Arm GNU Toolchain arm-none-eabi/13.2 Rel1/bin/../lib/gcc/arm-none-eabi/13.2.1/thumb/v7-m/nofp\libgcc.a(_dvmd_tls.o)

Cross Reference Table

Symbol                                            File
ADC1_IRQHandler                                   build/stm32l1xx_it.o
ADC_ConversionStop_Disable                        build/stm32l1xx_hal_adc.o
                                                  build/stm32l1xx_hal_adc_ex.o
ADC_Enable                                        build/stm32l1xx_hal_adc.o
                                                  build/stm32l1xx_hal_adc_ex.o
AHBPrescTable                                     build/system_stm32l1xx.o
                                                  build/stm32l1xx_hal_rcc.o
APBPrescTable                                     build/system_stm32l1xx.o
                                                  build/stm32l1xx_hal_rcc.o
BCD_Init                                          build/main.o
BCD_SendCommand                                   build/main.o
BCD_updateClock                                   build/main.o
BusFault_Handler                                  build/stm32l1xx_it.o
COMP_ACQ_IRQHandler                               build/startup_stm32l152xe.o
COMP_IRQHandler                                   build/startup_stm32l152xe.o
DAC_IRQHandler                                    build/startup_stm32l152xe.o
DMA1_Channel1_IRQHandler                          build/stm32l1xx_it.o
DMA1_Channel2_IRQHandler                          build/startup_stm32l152xe.o
DMA1_Channel3_IRQHandler                          build/startup_stm32l152xe.o
DMA1_Channel4_IRQHandler                          build/startup_stm32l152xe.o
DMA1_Channel5_IRQHandler                          build/startup_stm32l152xe.o
DMA1_Channel6_IRQHandler                          build/startup_stm32l152xe.o
DMA1_Channel7_IRQHandler                          build/startup_stm32l152xe.o
DMA2_Channel1_IRQHandler                          build/startup_stm32l152xe.o
DMA2_Channel2_IRQHandler                          build/startup_stm32l152xe.o
DMA2_Channel3_IRQHandler                          build/startup_stm32l152xe.o
DMA2_Channel4_IRQHandler                          build/startup_stm32l152xe.o
DMA2_Channel5_IRQHandler                          build/startup_stm32l152xe.o
DebugMon_Handler                                  build/stm32l1xx_it.o
Default_Handler                                   build/startup_stm32l152xe.o
EXTI0_IRQHandler                                  build/startup_stm32l152xe.o
EXTI15_10_IRQHandler                              build/stm32l1xx_it.o
EXTI1_IRQHandler                                  build/startup_stm32l152xe.o
EXTI2_IRQHandler                                  build/startup_stm32l152xe.o
EXTI3_IRQHandler                                  build/startup_stm32l152xe.o
EXTI4_IRQHandler                                  build/startup_stm32l152xe.o
EXTI9_5_IRQHandler                                build/stm32l1xx_it.o
Error_Handler                                     build/main.o
                                                  build/stm32l1xx_hal_msp.o
FLASH_IRQHandler                                  build/startup_stm32l152xe.o
FLASH_PageErase                                   build/stm32l1xx_hal_flash_ex.o
                                                  build/stm32l1xx_hal_flash.o
FLASH_WaitForLastOperation                        build/stm32l1xx_hal_flash.o
                                                  build/stm32l1xx_hal_flash_ex.o
HAL_ADCEx_InjectedConfigChannel                   build/stm32l1xx_hal_adc_ex.o
HAL_ADCEx_InjectedConvCpltCallback                build/stm32l1xx_hal_adc_ex.o
                                                  build/stm32l1xx_hal_adc.o
HAL_ADCEx_InjectedGetValue                        build/stm32l1xx_hal_adc_ex.o
HAL_ADCEx_InjectedPollForConversion               build/stm32l1xx_hal_adc_ex.o
HAL_ADCEx_InjectedStart                           build/stm32l1xx_hal_adc_ex.o
HAL_ADCEx_InjectedStart_IT                        build/stm32l1xx_hal_adc_ex.o
HAL_ADCEx_InjectedStop                            build/stm32l1xx_hal_adc_ex.o
HAL_ADCEx_InjectedStop_IT                         build/stm32l1xx_hal_adc_ex.o
HAL_ADC_AnalogWDGConfig                           build/stm32l1xx_hal_adc.o
HAL_ADC_ConfigChannel                             build/stm32l1xx_hal_adc.o
                                                  build/main.o
HAL_ADC_ConvCpltCallback                          build/stm32l1xx_hal_adc.o
HAL_ADC_ConvHalfCpltCallback                      build/stm32l1xx_hal_adc.o
HAL_ADC_DeInit                                    build/stm32l1xx_hal_adc.o
HAL_ADC_ErrorCallback                             build/stm32l1xx_hal_adc.o
HAL_ADC_GetError                                  build/stm32l1xx_hal_adc.o
HAL_ADC_GetState                                  build/stm32l1xx_hal_adc.o
HAL_ADC_GetValue                                  build/stm32l1xx_hal_adc.o
HAL_ADC_IRQHandler                                build/stm32l1xx_hal_adc.o
                                                  build/stm32l1xx_it.o
HAL_ADC_Init                                      build/stm32l1xx_hal_adc.o
                                                  build/main.o
HAL_ADC_LevelOutOfWindowCallback                  build/stm32l1xx_hal_adc.o
HAL_ADC_MspDeInit                                 build/stm32l1xx_hal_msp.o
HAL_ADC_MspInit                                   build/stm32l1xx_hal_msp.o
HAL_ADC_PollForConversion                         build/stm32l1xx_hal_adc.o
HAL_ADC_PollForEvent                              build/stm32l1xx_hal_adc.o
HAL_ADC_Start                                     build/stm32l1xx_hal_adc.o
HAL_ADC_Start_DMA                                 build/stm32l1xx_hal_adc.o
                                                  build/main.o
HAL_ADC_Start_IT                                  build/stm32l1xx_hal_adc.o
HAL_ADC_Stop                                      build/stm32l1xx_hal_adc.o
HAL_ADC_Stop_DMA                                  build/stm32l1xx_hal_adc.o
HAL_ADC_Stop_IT                                   build/stm32l1xx_hal_adc.o
HAL_DBGMCU_DisableDBGSleepMode                    build/stm32l1xx_hal.o
HAL_DBGMCU_DisableDBGStandbyMode                  build/stm32l1xx_hal.o
HAL_DBGMCU_DisableDBGStopMode                     build/stm32l1xx_hal.o
HAL_DBGMCU_EnableDBGSleepMode                     build/stm32l1xx_hal.o
HAL_DBGMCU_EnableDBGStandbyMode                   build/stm32l1xx_hal.o
HAL_DBGMCU_EnableDBGStopMode                      build/stm32l1xx_hal.o
HAL_DMA_Abort                                     build/stm32l1xx_hal_dma.o
                                                  build/stm32l1xx_hal_uart.o
                                                  build/stm32l1xx_hal_spi.o
                                                  build/stm32l1xx_hal_adc.o
HAL_DMA_Abort_IT                                  build/stm32l1xx_hal_dma.o
                                                  build/stm32l1xx_hal_uart.o
                                                  build/stm32l1xx_hal_tim.o
                                                  build/stm32l1xx_hal_spi.o
HAL_DMA_DeInit                                    build/stm32l1xx_hal_dma.o
                                                  build/stm32l1xx_hal_msp.o
HAL_DMA_GetError                                  build/stm32l1xx_hal_dma.o
                                                  build/stm32l1xx_hal_uart.o
HAL_DMA_GetState                                  build/stm32l1xx_hal_dma.o
HAL_DMA_IRQHandler                                build/stm32l1xx_hal_dma.o
                                                  build/stm32l1xx_it.o
HAL_DMA_Init                                      build/stm32l1xx_hal_dma.o
                                                  build/stm32l1xx_hal_msp.o
HAL_DMA_PollForTransfer                           build/stm32l1xx_hal_dma.o
HAL_DMA_RegisterCallback                          build/stm32l1xx_hal_dma.o
HAL_DMA_Start                                     build/stm32l1xx_hal_dma.o
HAL_DMA_Start_IT                                  build/stm32l1xx_hal_dma.o
                                                  build/stm32l1xx_hal_uart.o
                                                  build/stm32l1xx_hal_tim.o
                                                  build/stm32l1xx_hal_spi.o
                                                  build/stm32l1xx_hal_adc.o
HAL_DMA_UnRegisterCallback                        build/stm32l1xx_hal_dma.o
HAL_DeInit                                        build/stm32l1xx_hal.o
HAL_Delay                                         build/stm32l1xx_hal.o
                                                  build/main.o
HAL_EXTI_ClearConfigLine                          build/stm32l1xx_hal_exti.o
HAL_EXTI_ClearPending                             build/stm32l1xx_hal_exti.o
HAL_EXTI_GenerateSWI                              build/stm32l1xx_hal_exti.o
HAL_EXTI_GetConfigLine                            build/stm32l1xx_hal_exti.o
HAL_EXTI_GetHandle                                build/stm32l1xx_hal_exti.o
HAL_EXTI_GetPending                               build/stm32l1xx_hal_exti.o
HAL_EXTI_IRQHandler                               build/stm32l1xx_hal_exti.o
HAL_EXTI_RegisterCallback                         build/stm32l1xx_hal_exti.o
HAL_EXTI_SetConfigLine                            build/stm32l1xx_hal_exti.o
HAL_FLASHEx_AdvOBGetConfig                        build/stm32l1xx_hal_flash_ex.o
HAL_FLASHEx_AdvOBProgram                          build/stm32l1xx_hal_flash_ex.o
HAL_FLASHEx_DATAEEPROM_DisableFixedTimeProgram    build/stm32l1xx_hal_flash_ex.o
HAL_FLASHEx_DATAEEPROM_EnableFixedTimeProgram     build/stm32l1xx_hal_flash_ex.o
HAL_FLASHEx_DATAEEPROM_Erase                      build/stm32l1xx_hal_flash_ex.o
HAL_FLASHEx_DATAEEPROM_EraseDoubleWord            build/stm32l1xx_hal_flash_ramfunc.o
HAL_FLASHEx_DATAEEPROM_Lock                       build/stm32l1xx_hal_flash_ex.o
HAL_FLASHEx_DATAEEPROM_Program                    build/stm32l1xx_hal_flash_ex.o
HAL_FLASHEx_DATAEEPROM_ProgramDoubleWord          build/stm32l1xx_hal_flash_ramfunc.o
HAL_FLASHEx_DATAEEPROM_Unlock                     build/stm32l1xx_hal_flash_ex.o
HAL_FLASHEx_DisableRunPowerDown                   build/stm32l1xx_hal_flash_ramfunc.o
HAL_FLASHEx_EnableRunPowerDown                    build/stm32l1xx_hal_flash_ramfunc.o
HAL_FLASHEx_Erase                                 build/stm32l1xx_hal_flash_ex.o
HAL_FLASHEx_EraseParallelPage                     build/stm32l1xx_hal_flash_ramfunc.o
HAL_FLASHEx_Erase_IT                              build/stm32l1xx_hal_flash_ex.o
HAL_FLASHEx_GetError                              build/stm32l1xx_hal_flash_ramfunc.o
HAL_FLASHEx_HalfPageProgram                       build/stm32l1xx_hal_flash_ramfunc.o
HAL_FLASHEx_OBGetConfig                           build/stm32l1xx_hal_flash_ex.o
HAL_FLASHEx_OBProgram                             build/stm32l1xx_hal_flash_ex.o
HAL_FLASHEx_ProgramParallelHalfPage               build/stm32l1xx_hal_flash_ramfunc.o
HAL_FLASH_EndOfOperationCallback                  build/stm32l1xx_hal_flash.o
HAL_FLASH_GetError                                build/stm32l1xx_hal_flash.o
HAL_FLASH_IRQHandler                              build/stm32l1xx_hal_flash.o
HAL_FLASH_Lock                                    build/stm32l1xx_hal_flash.o
HAL_FLASH_OB_Launch                               build/stm32l1xx_hal_flash.o
HAL_FLASH_OB_Lock                                 build/stm32l1xx_hal_flash.o
HAL_FLASH_OB_Unlock                               build/stm32l1xx_hal_flash.o
HAL_FLASH_OperationErrorCallback                  build/stm32l1xx_hal_flash.o
HAL_FLASH_Program                                 build/stm32l1xx_hal_flash.o
HAL_FLASH_Program_IT                              build/stm32l1xx_hal_flash.o
HAL_FLASH_Unlock                                  build/stm32l1xx_hal_flash.o
HAL_GPIO_DeInit                                   build/stm32l1xx_hal_gpio.o
                                                  build/stm32l1xx_hal_msp.o
HAL_GPIO_EXTI_Callback                            build/main.o
HAL_GPIO_EXTI_IRQHandler                          build/stm32l1xx_hal_gpio.o
                                                  build/stm32l1xx_it.o
HAL_GPIO_Init                                     build/stm32l1xx_hal_gpio.o
                                                  build/stm32l1xx_hal_rcc.o
                                                  build/stm32l1xx_hal_msp.o
                                                  build/main.o
HAL_GPIO_LockPin                                  build/stm32l1xx_hal_gpio.o
HAL_GPIO_ReadPin                                  build/stm32l1xx_hal_gpio.o
HAL_GPIO_TogglePin                                build/stm32l1xx_hal_gpio.o
HAL_GPIO_WritePin                                 build/stm32l1xx_hal_gpio.o
                                                  build/main.o
HAL_GetDEVID                                      build/stm32l1xx_hal.o
HAL_GetHalVersion                                 build/stm32l1xx_hal.o
HAL_GetREVID                                      build/stm32l1xx_hal.o
HAL_GetTick                                       build/stm32l1xx_hal.o
                                                  build/stm32l1xx_hal_uart.o
                                                  build/stm32l1xx_hal_spi.o
                                                  build/stm32l1xx_hal_dma.o
                                                  build/stm32l1xx_hal_flash.o
                                                  build/stm32l1xx_hal_rcc_ex.o
                                                  build/stm32l1xx_hal_rcc.o
                                                  build/stm32l1xx_hal_adc_ex.o
                                                  build/stm32l1xx_hal_adc.o
                                                  build/main.o
HAL_GetTickFreq                                   build/stm32l1xx_hal.o
HAL_GetTickPrio                                   build/stm32l1xx_hal.o
HAL_GetUIDw0                                      build/stm32l1xx_hal.o
HAL_GetUIDw1                                      build/stm32l1xx_hal.o
HAL_GetUIDw2                                      build/stm32l1xx_hal.o
HAL_HalfDuplex_EnableReceiver                     build/stm32l1xx_hal_uart.o
HAL_HalfDuplex_EnableTransmitter                  build/stm32l1xx_hal_uart.o
HAL_HalfDuplex_Init                               build/stm32l1xx_hal_uart.o
HAL_IncTick                                       build/stm32l1xx_hal.o
                                                  build/stm32l1xx_it.o
HAL_Init                                          build/stm32l1xx_hal.o
                                                  build/main.o
HAL_InitTick                                      build/stm32l1xx_hal.o
                                                  build/stm32l1xx_hal_rcc.o
HAL_LIN_Init                                      build/stm32l1xx_hal_uart.o
HAL_LIN_SendBreak                                 build/stm32l1xx_hal_uart.o
HAL_MPU_ConfigRegion                              build/stm32l1xx_hal_cortex.o
HAL_MPU_Disable                                   build/stm32l1xx_hal_cortex.o
HAL_MPU_Enable                                    build/stm32l1xx_hal_cortex.o
HAL_MspDeInit                                     build/stm32l1xx_hal.o
HAL_MspInit                                       build/stm32l1xx_hal_msp.o
HAL_MultiProcessor_EnterMuteMode                  build/stm32l1xx_hal_uart.o
HAL_MultiProcessor_ExitMuteMode                   build/stm32l1xx_hal_uart.o
HAL_MultiProcessor_Init                           build/stm32l1xx_hal_uart.o
HAL_NVIC_ClearPendingIRQ                          build/stm32l1xx_hal_cortex.o
HAL_NVIC_DisableIRQ                               build/stm32l1xx_hal_cortex.o
                                                  build/stm32l1xx_hal_msp.o
HAL_NVIC_EnableIRQ                                build/stm32l1xx_hal_cortex.o
                                                  build/stm32l1xx_hal_msp.o
                                                  build/main.o
HAL_NVIC_GetActive                                build/stm32l1xx_hal_cortex.o
HAL_NVIC_GetPendingIRQ                            build/stm32l1xx_hal_cortex.o
HAL_NVIC_GetPriority                              build/stm32l1xx_hal_cortex.o
HAL_NVIC_GetPriorityGrouping                      build/stm32l1xx_hal_cortex.o
HAL_NVIC_SetPendingIRQ                            build/stm32l1xx_hal_cortex.o
HAL_NVIC_SetPriority                              build/stm32l1xx_hal_cortex.o
                                                  build/stm32l1xx_hal.o
                                                  build/stm32l1xx_hal_msp.o
                                                  build/main.o
HAL_NVIC_SetPriorityGrouping                      build/stm32l1xx_hal_cortex.o
                                                  build/stm32l1xx_hal.o
                                                  build/stm32l1xx_hal_msp.o
HAL_NVIC_SystemReset                              build/stm32l1xx_hal_cortex.o
HAL_PWREx_DisableFastWakeUp                       build/stm32l1xx_hal_pwr_ex.o
HAL_PWREx_DisableLowPowerRunMode                  build/stm32l1xx_hal_pwr_ex.o
HAL_PWREx_DisableUltraLowPower                    build/stm32l1xx_hal_pwr_ex.o
HAL_PWREx_EnableFastWakeUp                        build/stm32l1xx_hal_pwr_ex.o
HAL_PWREx_EnableLowPowerRunMode                   build/stm32l1xx_hal_pwr_ex.o
HAL_PWREx_EnableUltraLowPower                     build/stm32l1xx_hal_pwr_ex.o
HAL_PWREx_GetVoltageRange                         build/stm32l1xx_hal_pwr_ex.o
HAL_PWR_ConfigPVD                                 build/stm32l1xx_hal_pwr.o
HAL_PWR_DeInit                                    build/stm32l1xx_hal_pwr.o
HAL_PWR_DisableBkUpAccess                         build/stm32l1xx_hal_pwr.o
HAL_PWR_DisablePVD                                build/stm32l1xx_hal_pwr.o
HAL_PWR_DisableSEVOnPend                          build/stm32l1xx_hal_pwr.o
HAL_PWR_DisableSleepOnExit                        build/stm32l1xx_hal_pwr.o
HAL_PWR_DisableWakeUpPin                          build/stm32l1xx_hal_pwr.o
HAL_PWR_EnableBkUpAccess                          build/stm32l1xx_hal_pwr.o
HAL_PWR_EnablePVD                                 build/stm32l1xx_hal_pwr.o
HAL_PWR_EnableSEVOnPend                           build/stm32l1xx_hal_pwr.o
HAL_PWR_EnableSleepOnExit                         build/stm32l1xx_hal_pwr.o
HAL_PWR_EnableWakeUpPin                           build/stm32l1xx_hal_pwr.o
HAL_PWR_EnterSLEEPMode                            build/stm32l1xx_hal_pwr.o
HAL_PWR_EnterSTANDBYMode                          build/stm32l1xx_hal_pwr.o
HAL_PWR_EnterSTOPMode                             build/stm32l1xx_hal_pwr.o
HAL_PWR_PVDCallback                               build/stm32l1xx_hal_pwr.o
HAL_PWR_PVD_IRQHandler                            build/stm32l1xx_hal_pwr.o
HAL_RCCEx_DisableLSECSS                           build/stm32l1xx_hal_rcc_ex.o
HAL_RCCEx_EnableLSECSS                            build/stm32l1xx_hal_rcc_ex.o
HAL_RCCEx_EnableLSECSS_IT                         build/stm32l1xx_hal_rcc_ex.o
HAL_RCCEx_GetPeriphCLKConfig                      build/stm32l1xx_hal_rcc_ex.o
HAL_RCCEx_GetPeriphCLKFreq                        build/stm32l1xx_hal_rcc_ex.o
HAL_RCCEx_LSECSS_Callback                         build/stm32l1xx_hal_rcc_ex.o
HAL_RCCEx_LSECSS_IRQHandler                       build/stm32l1xx_hal_rcc_ex.o
HAL_RCCEx_PeriphCLKConfig                         build/stm32l1xx_hal_rcc_ex.o
HAL_RCC_CSSCallback                               build/stm32l1xx_hal_rcc.o
HAL_RCC_ClockConfig                               build/stm32l1xx_hal_rcc.o
                                                  build/main.o
HAL_RCC_DeInit                                    build/stm32l1xx_hal_rcc.o
HAL_RCC_DisableCSS                                build/stm32l1xx_hal_rcc.o
HAL_RCC_EnableCSS                                 build/stm32l1xx_hal_rcc.o
HAL_RCC_GetClockConfig                            build/stm32l1xx_hal_rcc.o
HAL_RCC_GetHCLKFreq                               build/stm32l1xx_hal_rcc.o
HAL_RCC_GetOscConfig                              build/stm32l1xx_hal_rcc.o
HAL_RCC_GetPCLK1Freq                              build/stm32l1xx_hal_rcc.o
                                                  build/stm32l1xx_hal_uart.o
HAL_RCC_GetPCLK2Freq                              build/stm32l1xx_hal_rcc.o
                                                  build/stm32l1xx_hal_uart.o
HAL_RCC_GetSysClockFreq                           build/stm32l1xx_hal_rcc.o
HAL_RCC_MCOConfig                                 build/stm32l1xx_hal_rcc.o
HAL_RCC_NMI_IRQHandler                            build/stm32l1xx_hal_rcc.o
HAL_RCC_OscConfig                                 build/stm32l1xx_hal_rcc.o
                                                  build/main.o
HAL_ResumeTick                                    build/stm32l1xx_hal.o
HAL_SPI_Abort                                     build/stm32l1xx_hal_spi.o
HAL_SPI_AbortCpltCallback                         build/stm32l1xx_hal_spi.o
HAL_SPI_Abort_IT                                  build/stm32l1xx_hal_spi.o
HAL_SPI_DMAPause                                  build/stm32l1xx_hal_spi.o
HAL_SPI_DMAResume                                 build/stm32l1xx_hal_spi.o
HAL_SPI_DMAStop                                   build/stm32l1xx_hal_spi.o
HAL_SPI_DeInit                                    build/stm32l1xx_hal_spi.o
HAL_SPI_ErrorCallback                             build/stm32l1xx_hal_spi.o
HAL_SPI_GetError                                  build/stm32l1xx_hal_spi.o
HAL_SPI_GetState                                  build/stm32l1xx_hal_spi.o
HAL_SPI_IRQHandler                                build/stm32l1xx_hal_spi.o
HAL_SPI_Init                                      build/stm32l1xx_hal_spi.o
                                                  build/main.o
HAL_SPI_MspDeInit                                 build/stm32l1xx_hal_msp.o
HAL_SPI_MspInit                                   build/stm32l1xx_hal_msp.o
HAL_SPI_Receive                                   build/stm32l1xx_hal_spi.o
HAL_SPI_Receive_DMA                               build/stm32l1xx_hal_spi.o
HAL_SPI_Receive_IT                                build/stm32l1xx_hal_spi.o
HAL_SPI_RxCpltCallback                            build/stm32l1xx_hal_spi.o
HAL_SPI_RxHalfCpltCallback                        build/stm32l1xx_hal_spi.o
HAL_SPI_Transmit                                  build/stm32l1xx_hal_spi.o
                                                  build/main.o
HAL_SPI_TransmitReceive                           build/stm32l1xx_hal_spi.o