Archive member included to satisfy reference by file (symbol)

C:/ST/STM32CubeCLT/GNU-tools-for-STM32/bin/../lib/gcc/arm-none-eabi/11.3.1/../../../../arm-none-eabi/lib/thumb/v7-m/nofp\libc_nano.a(libc_a-exit.o)
                              C:/ST/STM32CubeCLT/GNU-tools-for-STM32/bin/../lib/gcc/arm-none-eabi/11.3.1/../../../../arm-none-eabi/lib/thumb/v7-m/nofp/crt0.o (exit)
C:/ST/STM32CubeCLT/GNU-tools-for-STM32/bin/../lib/gcc/arm-none-eabi/11.3.1/../../../../arm-none-eabi/lib/thumb/v7-m/nofp\libc_nano.a(libc_a-findfp.o)
                              C:/ST/STM32CubeCLT/GNU-tools-for-STM32/bin/../lib/gcc/arm-none-eabi/11.3.1/../../../../arm-none-eabi/lib/thumb/v7-m/nofp\libc_nano.a(libc_a-exit.o) (__stdio_exit_handler)
C:/ST/STM32CubeCLT/GNU-tools-for-STM32/bin/../lib/gcc/arm-none-eabi/11.3.1/../../../../arm-none-eabi/lib/thumb/v7-m/nofp\libc_nano.a(libc_a-fwalk.o)
                              C:/ST/STM32CubeCLT/GNU-tools-for-STM32/bin/../lib/gcc/arm-none-eabi/11.3.1/../../../../arm-none-eabi/lib/thumb/v7-m/nofp\libc_nano.a(libc_a-findfp.o) (_fwalk_sglue)
C:/ST/STM32CubeCLT/GNU-tools-for-STM32/bin/../lib/gcc/arm-none-eabi/11.3.1/../../../../arm-none-eabi/lib/thumb/v7-m/nofp\libc_nano.a(libc_a-puts.o)
                              build/main.o (puts)
C:/ST/STM32CubeCLT/GNU-tools-for-STM32/bin/../lib/gcc/arm-none-eabi/11.3.1/../../../../arm-none-eabi/lib/thumb/v7-m/nofp\libc_nano.a(libc_a-stdio.o)
                              C:/ST/STM32CubeCLT/GNU-tools-for-STM32/bin/../lib/gcc/arm-none-eabi/11.3.1/../../../../arm-none-eabi/lib/thumb/v7-m/nofp\libc_nano.a(libc_a-findfp.o) (__sread)
C:/ST/STM32CubeCLT/GNU-tools-for-STM32/bin/../lib/gcc/arm-none-eabi/11.3.1/../../../../arm-none-eabi/lib/thumb/v7-m/nofp\libc_nano.a(libc_a-wbuf.o)
                              C:/ST/STM32CubeCLT/GNU-tools-for-STM32/bin/../lib/gcc/arm-none-eabi/11.3.1/../../../../arm-none-eabi/lib/thumb/v7-m/nofp\libc_nano.a(libc_a-puts.o) (__swbuf_r)
C:/ST/STM32CubeCLT/GNU-tools-for-STM32/bin/../lib/gcc/arm-none-eabi/11.3.1/../../../../arm-none-eabi/lib/thumb/v7-m/nofp\libc_nano.a(libc_a-wsetup.o)
                              C:/ST/STM32CubeCLT/GNU-tools-for-STM32/bin/../lib/gcc/arm-none-eabi/11.3.1/../../../../arm-none-eabi/lib/thumb/v7-m/nofp\libc_nano.a(libc_a-puts.o) (__swsetup_r)
C:/ST/STM32CubeCLT/GNU-tools-for-STM32/bin/../lib/gcc/arm-none-eabi/11.3.1/../../../../arm-none-eabi/lib/thumb/v7-m/nofp\libc_nano.a(libc_a-memset.o)
                              C:/ST/STM32CubeCLT/GNU-tools-for-STM32/bin/../lib/gcc/arm-none-eabi/11.3.1/../../../../arm-none-eabi/lib/thumb/v7-m/nofp/crt0.o (memset)
C:/ST/STM32CubeCLT/GNU-tools-for-STM32/bin/../lib/gcc/arm-none-eabi/11.3.1/../../../../arm-none-eabi/lib/thumb/v7-m/nofp\libc_nano.a(libc_a-closer.o)
                              C:/ST/STM32CubeCLT/GNU-tools-for-STM32/bin/../lib/gcc/arm-none-eabi/11.3.1/../../../../arm-none-eabi/lib/thumb/v7-m/nofp\libc_nano.a(libc_a-stdio.o) (_close_r)
C:/ST/STM32CubeCLT/GNU-tools-for-STM32/bin/../lib/gcc/arm-none-eabi/11.3.1/../../../../arm-none-eabi/lib/thumb/v7-m/nofp\libc_nano.a(libc_a-reent.o)
                              C:/ST/STM32CubeCLT/GNU-tools-for-STM32/bin/../lib/gcc/arm-none-eabi/11.3.1/../../../../arm-none-eabi/lib/thumb/v7-m/nofp\libc_nano.a(libc_a-closer.o) (errno)
C:/ST/STM32CubeCLT/GNU-tools-for-STM32/bin/../lib/gcc/arm-none-eabi/11.3.1/../../../../arm-none-eabi/lib/thumb/v7-m/nofp\libc_nano.a(libc_a-impure.o)
                              C:/ST/STM32CubeCLT/GNU-tools-for-STM32/bin/../lib/gcc/arm-none-eabi/11.3.1/../../../../arm-none-eabi/lib/thumb/v7-m/nofp\libc_nano.a(libc_a-puts.o) (_impure_ptr)
C:/ST/STM32CubeCLT/GNU-tools-for-STM32/bin/../lib/gcc/arm-none-eabi/11.3.1/../../../../arm-none-eabi/lib/thumb/v7-m/nofp\libc_nano.a(libc_a-lseekr.o)
                              C:/ST/STM32CubeCLT/GNU-tools-for-STM32/bin/../lib/gcc/arm-none-eabi/11.3.1/../../../../arm-none-eabi/lib/thumb/v7-m/nofp\libc_nano.a(libc_a-stdio.o) (_lseek_r)
C:/ST/STM32CubeCLT/GNU-tools-for-STM32/bin/../lib/gcc/arm-none-eabi/11.3.1/../../../../arm-none-eabi/lib/thumb/v7-m/nofp\libc_nano.a(libc_a-readr.o)
                              C:/ST/STM32CubeCLT/GNU-tools-for-STM32/bin/../lib/gcc/arm-none-eabi/11.3.1/../../../../arm-none-eabi/lib/thumb/v7-m/nofp\libc_nano.a(libc_a-stdio.o) (_read_r)
C:/ST/STM32CubeCLT/GNU-tools-for-STM32/bin/../lib/gcc/arm-none-eabi/11.3.1/../../../../arm-none-eabi/lib/thumb/v7-m/nofp\libc_nano.a(libc_a-writer.o)
                              C:/ST/STM32CubeCLT/GNU-tools-for-STM32/bin/../lib/gcc/arm-none-eabi/11.3.1/../../../../arm-none-eabi/lib/thumb/v7-m/nofp\libc_nano.a(libc_a-stdio.o) (_write_r)
C:/ST/STM32CubeCLT/GNU-tools-for-STM32/bin/../lib/gcc/arm-none-eabi/11.3.1/../../../../arm-none-eabi/lib/thumb/v7-m/nofp\libc_nano.a(libc_a-init.o)
                              C:/ST/STM32CubeCLT/GNU-tools-for-STM32/bin/../lib/gcc/arm-none-eabi/11.3.1/../../../../arm-none-eabi/lib/thumb/v7-m/nofp/crt0.o (__libc_init_array)
[...]
Memory Configuration

Name             Origin             Length             Attributes
RAM              0x0000000020000000 0x0000000000014000 xrw
FLASH            0x0000000008000000 0x0000000000080000 xr
*default*        0x0000000000000000 0xffffffffffffffff

Linker script and memory map

LOAD C:/ST/STM32CubeCLT/GNU-tools-for-STM32/bin/../lib/gcc/arm-none-eabi/11.3.1/thumb/v7-m/nofp/crti.o
LOAD C:/ST/STM32CubeCLT/GNU-tools-for-STM32/bin/../lib/gcc/arm-none-eabi/11.3.1/thumb/v7-m/nofp/crtbegin.o
LOAD C:/ST/STM32CubeCLT/GNU-tools-for-STM32/bin/../lib/gcc/arm-none-eabi/11.3.1/../../../../arm-none-eabi/lib/thumb/v7-m/nofp/crt0.o
LOAD build/main.o
LOAD build/stm32l1xx_it.o
LOAD build/stm32l1xx_hal_msp.o
LOAD build/stm32l1xx_hal_adc.o
LOAD build/stm32l1xx_hal_adc_ex.o
LOAD build/stm32l1xx_hal.o
LOAD build/stm32l1xx_hal_rcc.o
LOAD build/stm32l1xx_hal_rcc_ex.o
LOAD build/stm32l1xx_hal_flash.o
LOAD build/stm32l1xx_hal_flash_ex.o
LOAD build/stm32l1xx_hal_flash_ramfunc.o
LOAD build/stm32l1xx_hal_gpio.o
LOAD build/stm32l1xx_hal_dma.o
LOAD build/stm32l1xx_hal_pwr.o
LOAD build/stm32l1xx_hal_pwr_ex.o
LOAD build/stm32l1xx_hal_cortex.o
LOAD build/stm32l1xx_hal_exti.o
LOAD build/stm32l1xx_hal_tim.o
LOAD build/stm32l1xx_hal_tim_ex.o
LOAD build/stm32l1xx_hal_uart.o
LOAD build/system_stm32l1xx.o
LOAD build/startup_stm32l152xe.o
LOAD C:/ST/STM32CubeCLT/GNU-tools-for-STM32/bin/../lib/gcc/arm-none-eabi/11.3.1/../../../../arm-none-eabi/lib/thumb/v7-m/nofp\libc_nano.a
LOAD C:/ST/STM32CubeCLT/GNU-tools-for-STM32/bin/../lib/gcc/arm-none-eabi/11.3.1/../../../../arm-none-eabi/lib/thumb/v7-m/nofp\libm.a
LOAD C:/ST/STM32CubeCLT/GNU-tools-for-STM32/bin/../lib/gcc/arm-none-eabi/11.3.1/../../../../arm-none-eabi/lib/thumb/v7-m/nofp\libnosys.a
START GROUP
LOAD C:/ST/STM32CubeCLT/GNU-tools-for-STM32/bin/../lib/gcc/arm-none-eabi/11.3.1/thumb/v7-m/nofp\libgcc.a
LOAD C:/ST/STM32CubeCLT/GNU-tools-for-STM32/bin/../lib/gcc/arm-none-eabi/11.3.1/../../../../arm-none-eabi/lib/thumb/v7-m/nofp\libc_nano.a
END GROUP
START GROUP
LOAD C:/ST/STM32CubeCLT/GNU-tools-for-STM32/bin/../lib/gcc/arm-none-eabi/11.3.1/thumb/v7-m/nofp\libgcc.a
LOAD C:/ST/STM32CubeCLT/GNU-tools-for-STM32/bin/../lib/gcc/arm-none-eabi/11.3.1/../../../../arm-none-eabi/lib/thumb/v7-m/nofp\libc_nano.a
END GROUP
LOAD C:/ST/STM32CubeCLT/GNU-tools-for-STM32/bin/../lib/gcc/arm-none-eabi/11.3.1/thumb/v7-m/nofp/crtend.o
LOAD C:/ST/STM32CubeCLT/GNU-tools-for-STM32/bin/../lib/gcc/arm-none-eabi/11.3.1/thumb/v7-m/nofp/crtn.o
                0x0000000020014000                _estack = (ORIGIN (RAM) + LENGTH (RAM))
                0x0000000000000200                _Min_Heap_Size = 0x200
                0x0000000000000400                _Min_Stack_Size = 0x400

.isr_vector     0x0000000008000000      0x13c
                0x0000000008000000                . = ALIGN (0x4)
 *(.isr_vector)
 .isr_vector    0x0000000008000000      0x13c build/startup_stm32l152xe.o
                0x0000000008000000                g_pfnVectors
                0x000000000800013c                . = ALIGN (0x4)

.text           0x000000000800013c     0x3274
                0x000000000800013c                . = ALIGN (0x4)
 *(.text)
 .text          0x000000000800013c       0x40 C:/ST/STM32CubeCLT/GNU-tools-for-STM32/bin/../lib/gcc/arm-none-eabi/11.3.1/thumb/v7-m/nofp/crtbegin.o
 .text          0x000000000800017c       0x30 C:/ST/STM32CubeCLT/GNU-tools-for-STM32/bin/../lib/gcc/arm-none-eabi/11.3.1/thumb/v7-m/nofp\libgcc.a(_aeabi_uldivmod.o)
                0x000000000800017c                __aeabi_uldivmod
 .text          0x00000000080001ac      0x2cc C:/ST/STM32CubeCLT/GNU-tools-for-STM32/bin/../lib/gcc/arm-none-eabi/11.3.1/thumb/v7-m/nofp\libgcc.a(_udivmoddi4.o)
                0x00000000080001ac                __udivmoddi4
 .text          0x0000000008000478        0x4 C:/ST/STM32CubeCLT/GNU-tools-for-STM32/bin/../lib/gcc/arm-none-eabi/11.3.1/thumb/v7-m/nofp\libgcc.a(_dvmd_tls.o)
                0x0000000008000478                __aeabi_idiv0
                0x0000000008000478                __aeabi_ldiv0
 *(.text*)
 .text.MX_GPIO_Init
                0x000000000800047c       0xd4 build/main.o
 .text.MX_DMA_Init
                0x0000000008000550       0x34 build/main.o
 .text.randomGLC
                0x0000000008000584       0x30 build/main.o
                0x0000000008000584                randomGLC
 .text.HAL_GPIO_EXTI_Callback
                0x00000000080005b4       0xb0 build/main.o
                0x00000000080005b4                HAL_GPIO_EXTI_Callback
 .text.ledUpdate
                0x0000000008000664       0x40 build/main.o
                0x0000000008000664                ledUpdate
 .text.HAL_TIM_PeriodElapsedCallback
                0x00000000080006a4       0x44 build/main.o
                0x00000000080006a4                HAL_TIM_PeriodElapsedCallback
 .text.Error_Handler
                0x00000000080006e8        0x4 build/main.o
                0x00000000080006e8                Error_Handler
 .text.MX_USART2_UART_Init
                0x00000000080006ec       0x34 build/main.o
 .text.MX_ADC_Init
                0x0000000008000720       0x84 build/main.o
 .text.MX_TIM2_Init
                0x00000000080007a4       0x68 build/main.o
 .text.MX_TIM9_Init
                0x000000000800080c       0x74 build/main.o
 .text.MX_TIM11_Init
                0x0000000008000880       0x5c build/main.o
 .text.SystemClock_Config
                0x00000000080008dc       0x78 build/main.o
                0x00000000080008dc                SystemClock_Config
 .text.main     0x0000000008000954       0x54 build/main.o
                0x0000000008000954                main
 .text.NMI_Handler
                0x00000000080009a8        0x2 build/stm32l1xx_it.o
                0x00000000080009a8                NMI_Handler
 .text.HardFault_Handler
                0x00000000080009aa        0x2 build/stm32l1xx_it.o
                0x00000000080009aa                HardFault_Handler
 .text.MemManage_Handler
                0x00000000080009ac        0x2 build/stm32l1xx_it.o
                0x00000000080009ac                MemManage_Handler
 .text.BusFault_Handler
                0x00000000080009ae        0x2 build/stm32l1xx_it.o
                0x00000000080009ae                BusFault_Handler
 .text.UsageFault_Handler
                0x00000000080009b0        0x2 build/stm32l1xx_it.o
                0x00000000080009b0                UsageFault_Handler
 .text.SVC_Handler
                0x00000000080009b2        0x2 build/stm32l1xx_it.o
                0x00000000080009b2                SVC_Handler
 .text.DebugMon_Handler
                0x00000000080009b4        0x2 build/stm32l1xx_it.o
                0x00000000080009b4                DebugMon_Handler
 .text.PendSV_Handler
                0x00000000080009b6        0x2 build/stm32l1xx_it.o
                0x00000000080009b6                PendSV_Handler
 .text.SysTick_Handler
                0x00000000080009b8        0x8 build/stm32l1xx_it.o
                0x00000000080009b8                SysTick_Handler
 .text.DMA1_Channel1_IRQHandler
                0x00000000080009c0       0x10 build/stm32l1xx_it.o
                0x00000000080009c0                DMA1_Channel1_IRQHandler
 .text.ADC1_IRQHandler
                0x00000000080009d0       0x10 build/stm32l1xx_it.o
                0x00000000080009d0                ADC1_IRQHandler
 .text.EXTI9_5_IRQHandler
                0x00000000080009e0       0x10 build/stm32l1xx_it.o
                0x00000000080009e0                EXTI9_5_IRQHandler
 .text.TIM9_IRQHandler
                0x00000000080009f0       0x10 build/stm32l1xx_it.o
                0x00000000080009f0                TIM9_IRQHandler
 .text.TIM11_IRQHandler
                0x0000000008000a00       0x10 build/stm32l1xx_it.o
                0x0000000008000a00                TIM11_IRQHandler
 .text.TIM2_IRQHandler
                0x0000000008000a10       0x10 build/stm32l1xx_it.o
                0x0000000008000a10                TIM2_IRQHandler
 .text.EXTI15_10_IRQHandler
                0x0000000008000a20       0x1c build/stm32l1xx_it.o
                0x0000000008000a20                EXTI15_10_IRQHandler
 .text.HAL_MspInit
                0x0000000008000a3c       0x4c build/stm32l1xx_hal_msp.o
                0x0000000008000a3c                HAL_MspInit
 .text.HAL_ADC_MspInit
                0x0000000008000a88       0xb0 build/stm32l1xx_hal_msp.o
                0x0000000008000a88                HAL_ADC_MspInit
 .text.HAL_TIM_Base_MspInit
                0x0000000008000b38       0x3a build/stm32l1xx_hal_msp.o
                0x0000000008000b38                HAL_TIM_Base_MspInit
 *fill*         0x0000000008000b72        0x2 
 .text.HAL_TIM_PWM_MspInit
                0x0000000008000b74       0x70 build/stm32l1xx_hal_msp.o
                0x0000000008000b74                HAL_TIM_PWM_MspInit
 .text.HAL_TIM_MspPostInit
                0x0000000008000be4       0x8c build/stm32l1xx_hal_msp.o
                0x0000000008000be4                HAL_TIM_MspPostInit
 .text.HAL_UART_MspInit
                0x0000000008000c70       0x68 build/stm32l1xx_hal_msp.o
                0x0000000008000c70                HAL_UART_MspInit
 .text.HAL_ADC_Init
                0x0000000008000cd8      0x19c build/stm32l1xx_hal_adc.o
                0x0000000008000cd8                HAL_ADC_Init
 .text.HAL_ADC_ConvCpltCallback
                0x0000000008000e74        0x2 build/stm32l1xx_hal_adc.o
                0x0000000008000e74                HAL_ADC_ConvCpltCallback
 .text.ADC_DMAConvCplt
                0x0000000008000e76       0x64 build/stm32l1xx_hal_adc.o
 .text.HAL_ADC_ConvHalfCpltCallback
                0x0000000008000eda        0x2 build/stm32l1xx_hal_adc.o
                0x0000000008000eda                HAL_ADC_ConvHalfCpltCallback
 .text.ADC_DMAHalfConvCplt
                0x0000000008000edc        0xa build/stm32l1xx_hal_adc.o
 .text.HAL_ADC_LevelOutOfWindowCallback
                0x0000000008000ee6        0x2 build/stm32l1xx_hal_adc.o
                0x0000000008000ee6                HAL_ADC_LevelOutOfWindowCallback
 .text.HAL_ADC_ErrorCallback
                0x0000000008000ee8        0x2 build/stm32l1xx_hal_adc.o
                0x0000000008000ee8                HAL_ADC_ErrorCallback
 .text.ADC_DMAError
                0x0000000008000eea       0x1a build/stm32l1xx_hal_adc.o
 .text.HAL_ADC_IRQHandler
                0x0000000008000f04      0x13a build/stm32l1xx_hal_adc.o
                0x0000000008000f04                HAL_ADC_IRQHandler
 *fill*         0x000000000800103e        0x2 
 .text.HAL_ADC_ConfigChannel
                0x0000000008001040      0x1a0 build/stm32l1xx_hal_adc.o
                0x0000000008001040                HAL_ADC_ConfigChannel
 .text.ADC_Enable
                0x00000000080011e0       0x8c build/stm32l1xx_hal_adc.o
                0x00000000080011e0                ADC_Enable
 .text.HAL_ADC_Start_DMA
                0x000000000800126c       0xc4 build/stm32l1xx_hal_adc.o
                0x000000000800126c                HAL_ADC_Start_DMA
 .text.HAL_ADCEx_InjectedConvCpltCallback
                0x0000000008001330        0x2 build/stm32l1xx_hal_adc_ex.o
                0x0000000008001330                HAL_ADCEx_InjectedConvCpltCallback
 *fill*         0x0000000008001332        0x2 
 .text.HAL_InitTick
                0x0000000008001334       0x50 build/stm32l1xx_hal.o
                0x0000000008001334                HAL_InitTick
 .text.HAL_Init
                0x0000000008001384       0x1e build/stm32l1xx_hal.o
                0x0000000008001384                HAL_Init
 *fill*         0x00000000080013a2        0x2 
 .text.HAL_IncTick
                0x00000000080013a4       0x18 build/stm32l1xx_hal.o
                0x00000000080013a4                HAL_IncTick
 .text.HAL_GetTick
                0x00000000080013bc        0xc build/stm32l1xx_hal.o
                0x00000000080013bc                HAL_GetTick
 .text.RCC_SetFlashLatencyFromMSIRange
                0x00000000080013c8       0x90 build/stm32l1xx_hal_rcc.o
 .text.HAL_RCC_OscConfig
                0x0000000008001458      0x4f8 build/stm32l1xx_hal_rcc.o
                0x0000000008001458                HAL_RCC_OscConfig
 .text.HAL_RCC_GetSysClockFreq
                0x0000000008001950       0xdc build/stm32l1xx_hal_rcc.o
                0x0000000008001950                HAL_RCC_GetSysClockFreq
 .text.HAL_RCC_ClockConfig
                0x0000000008001a2c      0x1dc build/stm32l1xx_hal_rcc.o
                0x0000000008001a2c                HAL_RCC_ClockConfig
 .text.HAL_RCC_GetHCLKFreq
                0x0000000008001c08        0xc build/stm32l1xx_hal_rcc.o
                0x0000000008001c08                HAL_RCC_GetHCLKFreq
 .text.HAL_RCC_GetPCLK1Freq
                0x0000000008001c14       0x20 build/stm32l1xx_hal_rcc.o
                0x0000000008001c14                HAL_RCC_GetPCLK1Freq
 .text.HAL_RCC_GetPCLK2Freq
                0x0000000008001c34       0x20 build/stm32l1xx_hal_rcc.o
                0x0000000008001c34                HAL_RCC_GetPCLK2Freq
 .text.HAL_GPIO_Init
                0x0000000008001c54      0x1e8 build/stm32l1xx_hal_gpio.o
                0x0000000008001c54                HAL_GPIO_Init
 .text.HAL_GPIO_WritePin
                0x0000000008001e3c        0xc build/stm32l1xx_hal_gpio.o
                0x0000000008001e3c                HAL_GPIO_WritePin
 .text.HAL_GPIO_EXTI_IRQHandler
                0x0000000008001e48       0x1c build/stm32l1xx_hal_gpio.o
                0x0000000008001e48                HAL_GPIO_EXTI_IRQHandler
 .text.DMA_SetConfig
                0x0000000008001e64       0x36 build/stm32l1xx_hal_dma.o
 *fill*         0x0000000008001e9a        0x2 
 .text.HAL_DMA_Init
                0x0000000008001e9c       0x98 build/stm32l1xx_hal_dma.o
                0x0000000008001e9c                HAL_DMA_Init
 .text.HAL_DMA_Start_IT
                0x0000000008001f34       0x76 build/stm32l1xx_hal_dma.o
                0x0000000008001f34                HAL_DMA_Start_IT
 .text.HAL_DMA_IRQHandler
                0x0000000008001faa       0xc4 build/stm32l1xx_hal_dma.o
                0x0000000008001faa                HAL_DMA_IRQHandler
 *fill*         0x000000000800206e        0x2 
 .text.HAL_NVIC_SetPriorityGrouping
                0x0000000008002070       0x24 build/stm32l1xx_hal_cortex.o
                0x0000000008002070                HAL_NVIC_SetPriorityGrouping
 .text.HAL_NVIC_SetPriority
                0x0000000008002094       0x70 build/stm32l1xx_hal_cortex.o
                0x0000000008002094                HAL_NVIC_SetPriority
 .text.HAL_NVIC_EnableIRQ
                0x0000000008002104       0x1c build/stm32l1xx_hal_cortex.o
                0x0000000008002104                HAL_NVIC_EnableIRQ
 .text.HAL_SYSTICK_Config
                0x0000000008002120       0x28 build/stm32l1xx_hal_cortex.o
                0x0000000008002120                HAL_SYSTICK_Config
 .text.TIM_Base_SetConfig
                0x0000000008002148       0x88 build/stm32l1xx_hal_tim.o
 .text.TIM_OC1_SetConfig
                0x00000000080021d0       0x30 build/stm32l1xx_hal_tim.o
 .text.TIM_OC2_SetConfig
                0x0000000008002200       0x36 build/stm32l1xx_hal_tim.o
 .text.TIM_OC3_SetConfig
                0x0000000008002236       0x34 build/stm32l1xx_hal_tim.o
 .text.TIM_OC4_SetConfig
                0x000000000800226a       0x36 build/stm32l1xx_hal_tim.o
 .text.TIM_TI1_ConfigInputStage
                0x00000000080022a0       0x24 build/stm32l1xx_hal_tim.o
 .text.TIM_TI2_ConfigInputStage
                0x00000000080022c4       0x26 build/stm32l1xx_hal_tim.o
 .text.TIM_ITRx_SetConfig
                0x00000000080022ea       0x10 build/stm32l1xx_hal_tim.o
 .text.TIM_ETR_SetConfig
                0x00000000080022fa       0x18 build/stm32l1xx_hal_tim.o
 .text.TIM_CCxChannelCmd
                0x0000000008002312       0x1e build/stm32l1xx_hal_tim.o
 .text.HAL_TIM_Base_Init
                0x0000000008002330       0x48 build/stm32l1xx_hal_tim.o
                0x0000000008002330                HAL_TIM_Base_Init
 .text.HAL_TIM_Base_Start_IT
                0x0000000008002378       0x68 build/stm32l1xx_hal_tim.o
                0x0000000008002378                HAL_TIM_Base_Start_IT
 .text.HAL_TIM_PWM_Init
                0x00000000080023e0       0x48 build/stm32l1xx_hal_tim.o
                0x00000000080023e0                HAL_TIM_PWM_Init
 .text.HAL_TIM_PWM_Start
                0x0000000008002428       0xcc build/stm32l1xx_hal_tim.o
                0x0000000008002428                HAL_TIM_PWM_Start
 .text.HAL_TIM_PWM_ConfigChannel
                0x00000000080024f4       0xdc build/stm32l1xx_hal_tim.o
                0x00000000080024f4                HAL_TIM_PWM_ConfigChannel
 .text.HAL_TIM_ConfigClockSource
                0x00000000080025d0       0xfe build/stm32l1xx_hal_tim.o
                0x00000000080025d0                HAL_TIM_ConfigClockSource
 .text.HAL_TIM_OC_DelayElapsedCallback
                0x00000000080026ce        0x2 build/stm32l1xx_hal_tim.o
                0x00000000080026ce                HAL_TIM_OC_DelayElapsedCallback
 .text.HAL_TIM_IC_CaptureCallback
                0x00000000080026d0        0x2 build/stm32l1xx_hal_tim.o
                0x00000000080026d0                HAL_TIM_IC_CaptureCallback
 .text.HAL_TIM_PWM_PulseFinishedCallback
                0x00000000080026d2        0x2 build/stm32l1xx_hal_tim.o
                0x00000000080026d2                HAL_TIM_PWM_PulseFinishedCallback
 .text.HAL_TIM_TriggerCallback
                0x00000000080026d4        0x2 build/stm32l1xx_hal_tim.o
                0x00000000080026d4                HAL_TIM_TriggerCallback
 .text.HAL_TIM_IRQHandler
                0x00000000080026d6      0x13a build/stm32l1xx_hal_tim.o
                0x00000000080026d6                HAL_TIM_IRQHandler
 .text.HAL_TIMEx_MasterConfigSynchronization
                0x0000000008002810       0x6c build/stm32l1xx_hal_tim_ex.o
                0x0000000008002810                HAL_TIMEx_MasterConfigSynchronization
 .text.UART_SetConfig
                0x000000000800287c       0xdc build/stm32l1xx_hal_uart.o
 .text.HAL_UART_Init
                0x0000000008002958       0x60 build/stm32l1xx_hal_uart.o
                0x0000000008002958                HAL_UART_Init
 .text.SystemInit
                0x00000000080029b8        0x2 build/system_stm32l1xx.o
                0x00000000080029b8                SystemInit
 *fill*         0x00000000080029ba        0x2 
 .text.Reset_Handler
                0x00000000080029bc       0x48 build/startup_stm32l152xe.o
                0x00000000080029bc                Reset_Handler
 .text.Default_Handler
                0x0000000008002a04        0x2 build/startup_stm32l152xe.o
                0x0000000008002a04                RTC_Alarm_IRQHandler
                0x0000000008002a04                EXTI2_IRQHandler
                0x0000000008002a04                COMP_ACQ_IRQHandler
                0x0000000008002a04                TIM10_IRQHandler
                0x0000000008002a04                USB_HP_IRQHandler
                0x0000000008002a04                TIM6_IRQHandler
                0x0000000008002a04                PVD_IRQHandler
                0x0000000008002a04                EXTI3_IRQHandler
                0x0000000008002a04                EXTI0_IRQHandler
                0x0000000008002a04                I2C2_EV_IRQHandler
                0x0000000008002a04                SPI1_IRQHandler
                0x0000000008002a04                USB_FS_WKUP_IRQHandler
                0x0000000008002a04                DMA2_Channel2_IRQHandler
                0x0000000008002a04                DMA1_Channel4_IRQHandler
                0x0000000008002a04                USART3_IRQHandler
                0x0000000008002a04                DMA1_Channel7_IRQHandler
                0x0000000008002a04                LCD_IRQHandler
                0x0000000008002a04                UART5_IRQHandler
                0x0000000008002a04                TIM4_IRQHandler
                0x0000000008002a04                DMA2_Channel1_IRQHandler
                0x0000000008002a04                I2C1_EV_IRQHandler
                0x0000000008002a04                DMA1_Channel6_IRQHandler
                0x0000000008002a04                UART4_IRQHandler
                0x0000000008002a04                DMA2_Channel4_IRQHandler
                0x0000000008002a04                TIM3_IRQHandler
                0x0000000008002a04                RCC_IRQHandler
                0x0000000008002a04                Default_Handler
                0x0000000008002a04                TIM7_IRQHandler
                0x0000000008002a04                TIM5_IRQHandler
                0x0000000008002a04                TAMPER_STAMP_IRQHandler
                0x0000000008002a04                RTC_WKUP_IRQHandler
                0x0000000008002a04                SPI2_IRQHandler
                0x0000000008002a04                DMA2_Channel5_IRQHandler
                0x0000000008002a04                DMA1_Channel5_IRQHandler
                0x0000000008002a04                USB_LP_IRQHandler
                0x0000000008002a04                EXTI4_IRQHandler
                0x0000000008002a04                DMA1_Channel3_IRQHandler
                0x0000000008002a04                COMP_IRQHandler
                0x0000000008002a04                WWDG_IRQHandler
                0x0000000008002a04                DAC_IRQHandler
                0x0000000008002a04                EXTI1_IRQHandler
                0x0000000008002a04                USART2_IRQHandler
                0x0000000008002a04                I2C2_ER_IRQHandler
                0x0000000008002a04                DMA1_Channel2_IRQHandler
                0x0000000008002a04                FLASH_IRQHandler
                0x0000000008002a04                USART1_IRQHandler
                0x0000000008002a04                SPI3_IRQHandler
                0x0000000008002a04                I2C1_ER_IRQHandler
                0x0000000008002a04                DMA2_Channel3_IRQHandler
 *fill*         0x0000000008002a06        0x2 
 .text.std      0x0000000008002a08       0x48 C:/ST/STM32CubeCLT/GNU-tools-for-STM32/bin/../lib/gcc/arm-none-eabi/11.3.1/../../../../arm-none-eabi/lib/thumb/v7-m/nofp\libc_nano.a(libc_a-findfp.o)
 .text.stdio_exit_handler
                0x0000000008002a50       0x18 C:/ST/STM32CubeCLT/GNU-tools-for-STM32/bin/../lib/gcc/arm-none-eabi/11.3.1/../../../../arm-none-eabi/lib/thumb/v7-m/nofp\libc_nano.a(libc_a-findfp.o)
 .text.cleanup_stdio
                0x0000000008002a68       0x40 C:/ST/STM32CubeCLT/GNU-tools-for-STM32/bin/../lib/gcc/arm-none-eabi/11.3.1/../../../../arm-none-eabi/lib/thumb/v7-m/nofp\libc_nano.a(libc_a-findfp.o)
 .text.global_stdio_init.part.0
                0x0000000008002aa8       0x3c C:/ST/STM32CubeCLT/GNU-tools-for-STM32/bin/../lib/gcc/arm-none-eabi/11.3.1/../../../../arm-none-eabi/lib/thumb/v7-m/nofp\libc_nano.a(libc_a-findfp.o)
 .text.__sfp_lock_acquire
                0x0000000008002ae4        0xc C:/ST/STM32CubeCLT/GNU-tools-for-STM32/bin/../lib/gcc/arm-none-eabi/11.3.1/../../../../arm-none-eabi/lib/thumb/v7-m/nofp\libc_nano.a(libc_a-findfp.o)
                0x0000000008002ae4                __sfp_lock_acquire
 .text.__sfp_lock_release
                0x0000000008002af0        0xc C:/ST/STM32CubeCLT/GNU-tools-for-STM32/bin/../lib/gcc/arm-none-eabi/11.3.1/../../../../arm-none-eabi/lib/thumb/v7-m/nofp\libc_nano.a(libc_a-findfp.o)
                0x0000000008002af0                __sfp_lock_release
 .text.__sinit  0x0000000008002afc       0x30 C:/ST/STM32CubeCLT/GNU-tools-for-STM32/bin/../lib/gcc/arm-none-eabi/11.3.1/../../../../arm-none-eabi/lib/thumb/v7-m/nofp\libc_nano.a(libc_a-findfp.o)
                0x0000000008002afc                __sinit
 .text._fwalk_sglue
                0x0000000008002b2c       0x3c C:/ST/STM32CubeCLT/GNU-tools-for-STM32/bin/../lib/gcc/arm-none-eabi/11.3.1/../../../../arm-none-eabi/lib/thumb/v7-m/nofp\libc_nano.a(libc_a-fwalk.o)
                0x0000000008002b2c                _fwalk_sglue
 .text._puts_r  0x0000000008002b68       0xa8 C:/ST/STM32CubeCLT/GNU-tools-for-STM32/bin/../lib/gcc/arm-none-eabi/11.3.1/../../../../arm-none-eabi/lib/thumb/v7-m/nofp\libc_nano.a(libc_a-puts.o)
                0x0000000008002b68                _puts_r
 .text.puts     0x0000000008002c10       0x10 C:/ST/STM32CubeCLT/GNU-tools-for-STM32/bin/../lib/gcc/arm-none-eabi/11.3.1/../../../../arm-none-eabi/lib/thumb/v7-m/nofp\libc_nano.a(libc_a-puts.o)
                0x0000000008002c10                puts
 .text.__sread  0x0000000008002c20       0x22 C:/ST/STM32CubeCLT/GNU-tools-for-STM32/bin/../lib/gcc/arm-none-eabi/11.3.1/../../../../arm-none-eabi/lib/thumb/v7-m/nofp\libc_nano.a(libc_a-stdio.o)
                0x0000000008002c20                __sread
 .text.__swrite
                0x0000000008002c42       0x38 C:/ST/STM32CubeCLT/GNU-tools-for-STM32/bin/../lib/gcc/arm-none-eabi/11.3.1/../../../../arm-none-eabi/lib/thumb/v7-m/nofp\libc_nano.a(libc_a-stdio.o)
                0x0000000008002c42                __swrite
 .text.__sseek  0x0000000008002c7a       0x24 C:/ST/STM32CubeCLT/GNU-tools-for-STM32/bin/../lib/gcc/arm-none-eabi/11.3.1/../../../../arm-none-eabi/lib/thumb/v7-m/nofp\libc_nano.a(libc_a-stdio.o)
                0x0000000008002c7a                __sseek
 .text.__sclose
                0x0000000008002c9e        0x8 C:/ST/STM32CubeCLT/GNU-tools-for-STM32/bin/../lib/gcc/arm-none-eabi/11.3.1/../../../../arm-none-eabi/lib/thumb/v7-m/nofp\libc_nano.a(libc_a-stdio.o)
                0x0000000008002c9e                __sclose
 .text.__swbuf_r
                0x0000000008002ca6       0x7a C:/ST/STM32CubeCLT/GNU-tools-for-STM32/bin/../lib/gcc/arm-none-eabi/11.3.1/../../../../arm-none-eabi/lib/thumb/v7-m/nofp\libc_nano.a(libc_a-wbuf.o)
                0x0000000008002ca6                __swbuf_r
 .text.__swsetup_r
                0x0000000008002d20       0xb0 C:/ST/STM32CubeCLT/GNU-tools-for-STM32/bin/../lib/gcc/arm-none-eabi/11.3.1/../../../../arm-none-eabi/lib/thumb/v7-m/nofp\libc_nano.a(libc_a-wsetup.o)
                0x0000000008002d20                __swsetup_r
 .text.memset   0x0000000008002dd0       0x10 C:/ST/STM32CubeCLT/GNU-tools-for-STM32/bin/../lib/gcc/arm-none-eabi/11.3.1/../../../../arm-none-eabi/lib/thumb/v7-m/nofp\libc_nano.a(libc_a-memset.o)
                0x0000000008002dd0                memset
 .text._close_r
                0x0000000008002de0       0x20 C:/ST/STM32CubeCLT/GNU-tools-for-STM32/bin/../lib/gcc/arm-none-eabi/11.3.1/../../../../arm-none-eabi/lib/thumb/v7-m/nofp\libc_nano.a(libc_a-closer.o)
                0x0000000008002de0                _close_r
 .text._lseek_r
                0x0000000008002e00       0x24 C:/ST/STM32CubeCLT/GNU-tools-for-STM32/bin/../lib/gcc/arm-none-eabi/11.3.1/../../../../arm-none-eabi/lib/thumb/v7-m/nofp\libc_nano.a(libc_a-lseekr.o)
                0x0000000008002e00                _lseek_r
 .text._read_r  0x0000000008002e24       0x24 C:/ST/STM32CubeCLT/GNU-tools-for-STM32/bin/../lib/gcc/arm-none-eabi/11.3.1/../../../../arm-none-eabi/lib/thumb/v7-m/nofp\libc_nano.a(libc_a-readr.o)
                0x0000000008002e24                _read_r
 .text._write_r
                0x0000000008002e48       0x24 C:/ST/STM32CubeCLT/GNU-tools-for-STM32/bin/../lib/gcc/arm-none-eabi/11.3.1/../../../../arm-none-eabi/lib/thumb/v7-m/nofp\libc_nano.a(libc_a-writer.o)
                0x0000000008002e48                _write_r
 .text.__libc_init_array
                0x0000000008002e6c       0x48 C:/ST/STM32CubeCLT/GNU-tools-for-STM32/bin/../lib/gcc/arm-none-eabi/11.3.1/../../../../arm-none-eabi/lib/thumb/v7-m/nofp\libc_nano.a(libc_a-init.o)
                0x0000000008002e6c                __libc_init_array
 .text.__retarget_lock_acquire_recursive
                0x0000000008002eb4        0x2 C:/ST/STM32CubeCLT/GNU-tools-for-STM32/bin/../lib/gcc/arm-none-eabi/11.3.1/../../../../arm-none-eabi/lib/thumb/v7-m/nofp\libc_nano.a(libc_a-lock.o)
                0x0000000008002eb4                __retarget_lock_acquire_recursive
 .text.__retarget_lock_release_recursive
                0x0000000008002eb6        0x2 C:/ST/STM32CubeCLT/GNU-tools-for-STM32/bin/../lib/gcc/arm-none-eabi/11.3.1/../../../../arm-none-eabi/lib/thumb/v7-m/nofp\libc_nano.a(libc_a-lock.o)
                0x0000000008002eb6                __retarget_lock_release_recursive
 .text._free_r  0x0000000008002eb8       0x90 C:/ST/STM32CubeCLT/GNU-tools-for-STM32/bin/../lib/gcc/arm-none-eabi/11.3.1/../../../../arm-none-eabi/lib/thumb/v7-m/nofp\libc_nano.a(libc_a-freer.o)
                0x0000000008002eb8                _free_r
 .text.sbrk_aligned
                0x0000000008002f48       0x40 C:/ST/STM32CubeCLT/GNU-tools-for-STM32/bin/../lib/gcc/arm-none-eabi/11.3.1/../../../../arm-none-eabi/lib/thumb/v7-m/nofp\libc_nano.a(libc_a-mallocr.o)
 .text._malloc_r
                0x0000000008002f88      0x100 C:/ST/STM32CubeCLT/GNU-tools-for-STM32/bin/../lib/gcc/arm-none-eabi/11.3.1/../../../../arm-none-eabi/lib/thumb/v7-m/nofp\libc_nano.a(libc_a-mallocr.o)
                0x0000000008002f88                _malloc_r
 .text.__malloc_lock
                0x0000000008003088        0xc C:/ST/STM32CubeCLT/GNU-tools-for-STM32/bin/../lib/gcc/arm-none-eabi/11.3.1/../../../../arm-none-eabi/lib/thumb/v7-m/nofp\libc_nano.a(libc_a-mlock.o)
                0x0000000008003088                __malloc_lock
 .text.__malloc_unlock
                0x0000000008003094        0xc C:/ST/STM32CubeCLT/GNU-tools-for-STM32/bin/../lib/gcc/arm-none-eabi/11.3.1/../../../../arm-none-eabi/lib/thumb/v7-m/nofp\libc_nano.a(libc_a-mlock.o)
                0x0000000008003094                __malloc_unlock
 .text.__sflush_r
                0x00000000080030a0      0x104 C:/ST/STM32CubeCLT/GNU-tools-for-STM32/bin/../lib/gcc/arm-none-eabi/11.3.1/../../../../arm-none-eabi/lib/thumb/v7-m/nofp\libc_nano.a(libc_a-fflush.o)
                0x00000000080030a0                __sflush_r
 .text._fflush_r
                0x00000000080031a4       0x50 C:/ST/STM32CubeCLT/GNU-tools-for-STM32/bin/../lib/gcc/arm-none-eabi/11.3.1/../../../../arm-none-eabi/lib/thumb/v7-m/nofp\libc_nano.a(libc_a-fflush.o)
                0x00000000080031a4                _fflush_r
 .text.__swhatbuf_r
                0x00000000080031f4       0x4a C:/ST/STM32CubeCLT/GNU-tools-for-STM32/bin/../lib/gcc/arm-none-eabi/11.3.1/../../../../arm-none-eabi/lib/thumb/v7-m/nofp\libc_nano.a(libc_a-makebuf.o)
                0x00000000080031f4                __swhatbuf_r
 .text.__smakebuf_r
                0x000000000800323e       0x78 C:/ST/STM32CubeCLT/GNU-tools-for-STM32/bin/../lib/gcc/arm-none-eabi/11.3.1/../../../../arm-none-eabi/lib/thumb/v7-m/nofp\libc_nano.a(libc_a-makebuf.o)
                0x000000000800323e                __smakebuf_r
 *fill*         0x00000000080032b6        0x2 
 .text._fstat_r
                0x00000000080032b8       0x24 C:/ST/STM32CubeCLT/GNU-tools-for-STM32/bin/../lib/gcc/arm-none-eabi/11.3.1/../../../../arm-none-eabi/lib/thumb/v7-m/nofp\libc_nano.a(libc_a-fstatr.o)
                0x00000000080032b8                _fstat_r
 .text._isatty_r
                0x00000000080032dc       0x20 C:/ST/STM32CubeCLT/GNU-tools-for-STM32/bin/../lib/gcc/arm-none-eabi/11.3.1/../../../../arm-none-eabi/lib/thumb/v7-m/nofp\libc_nano.a(libc_a-isattyr.o)
                0x00000000080032dc                _isatty_r
 .text._sbrk_r  0x00000000080032fc       0x20 C:/ST/STM32CubeCLT/GNU-tools-for-STM32/bin/../lib/gcc/arm-none-eabi/11.3.1/../../../../arm-none-eabi/lib/thumb/v7-m/nofp\libc_nano.a(libc_a-sbrkr.o)
                0x00000000080032fc                _sbrk_r
 .text._close   0x000000000800331c       0x10 C:/ST/STM32CubeCLT/GNU-tools-for-STM32/bin/../lib/gcc/arm-none-eabi/11.3.1/../../../../arm-none-eabi/lib/thumb/v7-m/nofp\libnosys.a(close.o)
                0x000000000800331c                _close
 .text._fstat   0x000000000800332c       0x10 C:/ST/STM32CubeCLT/GNU-tools-for-STM32/bin/../lib/gcc/arm-none-eabi/11.3.1/../../../../arm-none-eabi/lib/thumb/v7-m/nofp\libnosys.a(fstat.o)
                0x000000000800332c                _fstat
 .text._isatty  0x000000000800333c       0x10 C:/ST/STM32CubeCLT/GNU-tools-for-STM32/bin/../lib/gcc/arm-none-eabi/11.3.1/../../../../arm-none-eabi/lib/thumb/v7-m/nofp\libnosys.a(isatty.o)
                0x000000000800333c                _isatty
 .text._lseek   0x000000000800334c       0x10 C:/ST/STM32CubeCLT/GNU-tools-for-STM32/bin/../lib/gcc/arm-none-eabi/11.3.1/../../../../arm-none-eabi/lib/thumb/v7-m/nofp\libnosys.a(lseek.o)
                0x000000000800334c                _lseek
 .text._read    0x000000000800335c       0x10 C:/ST/STM32CubeCLT/GNU-tools-for-STM32/bin/../lib/gcc/arm-none-eabi/11.3.1/../../../../arm-none-eabi/lib/thumb/v7-m/nofp\libnosys.a(read.o)
                0x000000000800335c                _read
 .text._sbrk    0x000000000800336c       0x1c C:/ST/STM32CubeCLT/GNU-tools-for-STM32/bin/../lib/gcc/arm-none-eabi/11.3.1/../../../../arm-none-eabi/lib/thumb/v7-m/nofp\libnosys.a(sbrk.o)
                0x000000000800336c                _sbrk
 .text._write   0x0000000008003388       0x10 C:/ST/STM32CubeCLT/GNU-tools-for-STM32/bin/../lib/gcc/arm-none-eabi/11.3.1/../../../../arm-none-eabi/lib/thumb/v7-m/nofp\libnosys.a(write.o)
                0x0000000008003388                _write
 *(.glue_7)
 .glue_7        0x0000000008003398        0x0 linker stubs
 *(.glue_7t)
 .glue_7t       0x0000000008003398        0x0 linker stubs
 *(.eh_frame)
 .eh_frame      0x0000000008003398        0x0 C:/ST/STM32CubeCLT/GNU-tools-for-STM32/bin/../lib/gcc/arm-none-eabi/11.3.1/thumb/v7-m/nofp/crtbegin.o
 *(.init)
 .init          0x0000000008003398        0x4 C:/ST/STM32CubeCLT/GNU-tools-for-STM32/bin/../lib/gcc/arm-none-eabi/11.3.1/thumb/v7-m/nofp/crti.o
                0x0000000008003398                _init
 .init          0x000000000800339c        0x8 C:/ST/STM32CubeCLT/GNU-tools-for-STM32/bin/../lib/gcc/arm-none-eabi/11.3.1/thumb/v7-m/nofp/crtn.o
 *(.fini)
 .fini          0x00000000080033a4        0x4 C:/ST/STM32CubeCLT/GNU-tools-for-STM32/bin/../lib/gcc/arm-none-eabi/11.3.1/thumb/v7-m/nofp/crti.o
                0x00000000080033a4                _fini
 .fini          0x00000000080033a8        0x8 C:/ST/STM32CubeCLT/GNU-tools-for-STM32/bin/../lib/gcc/arm-none-eabi/11.3.1/thumb/v7-m/nofp/crtn.o
                0x00000000080033b0                . = ALIGN (0x4)
                0x00000000080033b0                _etext = .

.vfp11_veneer   0x00000000080033b0        0x0
 .vfp11_veneer  0x00000000080033b0        0x0 linker stubs

.v4_bx          0x00000000080033b0        0x0
 .v4_bx         0x00000000080033b0        0x0 linker stubs

.iplt           0x00000000080033b0        0x0
 .iplt          0x00000000080033b0        0x0 C:/ST/STM32CubeCLT/GNU-tools-for-STM32/bin/../lib/gcc/arm-none-eabi/11.3.1/thumb/v7-m/nofp/crtbegin.o

.rodata         0x00000000080033b0       0x50
                0x00000000080033b0                . = ALIGN (0x4)
 *(.rodata)
 *(.rodata*)
 .rodata.HAL_GPIO_EXTI_Callback.str1.4
                0x00000000080033b0       0x1f build/main.o
 *fill*         0x00000000080033cf        0x1 
 .rodata.main.str1.4
                0x00000000080033d0        0xa build/main.o
 *fill*         0x00000000080033da        0x2 
 .rodata.AHBPrescTable
                0x00000000080033dc       0x10 build/system_stm32l1xx.o
                0x00000000080033dc                AHBPrescTable
 .rodata.APBPrescTable
                0x00000000080033ec        0x8 build/system_stm32l1xx.o
                0x00000000080033ec                APBPrescTable
 .rodata.PLLMulTable
                0x00000000080033f4        0x9 build/system_stm32l1xx.o
                0x00000000080033f4                PLLMulTable
                0x0000000008003400                . = ALIGN (0x4)
 *fill*         0x00000000080033fd        0x3 

.ARM.extab
 *(.ARM.extab* .gnu.linkonce.armextab.*)

.ARM            0x0000000008003400        0x8
                0x0000000008003400                __exidx_start = .
 *(.ARM.exidx*)
 .ARM.exidx     0x0000000008003400        0x8 C:/ST/STM32CubeCLT/GNU-tools-for-STM32/bin/../lib/gcc/arm-none-eabi/11.3.1/thumb/v7-m/nofp\libgcc.a(_udivmoddi4.o)
                0x0000000008003408                __exidx_end = .

.rel.dyn        0x0000000008003408        0x0
 .rel.iplt      0x0000000008003408        0x0 C:/ST/STM32CubeCLT/GNU-tools-for-STM32/bin/../lib/gcc/arm-none-eabi/11.3.1/thumb/v7-m/nofp/crtbegin.o

.preinit_array  0x0000000008003408        0x0
                0x0000000008003408                PROVIDE (__preinit_array_start = .)
 *(.preinit_array*)
                0x0000000008003408                PROVIDE (__preinit_array_end = .)

.init_array     0x0000000008003408        0x4
                0x0000000008003408                PROVIDE (__init_array_start = .)
 *(SORT_BY_NAME(.init_array.*))
 *(.init_array*)
 .init_array    0x0000000008003408        0x4 C:/ST/STM32CubeCLT/GNU-tools-for-STM32/bin/../lib/gcc/arm-none-eabi/11.3.1/thumb/v7-m/nofp/crtbegin.o
                0x000000000800340c                PROVIDE (__init_array_end = .)

.fini_array     0x000000000800340c        0x4
                [!provide]                        PROVIDE (__fini_array_start = .)
 *(SORT_BY_NAME(.fini_array.*))
 *(.fini_array*)
 .fini_array    0x000000000800340c        0x4 C:/ST/STM32CubeCLT/GNU-tools-for-STM32/bin/../lib/gcc/arm-none-eabi/11.3.1/thumb/v7-m/nofp/crtbegin.o
                [!provide]                        PROVIDE (__fini_array_end = .)
                0x0000000008003410                _sidata = LOADADDR (.data)

.data           0x0000000020000000       0x68 load address 0x0000000008003410
                0x0000000020000000                . = ALIGN (0x4)
                0x0000000020000000                _sdata = .
 *(.data)
 *(.data*)
 .data.uwTickFreq
                0x0000000020000000        0x4 build/stm32l1xx_hal.o
                0x0000000020000000                uwTickFreq
 .data.uwTickPrio
                0x0000000020000004        0x4 build/stm32l1xx_hal.o
                0x0000000020000004                uwTickPrio
 .data.SystemCoreClock
                0x0000000020000008        0x4 build/system_stm32l1xx.o
                0x0000000020000008                SystemCoreClock
 .data.__sglue  0x000000002000000c        0xc C:/ST/STM32CubeCLT/GNU-tools-for-STM32/bin/../lib/gcc/arm-none-eabi/11.3.1/../../../../arm-none-eabi/lib/thumb/v7-m/nofp\libc_nano.a(libc_a-findfp.o)
                0x000000002000000c                __sglue
 .data._impure_data
                0x0000000020000018       0x4c C:/ST/STM32CubeCLT/GNU-tools-for-STM32/bin/../lib/gcc/arm-none-eabi/11.3.1/../../../../arm-none-eabi/lib/thumb/v7-m/nofp\libc_nano.a(libc_a-impure.o)
                0x0000000020000018                _impure_data
 .data._impure_ptr
                0x0000000020000064        0x4 C:/ST/STM32CubeCLT/GNU-tools-for-STM32/bin/../lib/gcc/arm-none-eabi/11.3.1/../../../../arm-none-eabi/lib/thumb/v7-m/nofp\libc_nano.a(libc_a-impure.o)
                0x0000000020000064                _impure_ptr
                0x0000000020000068                . = ALIGN (0x4)
                0x0000000020000068                _edata = .

.igot.plt       0x0000000020000068        0x0 load address 0x0000000008003478
 .igot.plt      0x0000000020000068        0x0 C:/ST/STM32CubeCLT/GNU-tools-for-STM32/bin/../lib/gcc/arm-none-eabi/11.3.1/thumb/v7-m/nofp/crtbegin.o
                0x0000000020000068                . = ALIGN (0x4)

.bss            0x0000000020000068      0x328 load address 0x0000000008003478
                0x0000000020000068                _sbss = .
                0x0000000020000068                __bss_start__ = _sbss
 *(.bss)
 .bss           0x0000000020000068       0x1c C:/ST/STM32CubeCLT/GNU-tools-for-STM32/bin/../lib/gcc/arm-none-eabi/11.3.1/thumb/v7-m/nofp/crtbegin.o
 *(.bss*)
 .bss.adcData   0x0000000020000084        0x4 build/main.o
                0x0000000020000084                adcData
 .bss.buttonElapsed
                0x0000000020000088       0x10 build/main.o
                0x0000000020000088                buttonElapsed
 .bss.hadc      0x0000000020000098       0x54 build/main.o
                0x0000000020000098                hadc
 .bss.hdma_adc  0x00000000200000ec       0x44 build/main.o
                0x00000000200000ec                hdma_adc
 .bss.htim11    0x0000000020000130       0x40 build/main.o
                0x0000000020000130                htim11
 .bss.htim2     0x0000000020000170       0x40 build/main.o
                0x0000000020000170                htim2
 .bss.htim9     0x00000000200001b0       0x40 build/main.o
                0x00000000200001b0                htim9
 .bss.huart2    0x00000000200001f0       0x48 build/main.o
                0x00000000200001f0                huart2
 .bss.seed      0x0000000020000238        0x4 build/main.o
                0x0000000020000238                seed
 .bss.uwTick    0x000000002000023c        0x4 build/stm32l1xx_hal.o
                0x000000002000023c                uwTick
 .bss.__sf      0x0000000020000240      0x138 C:/ST/STM32CubeCLT/GNU-tools-for-STM32/bin/../lib/gcc/arm-none-eabi/11.3.1/../../../../arm-none-eabi/lib/thumb/v7-m/nofp\libc_nano.a(libc_a-findfp.o)
                0x0000000020000240                __sf
 .bss.__stdio_exit_handler
                0x0000000020000378        0x4 C:/ST/STM32CubeCLT/GNU-tools-for-STM32/bin/../lib/gcc/arm-none-eabi/11.3.1/../../../../arm-none-eabi/lib/thumb/v7-m/nofp\libc_nano.a(libc_a-findfp.o)
                0x0000000020000378                __stdio_exit_handler
 .bss.errno     0x000000002000037c        0x4 C:/ST/STM32CubeCLT/GNU-tools-for-STM32/bin/../lib/gcc/arm-none-eabi/11.3.1/../../../../arm-none-eabi/lib/thumb/v7-m/nofp\libc_nano.a(libc_a-reent.o)
                0x000000002000037c                errno
 .bss.__lock___malloc_recursive_mutex
                0x0000000020000380        0x1 C:/ST/STM32CubeCLT/GNU-tools-for-STM32/bin/../lib/gcc/arm-none-eabi/11.3.1/../../../../arm-none-eabi/lib/thumb/v7-m/nofp\libc_nano.a(libc_a-lock.o)
                0x0000000020000380                __lock___malloc_recursive_mutex
 .bss.__lock___sfp_recursive_mutex
                0x0000000020000381        0x1 C:/ST/STM32CubeCLT/GNU-tools-for-STM32/bin/../lib/gcc/arm-none-eabi/11.3.1/../../../../arm-none-eabi/lib/thumb/v7-m/nofp\libc_nano.a(libc_a-lock.o)
                0x0000000020000381                __lock___sfp_recursive_mutex
 *fill*         0x0000000020000382        0x2 
 .bss.__malloc_free_list
                0x0000000020000384        0x4 C:/ST/STM32CubeCLT/GNU-tools-for-STM32/bin/../lib/gcc/arm-none-eabi/11.3.1/../../../../arm-none-eabi/lib/thumb/v7-m/nofp\libc_nano.a(libc_a-mallocr.o)
                0x0000000020000384                __malloc_free_list
 .bss.__malloc_sbrk_start
                0x0000000020000388        0x4 C:/ST/STM32CubeCLT/GNU-tools-for-STM32/bin/../lib/gcc/arm-none-eabi/11.3.1/../../../../arm-none-eabi/lib/thumb/v7-m/nofp\libc_nano.a(libc_a-mallocr.o)
                0x0000000020000388                __malloc_sbrk_start
 .bss.heap_end.0
                0x000000002000038c        0x4 C:/ST/STM32CubeCLT/GNU-tools-for-STM32/bin/../lib/gcc/arm-none-eabi/11.3.1/../../../../arm-none-eabi/lib/thumb/v7-m/nofp\libnosys.a(sbrk.o)
 *(COMMON)
                0x0000000020000390                . = ALIGN (0x4)
                0x0000000020000390                _ebss = .
                0x0000000020000390                __bss_end__ = _ebss

._user_heap_stack
                0x0000000020000390      0x600 load address 0x0000000008003478
                0x0000000020000390                . = ALIGN (0x8)
                0x0000000020000390                PROVIDE (end = .)
                [!provide]                        PROVIDE (_end = .)
                0x0000000020000590                . = (. + _Min_Heap_Size)
 *fill*         0x0000000020000390      0x200 
                0x0000000020000990                . = (. + _Min_Stack_Size)
 *fill*         0x0000000020000590      0x400 
                0x0000000020000990                . = ALIGN (0x8)

/DISCARD/
 libc.a(*)
 libm.a(*)
 libgcc.a(*)

.ARM.attributes
                0x0000000000000000       0x29
 *(.ARM.attributes)
 .ARM.attributes
                0x0000000000000000       0x1d C:/ST/STM32CubeCLT/GNU-tools-for-STM32/bin/../lib/gcc/arm-none-eabi/11.3.1/thumb/v7-m/nofp/crti.o
 .ARM.attributes
                0x000000000000001d       0x2d C:/ST/STM32CubeCLT/GNU-tools-for-STM32/bin/../lib/gcc/arm-none-eabi/11.3.1/thumb/v7-m/nofp/crtbegin.o
 .ARM.attributes
                0x000000000000004a       0x2d build/main.o
 .ARM.attributes
                0x0000000000000077       0x2d build/stm32l1xx_it.o
 .ARM.attributes
                0x00000000000000a4       0x2d build/stm32l1xx_hal_msp.o
 .ARM.attributes
                0x00000000000000d1       0x2d build/stm32l1xx_hal_adc.o
 .ARM.attributes
                0x00000000000000fe       0x2d build/stm32l1xx_hal_adc_ex.o
 .ARM.attributes
                0x000000000000012b       0x2d build/stm32l1xx_hal.o
 .ARM.attributes
                0x0000000000000158       0x2d build/stm32l1xx_hal_rcc.o
 .ARM.attributes
                0x0000000000000185       0x2d build/stm32l1xx_hal_gpio.o
 .ARM.attributes
                0x00000000000001b2       0x2d build/stm32l1xx_hal_dma.o
 .ARM.attributes
                0x00000000000001df       0x2d build/stm32l1xx_hal_cortex.o
 .ARM.attributes
                0x000000000000020c       0x2d build/stm32l1xx_hal_tim.o
 .ARM.attributes
                0x0000000000000239       0x2d build/stm32l1xx_hal_tim_ex.o
 .ARM.attributes
                0x0000000000000266       0x2d build/stm32l1xx_hal_uart.o
 .ARM.attributes
                0x0000000000000293       0x2d build/system_stm32l1xx.o
 .ARM.attributes
                0x00000000000002c0       0x21 build/startup_stm32l152xe.o
 .ARM.attributes
                0x00000000000002e1       0x2d C:/ST/STM32CubeCLT/GNU-tools-for-STM32/bin/../lib/gcc/arm-none-eabi/11.3.1/../../../../arm-none-eabi/lib/thumb/v7-m/nofp\libc_nano.a(libc_a-findfp.o)
 .ARM.attributes
                0x000000000000030e       0x2d C:/ST/STM32CubeCLT/GNU-tools-for-STM32/bin/../lib/gcc/arm-none-eabi/11.3.1/../../../../arm-none-eabi/lib/thumb/v7-m/nofp\libc_nano.a(libc_a-fwalk.o)
 .ARM.attributes
                0x000000000000033b       0x2d C:/ST/STM32CubeCLT/GNU-tools-for-STM32/bin/../lib/gcc/arm-none-eabi/11.3.1/../../../../arm-none-eabi/lib/thumb/v7-m/nofp\libc_nano.a(libc_a-puts.o)
 .ARM.attributes
                0x0000000000000368       0x2d C:/ST/STM32CubeCLT/GNU-tools-for-STM32/bin/../lib/gcc/arm-none-eabi/11.3.1/../../../../arm-none-eabi/lib/thumb/v7-m/nofp\libc_nano.a(libc_a-stdio.o)
 .ARM.attributes
                0x0000000000000395       0x2d C:/ST/STM32CubeCLT/GNU-tools-for-STM32/bin/../lib/gcc/arm-none-eabi/11.3.1/../../../../arm-none-eabi/lib/thumb/v7-m/nofp\libc_nano.a(libc_a-wbuf.o)
 .ARM.attributes
                0x00000000000003c2       0x2d C:/ST/STM32CubeCLT/GNU-tools-for-STM32/bin/../lib/gcc/arm-none-eabi/11.3.1/../../../../arm-none-eabi/lib/thumb/v7-m/nofp\libc_nano.a(libc_a-wsetup.o)
 .ARM.attributes
                0x00000000000003ef       0x2d C:/ST/STM32CubeCLT/GNU-tools-for-STM32/bin/../lib/gcc/arm-none-eabi/11.3.1/../../../../arm-none-eabi/lib/thumb/v7-m/nofp\libc_nano.a(libc_a-memset.o)
 .ARM.attributes
                0x000000000000041c       0x2d C:/ST/STM32CubeCLT/GNU-tools-for-STM32/bin/../lib/gcc/arm-none-eabi/11.3.1/../../../../arm-none-eabi/lib/thumb/v7-m/nofp\libc_nano.a(libc_a-closer.o)
 .ARM.attributes
                0x0000000000000449       0x2d C:/ST/STM32CubeCLT/GNU-tools-for-STM32/bin/../lib/gcc/arm-none-eabi/11.3.1/../../../../arm-none-eabi/lib/thumb/v7-m/nofp\libc_nano.a(libc_a-reent.o)
 .ARM.attributes
                0x0000000000000476       0x2d C:/ST/STM32CubeCLT/GNU-tools-for-STM32/bin/../lib/gcc/arm-none-eabi/11.3.1/../../../../arm-none-eabi/lib/thumb/v7-m/nofp\libc_nano.a(libc_a-impure.o)
 .ARM.attributes
                0x00000000000004a3       0x2d C:/ST/STM32CubeCLT/GNU-tools-for-STM32/bin/../lib/gcc/arm-none-eabi/11.3.1/../../../../arm-none-eabi/lib/thumb/v7-m/nofp\libc_nano.a(libc_a-lseekr.o)
 .ARM.attributes
                0x00000000000004d0       0x2d C:/ST/STM32CubeCLT/GNU-tools-for-STM32/bin/../lib/gcc/arm-none-eabi/11.3.1/../../../../arm-none-eabi/lib/thumb/v7-m/nofp\libc_nano.a(libc_a-readr.o)
 .ARM.attributes
                0x00000000000004fd       0x2d C:/ST/STM32CubeCLT/GNU-tools-for-STM32/bin/../lib/gcc/arm-none-eabi/11.3.1/../../../../arm-none-eabi/lib/thumb/v7-m/nofp\libc_nano.a(libc_a-writer.o)
 .ARM.attributes
                0x000000000000052a       0x2d C:/ST/STM32CubeCLT/GNU-tools-for-STM32/bin/../lib/gcc/arm-none-eabi/11.3.1/../../../../arm-none-eabi/lib/thumb/v7-m/nofp\libc_nano.a(libc_a-init.o)
 .ARM.attributes
                0x0000000000000557       0x2d C:/ST/STM32CubeCLT/GNU-tools-for-STM32/bin/../lib/gcc/arm-none-eabi/11.3.1/../../../../arm-none-eabi/lib/thumb/v7-m/nofp\libc_nano.a(libc_a-lock.o)
 .ARM.attributes
                0x0000000000000584       0x2d C:/ST/STM32CubeCLT/GNU-tools-for-STM32/bin/../lib/gcc/arm-none-eabi/11.3.1/../../../../arm-none-eabi/lib/thumb/v7-m/nofp\libc_nano.a(libc_a-freer.o)
 .ARM.attributes
                0x00000000000005b1       0x2d C:/ST/STM32CubeCLT/GNU-tools-for-STM32/bin/../lib/gcc/arm-none-eabi/11.3.1/../../../../arm-none-eabi/lib/thumb/v7-m/nofp\libc_nano.a(libc_a-mallocr.o)
 .ARM.attributes
                0x00000000000005de       0x2d C:/ST/STM32CubeCLT/GNU-tools-for-STM32/bin/../lib/gcc/arm-none-eabi/11.3.1/../../../../arm-none-eabi/lib/thumb/v7-m/nofp\libc_nano.a(libc_a-mlock.o)
 .ARM.attributes
                0x000000000000060b       0x2d C:/ST/STM32CubeCLT/GNU-tools-for-STM32/bin/../lib/gcc/arm-none-eabi/11.3.1/../../../../arm-none-eabi/lib/thumb/v7-m/nofp\libc_nano.a(libc_a-fflush.o)
 .ARM.attributes
                0x0000000000000638       0x2d C:/ST/STM32CubeCLT/GNU-tools-for-STM32/bin/../lib/gcc/arm-none-eabi/11.3.1/../../../../arm-none-eabi/lib/thumb/v7-m/nofp\libc_nano.a(libc_a-makebuf.o)
 .ARM.attributes
                0x0000000000000665       0x2d C:/ST/STM32CubeCLT/GNU-tools-for-STM32/bin/../lib/gcc/arm-none-eabi/11.3.1/../../../../arm-none-eabi/lib/thumb/v7-m/nofp\libc_nano.a(libc_a-fstatr.o)
 .ARM.attributes
                0x0000000000000692       0x2d C:/ST/STM32CubeCLT/GNU-tools-for-STM32/bin/../lib/gcc/arm-none-eabi/11.3.1/../../../../arm-none-eabi/lib/thumb/v7-m/nofp\libc_nano.a(libc_a-isattyr.o)
 .ARM.attributes
                0x00000000000006bf       0x2d C:/ST/STM32CubeCLT/GNU-tools-for-STM32/bin/../lib/gcc/arm-none-eabi/11.3.1/../../../../arm-none-eabi/lib/thumb/v7-m/nofp\libc_nano.a(libc_a-sbrkr.o)
 .ARM.attributes
                0x00000000000006ec       0x2d C:/ST/STM32CubeCLT/GNU-tools-for-STM32/bin/../lib/gcc/arm-none-eabi/11.3.1/../../../../arm-none-eabi/lib/thumb/v7-m/nofp\libnosys.a(close.o)
 .ARM.attributes
                0x0000000000000719       0x2d C:/ST/STM32CubeCLT/GNU-tools-for-STM32/bin/../lib/gcc/arm-none-eabi/11.3.1/../../../../arm-none-eabi/lib/thumb/v7-m/nofp\libnosys.a(fstat.o)
 .ARM.attributes
                0x0000000000000746       0x2d C:/ST/STM32CubeCLT/GNU-tools-for-STM32/bin/../lib/gcc/arm-none-eabi/11.3.1/../../../../arm-none-eabi/lib/thumb/v7-m/nofp\libnosys.a(isatty.o)
 .ARM.attributes
                0x0000000000000773       0x2d C:/ST/STM32CubeCLT/GNU-tools-for-STM32/bin/../lib/gcc/arm-none-eabi/11.3.1/../../../../arm-none-eabi/lib/thumb/v7-m/nofp\libnosys.a(lseek.o)
 .ARM.attributes
                0x00000000000007a0       0x2d C:/ST/STM32CubeCLT/GNU-tools-for-STM32/bin/../lib/gcc/arm-none-eabi/11.3.1/../../../../arm-none-eabi/lib/thumb/v7-m/nofp\libnosys.a(read.o)
 .ARM.attributes
                0x00000000000007cd       0x2d C:/ST/STM32CubeCLT/GNU-tools-for-STM32/bin/../lib/gcc/arm-none-eabi/11.3.1/../../../../arm-none-eabi/lib/thumb/v7-m/nofp\libnosys.a(sbrk.o)
 .ARM.attributes
                0x00000000000007fa       0x2d C:/ST/STM32CubeCLT/GNU-tools-for-STM32/bin/../lib/gcc/arm-none-eabi/11.3.1/../../../../arm-none-eabi/lib/thumb/v7-m/nofp\libnosys.a(write.o)
 .ARM.attributes
                0x0000000000000827       0x1d C:/ST/STM32CubeCLT/GNU-tools-for-STM32/bin/../lib/gcc/arm-none-eabi/11.3.1/thumb/v7-m/nofp\libgcc.a(_aeabi_uldivmod.o)
 .ARM.attributes
                0x0000000000000844       0x2d C:/ST/STM32CubeCLT/GNU-tools-for-STM32/bin/../lib/gcc/arm-none-eabi/11.3.1/thumb/v7-m/nofp\libgcc.a(_udivmoddi4.o)
 .ARM.attributes
                0x0000000000000871       0x1d C:/ST/STM32CubeCLT/GNU-tools-for-STM32/bin/../lib/gcc/arm-none-eabi/11.3.1/thumb/v7-m/nofp\libgcc.a(_dvmd_tls.o)
 .ARM.attributes
                0x000000000000088e       0x1d C:/ST/STM32CubeCLT/GNU-tools-for-STM32/bin/../lib/gcc/arm-none-eabi/11.3.1/thumb/v7-m/nofp/crtn.o
OUTPUT(build/bomb_has_been_defused.elf elf32-littlearm)
LOAD linker stubs
LOAD C:/ST/STM32CubeCLT/GNU-tools-for-STM32/bin/../lib/gcc/arm-none-eabi/11.3.1/../../../../arm-none-eabi/lib/thumb/v7-m/nofp\libc.a
LOAD C:/ST/STM32CubeCLT/GNU-tools-for-STM32/bin/../lib/gcc/arm-none-eabi/11.3.1/../../../../arm-none-eabi/lib/thumb/v7-m/nofp\libm.a
LOAD C:/ST/STM32CubeCLT/GNU-tools-for-STM32/bin/../lib/gcc/arm-none-eabi/11.3.1/thumb/v7-m/nofp\libgcc.a

.comment        0x0000000000000000       0x43
 .comment       0x0000000000000000       0x43 C:/ST/STM32CubeCLT/GNU-tools-for-STM32/bin/../lib/gcc/arm-none-eabi/11.3.1/thumb/v7-m/nofp/crtbegin.o
                                         0x44 (size before relaxing)
 .comment       0x0000000000000043       0x44 build/main.o
 .comment       0x0000000000000043       0x44 build/stm32l1xx_it.o
 .comment       0x0000000000000043       0x44 build/stm32l1xx_hal_msp.o
 .comment       0x0000000000000043       0x44 build/stm32l1xx_hal_adc.o
 .comment       0x0000000000000043       0x44 build/stm32l1xx_hal_adc_ex.o
 .comment       0x0000000000000043       0x44 build/stm32l1xx_hal.o
 .comment       0x0000000000000043       0x44 build/stm32l1xx_hal_rcc.o
 .comment       0x0000000000000043       0x44 build/stm32l1xx_hal_gpio.o
 .comment       0x0000000000000043       0x44 build/stm32l1xx_hal_dma.o
 .comment       0x0000000000000043       0x44 build/stm32l1xx_hal_cortex.o
 .comment       0x0000000000000043       0x44 build/stm32l1xx_hal_tim.o
 .comment       0x0000000000000043       0x44 build/stm32l1xx_hal_tim_ex.o
 .comment       0x0000000000000043       0x44 build/stm32l1xx_hal_uart.o
 .comment       0x0000000000000043       0x44 build/system_stm32l1xx.o

.debug_info     0x0000000000000000    0x125f2
 .debug_info    0x0000000000000000     0x2211 build/main.o
 .debug_info    0x0000000000002211      0xc7c build/stm32l1xx_it.o
 .debug_info    0x0000000000002e8d     0x1668 build/stm32l1xx_hal_msp.o
 .debug_info    0x00000000000044f5     0x1321 build/stm32l1xx_hal_adc.o
 .debug_info    0x0000000000005816      0xafd build/stm32l1xx_hal_adc_ex.o
 .debug_info    0x0000000000006313      0x875 build/stm32l1xx_hal.o
 .debug_info    0x0000000000006b88      0xd23 build/stm32l1xx_hal_rcc.o
 .debug_info    0x00000000000078ab      0x6e5 build/stm32l1xx_hal_gpio.o
 .debug_info    0x0000000000007f90      0x8ac build/stm32l1xx_hal_dma.o
 .debug_info    0x000000000000883c     0x10e5 build/stm32l1xx_hal_cortex.o
 .debug_info    0x0000000000009921     0x3e5d build/stm32l1xx_hal_tim.o
 .debug_info    0x000000000000d77e      0x78c build/stm32l1xx_hal_tim_ex.o
 .debug_info    0x000000000000df0a     0x43da build/stm32l1xx_hal_uart.o
 .debug_info    0x00000000000122e4      0x2ec build/system_stm32l1xx.o
 .debug_info    0x00000000000125d0       0x22 build/startup_stm32l152xe.o

.debug_abbrev   0x0000000000000000     0x243a
 .debug_abbrev  0x0000000000000000      0x410 build/main.o
 .debug_abbrev  0x0000000000000410      0x1e1 build/stm32l1xx_it.o
 .debug_abbrev  0x00000000000005f1      0x25d build/stm32l1xx_hal_msp.o
 .debug_abbrev  0x000000000000084e      0x2fb build/stm32l1xx_hal_adc.o
 .debug_abbrev  0x0000000000000b49      0x2b3 build/stm32l1xx_hal_adc_ex.o
 .debug_abbrev  0x0000000000000dfc      0x28a build/stm32l1xx_hal.o
 .debug_abbrev  0x0000000000001086      0x2fc build/stm32l1xx_hal_rcc.o
 .debug_abbrev  0x0000000000001382      0x22b build/stm32l1xx_hal_gpio.o
 .debug_abbrev  0x00000000000015ad      0x258 build/stm32l1xx_hal_dma.o
 .debug_abbrev  0x0000000000001805      0x371 build/stm32l1xx_hal_cortex.o
 .debug_abbrev  0x0000000000001b76      0x2a8 build/stm32l1xx_hal_tim.o
 .debug_abbrev  0x0000000000001e1e      0x190 build/stm32l1xx_hal_tim_ex.o
 .debug_abbrev  0x0000000000001fae      0x35f build/stm32l1xx_hal_uart.o
 .debug_abbrev  0x000000000000230d      0x11b build/system_stm32l1xx.o
 .debug_abbrev  0x0000000000002428       0x12 build/startup_stm32l152xe.o

.debug_loc      0x0000000000000000     0xe4e7
 .debug_loc     0x0000000000000000      0x336 build/main.o
 .debug_loc     0x0000000000000336      0x100 build/stm32l1xx_it.o
 .debug_loc     0x0000000000000436      0x479 build/stm32l1xx_hal_msp.o
 .debug_loc     0x00000000000008af      0xe7b build/stm32l1xx_hal_adc.o
 .debug_loc     0x000000000000172a      0x68b build/stm32l1xx_hal_adc_ex.o
 .debug_loc     0x0000000000001db5      0x26d build/stm32l1xx_hal.o
 .debug_loc     0x0000000000002022      0x8b4 build/stm32l1xx_hal_rcc.o
 .debug_loc     0x00000000000028d6      0x4d6 build/stm32l1xx_hal_gpio.o
 .debug_loc     0x0000000000002dac      0x8eb build/stm32l1xx_hal_dma.o
 .debug_loc     0x0000000000003697      0x831 build/stm32l1xx_hal_cortex.o
 .debug_loc     0x0000000000003ec8     0x54a4 build/stm32l1xx_hal_tim.o
 .debug_loc     0x000000000000936c      0x130 build/stm32l1xx_hal_tim_ex.o
 .debug_loc     0x000000000000949c     0x4e75 build/stm32l1xx_hal_uart.o
 .debug_loc     0x000000000000e311      0x1d6 build/system_stm32l1xx.o

.debug_aranges  0x0000000000000000      0xc18
 .debug_aranges
                0x0000000000000000       0x90 build/main.o
 .debug_aranges
                0x0000000000000090       0x98 build/stm32l1xx_it.o
 .debug_aranges
                0x0000000000000128       0x68 build/stm32l1xx_hal_msp.o
 .debug_aranges
                0x0000000000000190       0xf0 build/stm32l1xx_hal_adc.o
 .debug_aranges
                0x0000000000000280       0x58 build/stm32l1xx_hal_adc_ex.o
 .debug_aranges
                0x00000000000002d8       0xe0 build/stm32l1xx_hal.o
 .debug_aranges
                0x00000000000003b8       0x90 build/stm32l1xx_hal_rcc.o
 .debug_aranges
                0x0000000000000448       0x58 build/stm32l1xx_hal_gpio.o
 .debug_aranges
                0x00000000000004a0       0x80 build/stm32l1xx_hal_dma.o
 .debug_aranges
                0x0000000000000520       0xa8 build/stm32l1xx_hal_cortex.o
 .debug_aranges
                0x00000000000005c8      0x3d0 build/stm32l1xx_hal_tim.o
 .debug_aranges
                0x0000000000000998       0x28 build/stm32l1xx_hal_tim_ex.o
 .debug_aranges
                0x00000000000009c0      0x208 build/stm32l1xx_hal_uart.o
 .debug_aranges
                0x0000000000000bc8       0x28 build/system_stm32l1xx.o
 .debug_aranges
                0x0000000000000bf0       0x28 build/startup_stm32l152xe.o

.debug_ranges   0x0000000000000000      0xbc0
 .debug_ranges  0x0000000000000000       0x80 build/main.o
 .debug_ranges  0x0000000000000080       0x88 build/stm32l1xx_it.o
 .debug_ranges  0x0000000000000108       0x58 build/stm32l1xx_hal_msp.o
 .debug_ranges  0x0000000000000160       0xe0 build/stm32l1xx_hal_adc.o
 .debug_ranges  0x0000000000000240       0x48 build/stm32l1xx_hal_adc_ex.o
 .debug_ranges  0x0000000000000288       0xd0 build/stm32l1xx_hal.o
 .debug_ranges  0x0000000000000358       0x98 build/stm32l1xx_hal_rcc.o
 .debug_ranges  0x00000000000003f0       0x48 build/stm32l1xx_hal_gpio.o
 .debug_ranges  0x0000000000000438       0x70 build/stm32l1xx_hal_dma.o
 .debug_ranges  0x00000000000004a8       0xf8 build/stm32l1xx_hal_cortex.o
 .debug_ranges  0x00000000000005a0      0x3c0 build/stm32l1xx_hal_tim.o
 .debug_ranges  0x0000000000000960       0x18 build/stm32l1xx_hal_tim_ex.o
 .debug_ranges  0x0000000000000978      0x210 build/stm32l1xx_hal_uart.o
 .debug_ranges  0x0000000000000b88       0x18 build/system_stm32l1xx.o
 .debug_ranges  0x0000000000000ba0       0x20 build/startup_stm32l152xe.o

.debug_line     0x0000000000000000     0xdfdd
 .debug_line    0x0000000000000000      0x96b build/main.o
 .debug_line    0x000000000000096b      0x3ee build/stm32l1xx_it.o
 .debug_line    0x0000000000000d59      0x57b build/stm32l1xx_hal_msp.o
 .debug_line    0x00000000000012d4      0xe99 build/stm32l1xx_hal_adc.o
 .debug_line    0x000000000000216d      0x855 build/stm32l1xx_hal_adc_ex.o
 .debug_line    0x00000000000029c2      0x588 build/stm32l1xx_hal.o
 .debug_line    0x0000000000002f4a      0xe0a build/stm32l1xx_hal_rcc.o
 .debug_line    0x0000000000003d54      0x5ae build/stm32l1xx_hal_gpio.o
 .debug_line    0x0000000000004302      0x9b5 build/stm32l1xx_hal_dma.o
 .debug_line    0x0000000000004cb7      0x7ab build/stm32l1xx_hal_cortex.o
 .debug_line    0x0000000000005462     0x413b build/stm32l1xx_hal_tim.o
 .debug_line    0x000000000000959d      0x353 build/stm32l1xx_hal_tim_ex.o
 .debug_line    0x00000000000098f0     0x43ed build/stm32l1xx_hal_uart.o
 .debug_line    0x000000000000dcdd      0x28b build/system_stm32l1xx.o
 .debug_line    0x000000000000df68       0x75 build/startup_stm32l152xe.o

.debug_str      0x0000000000000000     0x3b27
 .debug_str     0x0000000000000000     0x138e build/main.o
                                       0x14bf (size before relaxing)
 .debug_str     0x000000000000138e      0x188 build/stm32l1xx_it.o
                                        0x9b4 (size before relaxing)
 .debug_str     0x0000000000001516      0x13b build/stm32l1xx_hal_msp.o
                                       0x1033 (size before relaxing)
 .debug_str     0x0000000000001651      0x2df build/stm32l1xx_hal_adc.o
                                        0x9ac (size before relaxing)
 .debug_str     0x0000000000001930      0x224 build/stm32l1xx_hal_adc_ex.o
                                        0x85f (size before relaxing)
 .debug_str     0x0000000000001b54      0x24c build/stm32l1xx_hal.o
                                        0x851 (size before relaxing)
 .debug_str     0x0000000000001da0      0x27c build/stm32l1xx_hal_rcc.o
                                        0x6f8 (size before relaxing)
 .debug_str     0x000000000000201c       0xcd build/stm32l1xx_hal_gpio.o
                                        0x404 (size before relaxing)
 .debug_str     0x00000000000020e9      0x206 build/stm32l1xx_hal_dma.o
                                        0x608 (size before relaxing)
 .debug_str     0x00000000000022ef      0x477 build/stm32l1xx_hal_cortex.o
                                        0xa82 (size before relaxing)
 .debug_str     0x0000000000002766      0xce0 build/stm32l1xx_hal_tim.o
                                       0x1576 (size before relaxing)
 .debug_str     0x0000000000003446       0x54 build/stm32l1xx_hal_tim_ex.o
                                        0x72b (size before relaxing)
 .debug_str     0x000000000000349a      0x60d build/stm32l1xx_hal_uart.o
                                        0xce8 (size before relaxing)
 .debug_str     0x0000000000003aa7       0x5e build/system_stm32l1xx.o
                                        0x283 (size before relaxing)
 .debug_str     0x0000000000003b05       0x22 build/startup_stm32l152xe.o
                                         0x6f (size before relaxing)

.debug_frame    0x0000000000000000     0x276c
 .debug_frame   0x0000000000000000      0x190 build/main.o
 .debug_frame   0x0000000000000190      0x150 build/stm32l1xx_it.o
 .debug_frame   0x00000000000002e0      0x128 build/stm32l1xx_hal_msp.o
 .debug_frame   0x0000000000000408      0x2c4 build/stm32l1xx_hal_adc.o
 .debug_frame   0x00000000000006cc       0xec build/stm32l1xx_hal_adc_ex.o
 .debug_frame   0x00000000000007b8      0x1cc build/stm32l1xx_hal.o
 .debug_frame   0x0000000000000984      0x1a4 build/stm32l1xx_hal_rcc.o
 .debug_frame   0x0000000000000b28       0xd0 build/stm32l1xx_hal_gpio.o
 .debug_frame   0x0000000000000bf8      0x138 build/stm32l1xx_hal_dma.o
 .debug_frame   0x0000000000000d30      0x148 build/stm32l1xx_hal_cortex.o
 .debug_frame   0x0000000000000e78      0xafc build/stm32l1xx_hal_tim.o
 .debug_frame   0x0000000000001974       0x3c build/stm32l1xx_hal_tim_ex.o
 .debug_frame   0x00000000000019b0      0x5d8 build/stm32l1xx_hal_uart.o
 .debug_frame   0x0000000000001f88       0x30 build/system_stm32l1xx.o
 .debug_frame   0x0000000000001fb8      0x13c C:/ST/STM32CubeCLT/GNU-tools-for-STM32/bin/../lib/gcc/arm-none-eabi/11.3.1/../../../../arm-none-eabi/lib/thumb/v7-m/nofp\libc_nano.a(libc_a-findfp.o)
 .debug_frame   0x00000000000020f4       0x34 C:/ST/STM32CubeCLT/GNU-tools-for-STM32/bin/../lib/gcc/arm-none-eabi/11.3.1/../../../../arm-none-eabi/lib/thumb/v7-m/nofp\libc_nano.a(libc_a-fwalk.o)
 .debug_frame   0x0000000000002128       0x3c C:/ST/STM32CubeCLT/GNU-tools-for-STM32/bin/../lib/gcc/arm-none-eabi/11.3.1/../../../../arm-none-eabi/lib/thumb/v7-m/nofp\libc_nano.a(libc_a-puts.o)
 .debug_frame   0x0000000000002164       0x88 C:/ST/STM32CubeCLT/GNU-tools-for-STM32/bin/../lib/gcc/arm-none-eabi/11.3.1/../../../../arm-none-eabi/lib/thumb/v7-m/nofp\libc_nano.a(libc_a-stdio.o)
 .debug_frame   0x00000000000021ec       0x40 C:/ST/STM32CubeCLT/GNU-tools-for-STM32/bin/../lib/gcc/arm-none-eabi/11.3.1/../../../../arm-none-eabi/lib/thumb/v7-m/nofp\libc_nano.a(libc_a-wbuf.o)
 .debug_frame   0x000000000000222c       0x2c C:/ST/STM32CubeCLT/GNU-tools-for-STM32/bin/../lib/gcc/arm-none-eabi/11.3.1/../../../../arm-none-eabi/lib/thumb/v7-m/nofp\libc_nano.a(libc_a-wsetup.o)
 .debug_frame   0x0000000000002258       0x20 C:/ST/STM32CubeCLT/GNU-tools-for-STM32/bin/../lib/gcc/arm-none-eabi/11.3.1/../../../../arm-none-eabi/lib/thumb/v7-m/nofp\libc_nano.a(libc_a-memset.o)
 .debug_frame   0x0000000000002278       0x2c C:/ST/STM32CubeCLT/GNU-tools-for-STM32/bin/../lib/gcc/arm-none-eabi/11.3.1/../../../../arm-none-eabi/lib/thumb/v7-m/nofp\libc_nano.a(libc_a-closer.o)
 .debug_frame   0x00000000000022a4       0x38 C:/ST/STM32CubeCLT/GNU-tools-for-STM32/bin/../lib/gcc/arm-none-eabi/11.3.1/../../../../arm-none-eabi/lib/thumb/v7-m/nofp\libc_nano.a(libc_a-reent.o)
 .debug_frame   0x00000000000022dc       0x2c C:/ST/STM32CubeCLT/GNU-tools-for-STM32/bin/../lib/gcc/arm-none-eabi/11.3.1/../../../../arm-none-eabi/lib/thumb/v7-m/nofp\libc_nano.a(libc_a-lseekr.o)
 .debug_frame   0x0000000000002308       0x2c C:/ST/STM32CubeCLT/GNU-tools-for-STM32/bin/../lib/gcc/arm-none-eabi/11.3.1/../../../../arm-none-eabi/lib/thumb/v7-m/nofp\libc_nano.a(libc_a-readr.o)
 .debug_frame   0x0000000000002334       0x2c C:/ST/STM32CubeCLT/GNU-tools-for-STM32/bin/../lib/gcc/arm-none-eabi/11.3.1/../../../../arm-none-eabi/lib/thumb/v7-m/nofp\libc_nano.a(libc_a-writer.o)
 .debug_frame   0x0000000000002360       0x2c C:/ST/STM32CubeCLT/GNU-tools-for-STM32/bin/../lib/gcc/arm-none-eabi/11.3.1/../../../../arm-none-eabi/lib/thumb/v7-m/nofp\libc_nano.a(libc_a-init.o)
 .debug_frame   0x000000000000238c       0xb0 C:/ST/STM32CubeCLT/GNU-tools-for-STM32/bin/../lib/gcc/arm-none-eabi/11.3.1/../../../../arm-none-eabi/lib/thumb/v7-m/nofp\libc_nano.a(libc_a-lock.o)
 .debug_frame   0x000000000000243c       0x38 C:/ST/STM32CubeCLT/GNU-tools-for-STM32/bin/../lib/gcc/arm-none-eabi/11.3.1/../../../../arm-none-eabi/lib/thumb/v7-m/nofp\libc_nano.a(libc_a-freer.o)
 .debug_frame   0x0000000000002474       0x50 C:/ST/STM32CubeCLT/GNU-tools-for-STM32/bin/../lib/gcc/arm-none-eabi/11.3.1/../../../../arm-none-eabi/lib/thumb/v7-m/nofp\libc_nano.a(libc_a-mallocr.o)
 .debug_frame   0x00000000000024c4       0x30 C:/ST/STM32CubeCLT/GNU-tools-for-STM32/bin/../lib/gcc/arm-none-eabi/11.3.1/../../../../arm-none-eabi/lib/thumb/v7-m/nofp\libc_nano.a(libc_a-mlock.o)
 .debug_frame   0x00000000000024f4       0x5c C:/ST/STM32CubeCLT/GNU-tools-for-STM32/bin/../lib/gcc/arm-none-eabi/11.3.1/../../../../arm-none-eabi/lib/thumb/v7-m/nofp\libc_nano.a(libc_a-fflush.o)
 .debug_frame   0x0000000000002550       0x58 C:/ST/STM32CubeCLT/GNU-tools-for-STM32/bin/../lib/gcc/arm-none-eabi/11.3.1/../../../../arm-none-eabi/lib/thumb/v7-m/nofp\libc_nano.a(libc_a-makebuf.o)
 .debug_frame   0x00000000000025a8       0x2c C:/ST/STM32CubeCLT/GNU-tools-for-STM32/bin/../lib/gcc/arm-none-eabi/11.3.1/../../../../arm-none-eabi/lib/thumb/v7-m/nofp\libc_nano.a(libc_a-fstatr.o)
 .debug_frame   0x00000000000025d4       0x2c C:/ST/STM32CubeCLT/GNU-tools-for-STM32/bin/../lib/gcc/arm-none-eabi/11.3.1/../../../../arm-none-eabi/lib/thumb/v7-m/nofp\libc_nano.a(libc_a-isattyr.o)
 .debug_frame   0x0000000000002600       0x2c C:/ST/STM32CubeCLT/GNU-tools-for-STM32/bin/../lib/gcc/arm-none-eabi/11.3.1/../../../../arm-none-eabi/lib/thumb/v7-m/nofp\libc_nano.a(libc_a-sbrkr.o)
 .debug_frame   0x000000000000262c       0x20 C:/ST/STM32CubeCLT/GNU-tools-for-STM32/bin/../lib/gcc/arm-none-eabi/11.3.1/../../../../arm-none-eabi/lib/thumb/v7-m/nofp\libnosys.a(close.o)
 .debug_frame   0x000000000000264c       0x20 C:/ST/STM32CubeCLT/GNU-tools-for-STM32/bin/../lib/gcc/arm-none-eabi/11.3.1/../../../../arm-none-eabi/lib/thumb/v7-m/nofp\libnosys.a(fstat.o)
 .debug_frame   0x000000000000266c       0x20 C:/ST/STM32CubeCLT/GNU-tools-for-STM32/bin/../lib/gcc/arm-none-eabi/11.3.1/../../../../arm-none-eabi/lib/thumb/v7-m/nofp\libnosys.a(isatty.o)
 .debug_frame   0x000000000000268c       0x20 C:/ST/STM32CubeCLT/GNU-tools-for-STM32/bin/../lib/gcc/arm-none-eabi/11.3.1/../../../../arm-none-eabi/lib/thumb/v7-m/nofp\libnosys.a(lseek.o)
 .debug_frame   0x00000000000026ac       0x20 C:/ST/STM32CubeCLT/GNU-tools-for-STM32/bin/../lib/gcc/arm-none-eabi/11.3.1/../../../../arm-none-eabi/lib/thumb/v7-m/nofp\libnosys.a(read.o)
 .debug_frame   0x00000000000026cc       0x20 C:/ST/STM32CubeCLT/GNU-tools-for-STM32/bin/../lib/gcc/arm-none-eabi/11.3.1/../../../../arm-none-eabi/lib/thumb/v7-m/nofp\libnosys.a(sbrk.o)
 .debug_frame   0x00000000000026ec       0x20 C:/ST/STM32CubeCLT/GNU-tools-for-STM32/bin/../lib/gcc/arm-none-eabi/11.3.1/../../../../arm-none-eabi/lib/thumb/v7-m/nofp\libnosys.a(write.o)
 .debug_frame   0x000000000000270c       0x2c C:/ST/STM32CubeCLT/GNU-tools-for-STM32/bin/../lib/gcc/arm-none-eabi/11.3.1/thumb/v7-m/nofp\libgcc.a(_aeabi_uldivmod.o)
 .debug_frame   0x0000000000002738       0x34 C:/ST/STM32CubeCLT/GNU-tools-for-STM32/bin/../lib/gcc/arm-none-eabi/11.3.1/thumb/v7-m/nofp\libgcc.a(_udivmoddi4.o)

Cross Reference Table

Symbol                                            File
ADC1_IRQHandler                                   build/stm32l1xx_it.o
ADC_ConversionStop_Disable                        build/stm32l1xx_hal_adc.o
                                                  build/stm32l1xx_hal_adc_ex.o
ADC_Enable                                        build/stm32l1xx_hal_adc.o
                                                  build/stm32l1xx_hal_adc_ex.o
AHBPrescTable                                     build/system_stm32l1xx.o
                                                  build/stm32l1xx_hal_rcc.o
APBPrescTable                                     build/system_stm32l1xx.o
                                                  build/stm32l1xx_hal_rcc.o
BusFault_Handler                                  build/stm32l1xx_it.o
COMP_ACQ_IRQHandler                               build/startup_stm32l152xe.o
COMP_IRQHandler                                   build/startup_stm32l152xe.o
DAC_IRQHandler                                    build/startup_stm32l152xe.o
DMA1_Channel1_IRQHandler                          build/stm32l1xx_it.o
DMA1_Channel2_IRQHandler                          build/startup_stm32l152xe.o
DMA1_Channel3_IRQHandler                          build/startup_stm32l152xe.o
DMA1_Channel4_IRQHandler                          build/startup_stm32l152xe.o
DMA1_Channel5_IRQHandler                          build/startup_stm32l152xe.o
DMA1_Channel6_IRQHandler                          build/startup_stm32l152xe.o
DMA1_Channel7_IRQHandler                          build/startup_stm32l152xe.o
DMA2_Channel1_IRQHandler                          build/startup_stm32l152xe.o
DMA2_Channel2_IRQHandler                          build/startup_stm32l152xe.o
DMA2_Channel3_IRQHandler                          build/startup_stm32l152xe.o
DMA2_Channel4_IRQHandler                          build/startup_stm32l152xe.o
DMA2_Channel5_IRQHandler                          build/startup_stm32l152xe.o
DebugMon_Handler                                  build/stm32l1xx_it.o
Default_Handler                                   build/startup_stm32l152xe.o
EXTI0_IRQHandler                                  build/startup_stm32l152xe.o
EXTI15_10_IRQHandler                              build/stm32l1xx_it.o
EXTI1_IRQHandler                                  build/startup_stm32l152xe.o
EXTI2_IRQHandler                                  build/startup_stm32l152xe.o
EXTI3_IRQHandler                                  build/startup_stm32l152xe.o
EXTI4_IRQHandler                                  build/startup_stm32l152xe.o
EXTI9_5_IRQHandler                                build/stm32l1xx_it.o
Error_Handler                                     build/main.o
                                                  build/stm32l1xx_hal_msp.o
FLASH_IRQHandler                                  build/startup_stm32l152xe.o
FLASH_PageErase                                   build/stm32l1xx_hal_flash_ex.o
                                                  build/stm32l1xx_hal_flash.o
FLASH_WaitForLastOperation                        build/stm32l1xx_hal_flash.o
                                                  build/stm32l1xx_hal_flash_ex.o
HAL_ADCEx_InjectedConfigChannel                   build/stm32l1xx_hal_adc_ex.o
HAL_ADCEx_InjectedConvCpltCallback                build/stm32l1xx_hal_adc_ex.o
                                                  build/stm32l1xx_hal_adc.o
HAL_ADCEx_InjectedGetValue                        build/stm32l1xx_hal_adc_ex.o
HAL_ADCEx_InjectedPollForConversion               build/stm32l1xx_hal_adc_ex.o
HAL_ADCEx_InjectedStart                           build/stm32l1xx_hal_adc_ex.o
HAL_ADCEx_InjectedStart_IT                        build/stm32l1xx_hal_adc_ex.o
HAL_ADCEx_InjectedStop                            build/stm32l1xx_hal_adc_ex.o
HAL_ADCEx_InjectedStop_IT                         build/stm32l1xx_hal_adc_ex.o
HAL_ADC_AnalogWDGConfig                           build/stm32l1xx_hal_adc.o
HAL_ADC_ConfigChannel                             build/stm32l1xx_hal_adc.o
                                                  build/main.o
HAL_ADC_ConvCpltCallback                          build/stm32l1xx_hal_adc.o
HAL_ADC_ConvHalfCpltCallback                      build/stm32l1xx_hal_adc.o
HAL_ADC_DeInit                                    build/stm32l1xx_hal_adc.o
HAL_ADC_ErrorCallback                             build/stm32l1xx_hal_adc.o
HAL_ADC_GetError                                  build/stm32l1xx_hal_adc.o
HAL_ADC_GetState                                  build/stm32l1xx_hal_adc.o
HAL_ADC_GetValue                                  build/stm32l1xx_hal_adc.o
HAL_ADC_IRQHandler                                build/stm32l1xx_hal_adc.o
                                                  build/stm32l1xx_it.o
HAL_ADC_Init                                      build/stm32l1xx_hal_adc.o
                                                  build/main.o
HAL_ADC_LevelOutOfWindowCallback                  build/stm32l1xx_hal_adc.o
HAL_ADC_MspDeInit                                 build/stm32l1xx_hal_msp.o
HAL_ADC_MspInit                                   build/stm32l1xx_hal_msp.o
HAL_ADC_PollForConversion                         build/stm32l1xx_hal_adc.o
HAL_ADC_PollForEvent                              build/stm32l1xx_hal_adc.o
HAL_ADC_Start                                     build/stm32l1xx_hal_adc.o
HAL_ADC_Start_DMA                                 build/stm32l1xx_hal_adc.o
                                                  build/main.o
HAL_ADC_Start_IT                                  build/stm32l1xx_hal_adc.o
HAL_ADC_Stop                                      build/stm32l1xx_hal_adc.o
HAL_ADC_Stop_DMA                                  build/stm32l1xx_hal_adc.o
HAL_ADC_Stop_IT                                   build/stm32l1xx_hal_adc.o
HAL_DBGMCU_DisableDBGSleepMode                    build/stm32l1xx_hal.o
HAL_DBGMCU_DisableDBGStandbyMode                  build/stm32l1xx_hal.o
HAL_DBGMCU_DisableDBGStopMode                     build/stm32l1xx_hal.o
HAL_DBGMCU_EnableDBGSleepMode                     build/stm32l1xx_hal.o
HAL_DBGMCU_EnableDBGStandbyMode                   build/stm32l1xx_hal.o
HAL_DBGMCU_EnableDBGStopMode                      build/stm32l1xx_hal.o
HAL_DMA_Abort                                     build/stm32l1xx_hal_dma.o
                                                  build/stm32l1xx_hal_uart.o
                                                  build/stm32l1xx_hal_adc.o
HAL_DMA_Abort_IT                                  build/stm32l1xx_hal_dma.o
                                                  build/stm32l1xx_hal_uart.o
                                                  build/stm32l1xx_hal_tim.o
HAL_DMA_DeInit                                    build/stm32l1xx_hal_dma.o
                                                  build/stm32l1xx_hal_msp.o
HAL_DMA_GetError                                  build/stm32l1xx_hal_dma.o
                                                  build/stm32l1xx_hal_uart.o
HAL_DMA_GetState                                  build/stm32l1xx_hal_dma.o
HAL_DMA_IRQHandler                                build/stm32l1xx_hal_dma.o
                                                  build/stm32l1xx_it.o
HAL_DMA_Init                                      build/stm32l1xx_hal_dma.o
                                                  build/stm32l1xx_hal_msp.o
HAL_DMA_PollForTransfer                           build/stm32l1xx_hal_dma.o
HAL_DMA_RegisterCallback                          build/stm32l1xx_hal_dma.o
HAL_DMA_Start                                     build/stm32l1xx_hal_dma.o
HAL_DMA_Start_IT                                  build/stm32l1xx_hal_dma.o
                                                  build/stm32l1xx_hal_uart.o
                                                  build/stm32l1xx_hal_tim.o
                                                  build/stm32l1xx_hal_adc.o
HAL_DMA_UnRegisterCallback                        build/stm32l1xx_hal_dma.o
HAL_DeInit                                        build/stm32l1xx_hal.o
HAL_Delay                                         build/stm32l1xx_hal.o
HAL_EXTI_ClearConfigLine                          build/stm32l1xx_hal_exti.o
HAL_EXTI_ClearPending                             build/stm32l1xx_hal_exti.o
HAL_EXTI_GenerateSWI                              build/stm32l1xx_hal_exti.o
HAL_EXTI_GetConfigLine                            build/stm32l1xx_hal_exti.o
HAL_EXTI_GetHandle                                build/stm32l1xx_hal_exti.o
HAL_EXTI_GetPending                               build/stm32l1xx_hal_exti.o
HAL_EXTI_IRQHandler                               build/stm32l1xx_hal_exti.o
HAL_EXTI_RegisterCallback                         build/stm32l1xx_hal_exti.o
HAL_EXTI_SetConfigLine                            build/stm32l1xx_hal_exti.o
HAL_FLASHEx_AdvOBGetConfig                        build/stm32l1xx_hal_flash_ex.o
HAL_FLASHEx_AdvOBProgram                          build/stm32l1xx_hal_flash_ex.o
HAL_FLASHEx_DATAEEPROM_DisableFixedTimeProgram    build/stm32l1xx_hal_flash_ex.o
HAL_FLASHEx_DATAEEPROM_EnableFixedTimeProgram     build/stm32l1xx_hal_flash_ex.o
HAL_FLASHEx_DATAEEPROM_Erase                      build/stm32l1xx_hal_flash_ex.o
HAL_FLASHEx_DATAEEPROM_EraseDoubleWord            build/stm32l1xx_hal_flash_ramfunc.o
HAL_FLASHEx_DATAEEPROM_Lock                       build/stm32l1xx_hal_flash_ex.o
HAL_FLASHEx_DATAEEPROM_Program                    build/stm32l1xx_hal_flash_ex.o
HAL_FLASHEx_DATAEEPROM_ProgramDoubleWord          build/stm32l1xx_hal_flash_ramfunc.o
HAL_FLASHEx_DATAEEPROM_Unlock                     build/stm32l1xx_hal_flash_ex.o
HAL_FLASHEx_DisableRunPowerDown                   build/stm32l1xx_hal_flash_ramfunc.o
HAL_FLASHEx_EnableRunPowerDown                    build/stm32l1xx_hal_flash_ramfunc.o
HAL_FLASHEx_Erase                                 build/stm32l1xx_hal_flash_ex.o
HAL_FLASHEx_EraseParallelPage                     build/stm32l1xx_hal_flash_ramfunc.o
HAL_FLASHEx_Erase_IT                              build/stm32l1xx_hal_flash_ex.o
HAL_FLASHEx_GetError                              build/stm32l1xx_hal_flash_ramfunc.o
HAL_FLASHEx_HalfPageProgram                       build/stm32l1xx_hal_flash_ramfunc.o
HAL_FLASHEx_OBGetConfig                           build/stm32l1xx_hal_flash_ex.o
HAL_FLASHEx_OBProgram                             build/stm32l1xx_hal_flash_ex.o
HAL_FLASHEx_ProgramParallelHalfPage               build/stm32l1xx_hal_flash_ramfunc.o
HAL_FLASH_EndOfOperationCallback                  build/stm32l1xx_hal_flash.o
HAL_FLASH_GetError                                build/stm32l1xx_hal_flash.o
HAL_FLASH_IRQHandler                              build/stm32l1xx_hal_flash.o
HAL_FLASH_Lock                                    build/stm32l1xx_hal_flash.o
HAL_FLASH_OB_Launch                               build/stm32l1xx_hal_flash.o
HAL_FLASH_OB_Lock                                 build/stm32l1xx_hal_flash.o
HAL_FLASH_OB_Unlock                               build/stm32l1xx_hal_flash.o
HAL_FLASH_OperationErrorCallback                  build/stm32l1xx_hal_flash.o
HAL_FLASH_Program                                 build/stm32l1xx_hal_flash.o
HAL_FLASH_Program_IT                              build/stm32l1xx_hal_flash.o
HAL_FLASH_Unlock                                  build/stm32l1xx_hal_flash.o
HAL_GPIO_DeInit                                   build/stm32l1xx_hal_gpio.o
                                                  build/stm32l1xx_hal_msp.o
HAL_GPIO_EXTI_Callback                            build/main.o
HAL_GPIO_EXTI_IRQHandler                          build/stm32l1xx_hal_gpio.o
                                                  build/stm32l1xx_it.o
HAL_GPIO_Init                                     build/stm32l1xx_hal_gpio.o
                                                  build/stm32l1xx_hal_rcc.o
                                                  build/stm32l1xx_hal_msp.o
                                                  build/main.o
HAL_GPIO_LockPin                                  build/stm32l1xx_hal_gpio.o
HAL_GPIO_ReadPin                                  build/stm32l1xx_hal_gpio.o
HAL_GPIO_TogglePin                                build/stm32l1xx_hal_gpio.o
HAL_GPIO_WritePin                                 build/stm32l1xx_hal_gpio.o
                                                  build/main.o
HAL_GetDEVID                                      build/stm32l1xx_hal.o
HAL_GetHalVersion                                 build/stm32l1xx_hal.o
HAL_GetREVID                                      build/stm32l1xx_hal.o
HAL_GetTick                                       build/stm32l1xx_hal.o
                                                  build/stm32l1xx_hal_uart.o
                                                  build/stm32l1xx_hal_dma.o
                                                  build/stm32l1xx_hal_flash.o
                                                  build/stm32l1xx_hal_rcc_ex.o
                                                  build/stm32l1xx_hal_rcc.o
                                                  build/stm32l1xx_hal_adc_ex.o
                                                  build/stm32l1xx_hal_adc.o
                                                  build/main.o
HAL_GetTickFreq                                   build/stm32l1xx_hal.o
HAL_GetTickPrio                                   build/stm32l1xx_hal.o
HAL_GetUIDw0                                      build/stm32l1xx_hal.o
HAL_GetUIDw1                                      build/stm32l1xx_hal.o
HAL_GetUIDw2                                      build/stm32l1xx_hal.o
HAL_HalfDuplex_EnableReceiver                     build/stm32l1xx_hal_uart.o
HAL_HalfDuplex_EnableTransmitter                  build/stm32l1xx_hal_uart.o
HAL_HalfDuplex_Init                               build/stm32l1xx_hal_uart.o
HAL_IncTick                                       build/stm32l1xx_hal.o
                                                  build/stm32l1xx_it.o
HAL_Init                                          build/stm32l1xx_hal.o
                                                  build/main.o
HAL_InitTick                                      build/stm32l1xx_hal.o
                                                  build/stm32l1xx_hal_rcc.o
HAL_LIN_Init                                      build/stm32l1xx_hal_uart.o
HAL_LIN_SendBreak                                 build/stm32l1xx_hal_uart.o
HAL_MPU_ConfigRegion                              build/stm32l1xx_hal_cortex.o
HAL_MPU_Disable                                   build/stm32l1xx_hal_cortex.o
HAL_MPU_Enable                                    build/stm32l1xx_hal_cortex.o
HAL_MspDeInit                                     build/stm32l1xx_hal.o
HAL_MspInit                                       build/stm32l1xx_hal_msp.o
HAL_MultiProcessor_EnterMuteMode                  build/stm32l1xx_hal_uart.o
HAL_MultiProcessor_ExitMuteMode                   build/stm32l1xx_hal_uart.o
HAL_MultiProcessor_Init                           build/stm32l1xx_hal_uart.o
HAL_NVIC_ClearPendingIRQ                          build/stm32l1xx_hal_cortex.o
HAL_NVIC_DisableIRQ                               build/stm32l1xx_hal_cortex.o
                                                  build/stm32l1xx_hal_msp.o
HAL_NVIC_EnableIRQ                                build/stm32l1xx_hal_cortex.o
                                                  build/stm32l1xx_hal_msp.o
                                                  build/main.o
HAL_NVIC_GetActive                                build/stm32l1xx_hal_cortex.o
HAL_NVIC_GetPendingIRQ                            build/stm32l1xx_hal_cortex.o
HAL_NVIC_GetPriority                              build/stm32l1xx_hal_cortex.o
HAL_NVIC_GetPriorityGrouping                      build/stm32l1xx_hal_cortex.o
HAL_NVIC_SetPendingIRQ                            build/stm32l1xx_hal_cortex.o
HAL_NVIC_SetPriority                              build/stm32l1xx_hal_cortex.o
                                                  build/stm32l1xx_hal.o
                                                  build/stm32l1xx_hal_msp.o
                                                  build/main.o
HAL_NVIC_SetPriorityGrouping                      build/stm32l1xx_hal_cortex.o
                                                  build/stm32l1xx_hal.o
                                                  build/stm32l1xx_hal_msp.o
HAL_NVIC_SystemReset                              build/stm32l1xx_hal_cortex.o
HAL_PWREx_DisableFastWakeUp                       build/stm32l1xx_hal_pwr_ex.o
HAL_PWREx_DisableLowPowerRunMode                  build/stm32l1xx_hal_pwr_ex.o
HAL_PWREx_DisableUltraLowPower                    build/stm32l1xx_hal_pwr_ex.o
HAL_PWREx_EnableFastWakeUp                        build/stm32l1xx_hal_pwr_ex.o
HAL_PWREx_EnableLowPowerRunMode                   build/stm32l1xx_hal_pwr_ex.o
HAL_PWREx_EnableUltraLowPower                     build/stm32l1xx_hal_pwr_ex.o
HAL_PWREx_GetVoltageRange                         build/stm32l1xx_hal_pwr_ex.o
HAL_PWR_ConfigPVD                                 build/stm32l1xx_hal_pwr.o
HAL_PWR_DeInit                                    build/stm32l1xx_hal_pwr.o
HAL_PWR_DisableBkUpAccess                         build/stm32l1xx_hal_pwr.o
HAL_PWR_DisablePVD                                build/stm32l1xx_hal_pwr.o
HAL_PWR_DisableSEVOnPend                          build/stm32l1xx_hal_pwr.o
HAL_PWR_DisableSleepOnExit                        build/stm32l1xx_hal_pwr.o
HAL_PWR_DisableWakeUpPin                          build/stm32l1xx_hal_pwr.o
HAL_PWR_EnableBkUpAccess                          build/stm32l1xx_hal_pwr.o
HAL_PWR_EnablePVD                                 build/stm32l1xx_hal_pwr.o
HAL_PWR_EnableSEVOnPend                           build/stm32l1xx_hal_pwr.o
HAL_PWR_EnableSleepOnExit                         build/stm32l1xx_hal_pwr.o
HAL_PWR_EnableWakeUpPin                           build/stm32l1xx_hal_pwr.o
HAL_PWR_EnterSLEEPMode                            build/stm32l1xx_hal_pwr.o
HAL_PWR_EnterSTANDBYMode                          build/stm32l1xx_hal_pwr.o
HAL_PWR_EnterSTOPMode                             build/stm32l1xx_hal_pwr.o
HAL_PWR_PVDCallback                               build/stm32l1xx_hal_pwr.o
HAL_PWR_PVD_IRQHandler                            build/stm32l1xx_hal_pwr.o
HAL_RCCEx_DisableLSECSS                           build/stm32l1xx_hal_rcc_ex.o
HAL_RCCEx_EnableLSECSS                            build/stm32l1xx_hal_rcc_ex.o
HAL_RCCEx_EnableLSECSS_IT                         build/stm32l1xx_hal_rcc_ex.o
HAL_RCCEx_GetPeriphCLKConfig                      build/stm32l1xx_hal_rcc_ex.o
HAL_RCCEx_GetPeriphCLKFreq                        build/stm32l1xx_hal_rcc_ex.o
HAL_RCCEx_LSECSS_Callback                         build/stm32l1xx_hal_rcc_ex.o
HAL_RCCEx_LSECSS_IRQHandler                       build/stm32l1xx_hal_rcc_ex.o
HAL_RCCEx_PeriphCLKConfig                         build/stm32l1xx_hal_rcc_ex.o
HAL_RCC_CSSCallback                               build/stm32l1xx_hal_rcc.o
HAL_RCC_ClockConfig                               build/stm32l1xx_hal_rcc.o
                                                  build/main.o
HAL_RCC_DeInit                                    build/stm32l1xx_hal_rcc.o
HAL_RCC_DisableCSS                                build/stm32l1xx_hal_rcc.o
HAL_RCC_EnableCSS                                 build/stm32l1xx_hal_rcc.o
HAL_RCC_GetClockConfig                            build/stm32l1xx_hal_rcc.o
HAL_RCC_GetHCLKFreq                               build/stm32l1xx_hal_rcc.o
HAL_RCC_GetOscConfig                              build/stm32l1xx_hal_rcc.o
HAL_RCC_GetPCLK1Freq                              build/stm32l1xx_hal_rcc.o
                                                  build/stm32l1xx_hal_uart.o
HAL_RCC_GetPCLK2Freq                              build/stm32l1xx_hal_rcc.o
                                                  build/stm32l1xx_hal_uart.o
HAL_RCC_GetSysClockFreq                           build/stm32l1xx_hal_rcc.o
HAL_RCC_MCOConfig                                 build/stm32l1xx_hal_rcc.o
HAL_RCC_NMI_IRQHandler                            build/stm32l1xx_hal_rcc.o
HAL_RCC_OscConfig                                 build/stm32l1xx_hal_rcc.o
                                                  build/main.o
HAL_ResumeTick                                    build/stm32l1xx_hal.o
HAL_SYSTICK_CLKSourceConfig                       build/stm32l1xx_hal_cortex.o
HAL_SYSTICK_Callback                              build/stm32l1xx_hal_cortex.o
HAL_SYSTICK_Config                                build/stm32l1xx_hal_cortex.o
                                                  build/stm32l1xx_hal.o
HAL_SYSTICK_IRQHandler                            build/stm32l1xx_hal_cortex.o
HAL_SetTickFreq                                   build/stm32l1xx_hal.o
HAL_SuspendTick                                   build/stm32l1xx_hal.o
HAL_TIMEx_MasterConfigSynchronization             build/stm32l1xx_hal_tim_ex.o
                                                  build/main.o
HAL_TIMEx_RemapConfig                             build/stm32l1xx_hal_tim_ex.o
HAL_TIM_Base_DeInit                               build/stm32l1xx_hal_tim.o
HAL_TIM_Base_GetState                             build/stm32l1xx_hal_tim.o
HAL_TIM_Base_Init                                 build/stm32l1xx_hal_tim.o
                                                  build/main.o
HAL_TIM_Base_MspDeInit                            build/stm32l1xx_hal_msp.o
HAL_TIM_Base_MspInit                              build/stm32l1xx_hal_msp.o
HAL_TIM_Base_Start                                build/stm32l1xx_hal_tim.o
HAL_TIM_Base_Start_DMA                            build/stm32l1xx_hal_tim.o
HAL_TIM_Base_Start_IT                             build/stm32l1xx_hal_tim.o
                                                  build/main.o
HAL_TIM_Base_Stop                                 build/stm32l1xx_hal_tim.o
HAL_TIM_Base_Stop_DMA                             build/stm32l1xx_hal_tim.o
HAL_TIM_Base_Stop_IT                              build/stm32l1xx_hal_tim.o
HAL_TIM_ConfigClockSource                         build/stm32l1xx_hal_tim.o
                                                  build/main.o
HAL_TIM_ConfigOCrefClear                          build/stm32l1xx_hal_tim.o
HAL_TIM_ConfigTI1Input                            build/stm32l1xx_hal_tim.o
HAL_TIM_DMABurstState                             build/stm32l1xx_hal_tim.o
HAL_TIM_DMABurst_MultiReadStart                   build/stm32l1xx_hal_tim.o
HAL_TIM_DMABurst_MultiWriteStart                  build/stm32l1xx_hal_tim.o
HAL_TIM_DMABurst_ReadStart                        build/stm32l1xx_hal_tim.o
HAL_TIM_DMABurst_ReadStop                         build/stm32l1xx_hal_tim.o
HAL_TIM_DMABurst_WriteStart                       build/stm32l1xx_hal_tim.o
HAL_TIM_DMABurst_WriteStop                        build/stm32l1xx_hal_tim.o
HAL_TIM_Encoder_DeInit                            build/stm32l1xx_hal_tim.o
HAL_TIM_Encoder_GetState                          build/stm32l1xx_hal_tim.o
HAL_TIM_Encoder_Init                              build/stm32l1xx_hal_tim.o
HAL_TIM_Encoder_MspDeInit                         build/stm32l1xx_hal_tim.o
HAL_TIM_Encoder_MspInit                           build/stm32l1xx_hal_tim.o
HAL_TIM_Encoder_Start                             build/stm32l1xx_hal_tim.o
HAL_TIM_Encoder_Start_DMA                         build/stm32l1xx_hal_tim.o
HAL_TIM_Encoder_Start_IT                          build/stm32l1xx_hal_tim.o
HAL_TIM_Encoder_Stop                              build/stm32l1xx_hal_tim.o
HAL_TIM_Encoder_Stop_DMA                          build/stm32l1xx_hal_tim.o
HAL_TIM_Encoder_Stop_IT                           build/stm32l1xx_hal_tim.o
HAL_TIM_ErrorCallback                             build/stm32l1xx_hal_tim.o
HAL_TIM_GenerateEvent                             build/stm32l1xx_hal_tim.o
HAL_TIM_GetActiveChannel                          build/stm32l1xx_hal_tim.o
HAL_TIM_GetChannelState                           build/stm32l1xx_hal_tim.o